<?xml version="1.0"?>
<link_info>
   <banner>TI ARM Linker PC v5.2.2</banner>
   <copyright>Copyright (c) 1996-2015 Texas Instruments Incorporated</copyright>
   <link_time>0x55e37eac</link_time>
   <link_errors>0x0</link_errors>
   <output_file>MPU9150 Teapot Demo.out</output_file>
   <entry_point>
      <name>_c_int00</name>
      <address>0x53bd</address>
   </entry_point>
   <input_file_list>
      <input_file id="fl-2">
         <path>.\</path>
         <kind>object</kind>
         <file>main.obj</file>
         <name>main.obj</name>
      </input_file>
      <input_file id="fl-3">
         <path>.\</path>
         <kind>object</kind>
         <file>msp432_startup_ccs.obj</file>
         <name>msp432_startup_ccs.obj</name>
      </input_file>
      <input_file id="fl-4">
         <path>.\UART\</path>
         <kind>object</kind>
         <file>UART_A0.obj</file>
         <name>UART_A0.obj</name>
      </input_file>
      <input_file id="fl-5">
         <path>.\IMU\</path>
         <kind>object</kind>
         <file>I2Cdev.obj</file>
         <name>I2Cdev.obj</name>
      </input_file>
      <input_file id="fl-6">
         <path>.\IMU\</path>
         <kind>object</kind>
         <file>MPU6050.obj</file>
         <name>MPU6050.obj</name>
      </input_file>
      <input_file id="fl-12c">
         <path>C:\ti\ccsv6\tools\compiler\ti-cgt-arm_5.2.2\lib\</path>
         <kind>archive</kind>
         <file>rtsv7M4_T_le_v4SPD16_eabi.lib</file>
         <name>boot.obj</name>
      </input_file>
      <input_file id="fl-12d">
         <path>C:\ti\ccsv6\tools\compiler\ti-cgt-arm_5.2.2\lib\</path>
         <kind>archive</kind>
         <file>rtsv7M4_T_le_v4SPD16_eabi.lib</file>
         <name>copy_decompress_none.obj</name>
      </input_file>
      <input_file id="fl-12e">
         <path>C:\ti\ccsv6\tools\compiler\ti-cgt-arm_5.2.2\lib\</path>
         <kind>archive</kind>
         <file>rtsv7M4_T_le_v4SPD16_eabi.lib</file>
         <name>copy_decompress_rle.obj</name>
      </input_file>
      <input_file id="fl-12f">
         <path>C:\ti\ccsv6\tools\compiler\ti-cgt-arm_5.2.2\lib\</path>
         <kind>archive</kind>
         <file>rtsv7M4_T_le_v4SPD16_eabi.lib</file>
         <name>copy_zero_init.obj</name>
      </input_file>
      <input_file id="fl-130">
         <path>C:\ti\ccsv6\tools\compiler\ti-cgt-arm_5.2.2\lib\</path>
         <kind>archive</kind>
         <file>rtsv7M4_T_le_v4SPD16_eabi.lib</file>
         <name>exit.obj</name>
      </input_file>
      <input_file id="fl-131">
         <path>C:\ti\ccsv6\tools\compiler\ti-cgt-arm_5.2.2\lib\</path>
         <kind>archive</kind>
         <file>rtsv7M4_T_le_v4SPD16_eabi.lib</file>
         <name>memcmp.obj</name>
      </input_file>
      <input_file id="fl-132">
         <path>C:\ti\ccsv6\tools\compiler\ti-cgt-arm_5.2.2\lib\</path>
         <kind>archive</kind>
         <file>rtsv7M4_T_le_v4SPD16_eabi.lib</file>
         <name>memcpy_t2.obj</name>
      </input_file>
      <input_file id="fl-133">
         <path>C:\ti\ccsv6\tools\compiler\ti-cgt-arm_5.2.2\lib\</path>
         <kind>archive</kind>
         <file>rtsv7M4_T_le_v4SPD16_eabi.lib</file>
         <name>memory.obj</name>
      </input_file>
      <input_file id="fl-134">
         <path>C:\ti\ccsv6\tools\compiler\ti-cgt-arm_5.2.2\lib\</path>
         <kind>archive</kind>
         <file>rtsv7M4_T_le_v4SPD16_eabi.lib</file>
         <name>memset_t2.obj</name>
      </input_file>
      <input_file id="fl-135">
         <path>C:\ti\ccsv6\tools\compiler\ti-cgt-arm_5.2.2\lib\</path>
         <kind>archive</kind>
         <file>rtsv7M4_T_le_v4SPD16_eabi.lib</file>
         <name>pre_init.obj</name>
      </input_file>
      <input_file id="fl-136">
         <path>C:\ti\ccsv6\tools\compiler\ti-cgt-arm_5.2.2\lib\</path>
         <kind>archive</kind>
         <file>rtsv7M4_T_le_v4SPD16_eabi.lib</file>
         <name>sprintf.obj</name>
      </input_file>
      <input_file id="fl-137">
         <path>C:\ti\ccsv6\tools\compiler\ti-cgt-arm_5.2.2\lib\</path>
         <kind>archive</kind>
         <file>rtsv7M4_T_le_v4SPD16_eabi.lib</file>
         <name>stkdepth_vars.obj</name>
      </input_file>
      <input_file id="fl-138">
         <path>C:\ti\ccsv6\tools\compiler\ti-cgt-arm_5.2.2\lib\</path>
         <kind>archive</kind>
         <file>rtsv7M4_T_le_v4SPD16_eabi.lib</file>
         <name>_lock.obj</name>
      </input_file>
      <input_file id="fl-139">
         <path>C:\ti\ccsv6\tools\compiler\ti-cgt-arm_5.2.2\lib\</path>
         <kind>archive</kind>
         <file>rtsv7M4_T_le_v4SPD16_eabi.lib</file>
         <name>_printfi.obj</name>
      </input_file>
      <input_file id="fl-13a">
         <path>C:\ti\ccsv6\tools\compiler\ti-cgt-arm_5.2.2\lib\</path>
         <kind>archive</kind>
         <file>rtsv7M4_T_le_v4SPD16_eabi.lib</file>
         <name>args_main.obj</name>
      </input_file>
      <input_file id="fl-13b">
         <path>C:\ti\ccsv6\tools\compiler\ti-cgt-arm_5.2.2\lib\</path>
         <kind>archive</kind>
         <file>rtsv7M4_T_le_v4SPD16_eabi.lib</file>
         <name>atoi.obj</name>
      </input_file>
      <input_file id="fl-13c">
         <path>C:\ti\ccsv6\tools\compiler\ti-cgt-arm_5.2.2\lib\</path>
         <kind>archive</kind>
         <file>rtsv7M4_T_le_v4SPD16_eabi.lib</file>
         <name>autoinit.obj</name>
      </input_file>
      <input_file id="fl-13d">
         <path>C:\ti\ccsv6\tools\compiler\ti-cgt-arm_5.2.2\lib\</path>
         <kind>archive</kind>
         <file>rtsv7M4_T_le_v4SPD16_eabi.lib</file>
         <name>cpy_tbl.obj</name>
      </input_file>
      <input_file id="fl-13e">
         <path>C:\ti\ccsv6\tools\compiler\ti-cgt-arm_5.2.2\lib\</path>
         <kind>archive</kind>
         <file>rtsv7M4_T_le_v4SPD16_eabi.lib</file>
         <name>ctype.obj</name>
      </input_file>
      <input_file id="fl-13f">
         <path>C:\ti\ccsv6\tools\compiler\ti-cgt-arm_5.2.2\lib\</path>
         <kind>archive</kind>
         <file>rtsv7M4_T_le_v4SPD16_eabi.lib</file>
         <name>fd_add_t2.obj</name>
      </input_file>
      <input_file id="fl-140">
         <path>C:\ti\ccsv6\tools\compiler\ti-cgt-arm_5.2.2\lib\</path>
         <kind>archive</kind>
         <file>rtsv7M4_T_le_v4SPD16_eabi.lib</file>
         <name>fd_cmp_t2.obj</name>
      </input_file>
      <input_file id="fl-141">
         <path>C:\ti\ccsv6\tools\compiler\ti-cgt-arm_5.2.2\lib\</path>
         <kind>archive</kind>
         <file>rtsv7M4_T_le_v4SPD16_eabi.lib</file>
         <name>fd_div_t2.obj</name>
      </input_file>
      <input_file id="fl-142">
         <path>C:\ti\ccsv6\tools\compiler\ti-cgt-arm_5.2.2\lib\</path>
         <kind>archive</kind>
         <file>rtsv7M4_T_le_v4SPD16_eabi.lib</file>
         <name>fd_mul_t2.obj</name>
      </input_file>
      <input_file id="fl-143">
         <path>C:\ti\ccsv6\tools\compiler\ti-cgt-arm_5.2.2\lib\</path>
         <kind>archive</kind>
         <file>rtsv7M4_T_le_v4SPD16_eabi.lib</file>
         <name>fd_toi_t2.obj</name>
      </input_file>
      <input_file id="fl-144">
         <path>C:\ti\ccsv6\tools\compiler\ti-cgt-arm_5.2.2\lib\</path>
         <kind>archive</kind>
         <file>rtsv7M4_T_le_v4SPD16_eabi.lib</file>
         <name>frexp.obj</name>
      </input_file>
      <input_file id="fl-145">
         <path>C:\ti\ccsv6\tools\compiler\ti-cgt-arm_5.2.2\lib\</path>
         <kind>archive</kind>
         <file>rtsv7M4_T_le_v4SPD16_eabi.lib</file>
         <name>i_tofd_t2.obj</name>
      </input_file>
      <input_file id="fl-146">
         <path>C:\ti\ccsv6\tools\compiler\ti-cgt-arm_5.2.2\lib\</path>
         <kind>archive</kind>
         <file>rtsv7M4_T_le_v4SPD16_eabi.lib</file>
         <name>ldexp.obj</name>
      </input_file>
      <input_file id="fl-147">
         <path>C:\ti\ccsv6\tools\compiler\ti-cgt-arm_5.2.2\lib\</path>
         <kind>archive</kind>
         <file>rtsv7M4_T_le_v4SPD16_eabi.lib</file>
         <name>ltoa.obj</name>
      </input_file>
      <input_file id="fl-148">
         <path>C:\ti\ccsv6\tools\compiler\ti-cgt-arm_5.2.2\lib\</path>
         <kind>archive</kind>
         <file>rtsv7M4_T_le_v4SPD16_eabi.lib</file>
         <name>memccpy.obj</name>
      </input_file>
      <input_file id="fl-149">
         <path>C:\ti\ccsv6\tools\compiler\ti-cgt-arm_5.2.2\lib\</path>
         <kind>archive</kind>
         <file>rtsv7M4_T_le_v4SPD16_eabi.lib</file>
         <name>strchr.obj</name>
      </input_file>
      <input_file id="fl-14a">
         <path>C:\ti\ccsv6\tools\compiler\ti-cgt-arm_5.2.2\lib\</path>
         <kind>archive</kind>
         <file>rtsv7M4_T_le_v4SPD16_eabi.lib</file>
         <name>strlen.obj</name>
      </input_file>
      <input_file id="fl-14b">
         <path>C:\ti\ccsv6\tools\compiler\ti-cgt-arm_5.2.2\lib\</path>
         <kind>archive</kind>
         <file>rtsv7M4_T_le_v4SPD16_eabi.lib</file>
         <name>ull_div_t2.obj</name>
      </input_file>
      <input_file id="fl-14c">
         <path>C:\ti\ccsv6\tools\compiler\ti-cgt-arm_5.2.2\lib\</path>
         <kind>archive</kind>
         <file>rtsv7M4_T_le_v4SPD16_eabi.lib</file>
         <name>xdclass.obj</name>
      </input_file>
      <input_file id="fl-14d">
         <path>C:\ti\ccsv6\tools\compiler\ti-cgt-arm_5.2.2\lib\</path>
         <kind>archive</kind>
         <file>rtsv7M4_T_le_v4SPD16_eabi.lib</file>
         <name>xdscale.obj</name>
      </input_file>
      <input_file id="fl-14e">
         <path>C:\ti\ccsv6\tools\compiler\ti-cgt-arm_5.2.2\lib\</path>
         <kind>archive</kind>
         <file>rtsv7M4_T_le_v4SPD16_eabi.lib</file>
         <name>xdunscal.obj</name>
      </input_file>
      <input_file id="fl-14f">
         <path>C:\ti\ccsv6\tools\compiler\ti-cgt-arm_5.2.2\lib\</path>
         <kind>archive</kind>
         <file>rtsv7M4_T_le_v4SPD16_eabi.lib</file>
         <name>xferaise.obj</name>
      </input_file>
      <input_file id="fl-150">
         <path>C:\ti\ccsv6\tools\compiler\ti-cgt-arm_5.2.2\lib\</path>
         <kind>archive</kind>
         <file>rtsv7M4_T_le_v4SPD16_eabi.lib</file>
         <name>xvalues.obj</name>
      </input_file>
      <input_file id="fl-151">
         <path>C:\ti\ccsv6\tools\compiler\ti-cgt-arm_5.2.2\lib\</path>
         <kind>archive</kind>
         <file>rtsv7M4_T_le_v4SPD16_eabi.lib</file>
         <name>errno.obj</name>
      </input_file>
      <input_file id="fl-152">
         <path>C:\ti\ccsv6\tools\compiler\ti-cgt-arm_5.2.2\lib\</path>
         <kind>archive</kind>
         <file>rtsv7M4_T_le_v4SPD16_eabi.lib</file>
         <name>feraiseexcept.obj</name>
      </input_file>
      <input_file id="fl-153">
         <path>C:\ti\ccsv6\tools\compiler\ti-cgt-arm_5.2.2\lib\</path>
         <kind>archive</kind>
         <file>rtsv7M4_T_le_v4SPD16_eabi.lib</file>
         <name>raise.obj</name>
      </input_file>
      <input_file id="fl-154">
         <path>C:\ti\ccsv6\tools\compiler\ti-cgt-arm_5.2.2\lib\</path>
         <kind>archive</kind>
         <file>rtsv7M4_T_le_v4SPD16_eabi.lib</file>
         <name>signal.obj</name>
      </input_file>
      <input_file id="fl-155">
         <path>C:\ti\ccsv6\tools\compiler\ti-cgt-arm_5.2.2\lib\</path>
         <kind>archive</kind>
         <file>rtsv7M4_T_le_v4SPD16_eabi.lib</file>
         <name>xdnorm.obj</name>
      </input_file>
   </input_file_list>
   <object_component_list>
      <object_component id="oc-10">
         <name>.intvecs</name>
         <load_address>0x0</load_address>
         <run_address>0x0</run_address>
         <size>0x144</size>
         <input_file_ref idref="fl-3"/>
      </object_component>
      <object_component id="oc-ba">
         <name>.text</name>
         <load_address>0x144</load_address>
         <run_address>0x144</run_address>
         <size>0x2770</size>
         <input_file_ref idref="fl-6"/>
      </object_component>
      <object_component id="oc-134">
         <name>.text</name>
         <load_address>0x28b4</load_address>
         <run_address>0x28b4</run_address>
         <size>0x10ba</size>
         <input_file_ref idref="fl-139"/>
      </object_component>
      <object_component id="oc-b4">
         <name>.text</name>
         <load_address>0x3970</load_address>
         <run_address>0x3970</run_address>
         <size>0x798</size>
         <input_file_ref idref="fl-5"/>
      </object_component>
      <object_component id="oc-120">
         <name>.text</name>
         <load_address>0x4108</load_address>
         <run_address>0x4108</run_address>
         <size>0x3dc</size>
         <input_file_ref idref="fl-133"/>
      </object_component>
      <object_component id="oc-79">
         <name>.text</name>
         <load_address>0x44e4</load_address>
         <run_address>0x44e4</run_address>
         <size>0x218</size>
         <input_file_ref idref="fl-2"/>
      </object_component>
      <object_component id="oc-17e">
         <name>.text</name>
         <load_address>0x46fc</load_address>
         <run_address>0x46fc</run_address>
         <size>0x1f4</size>
         <input_file_ref idref="fl-14b"/>
      </object_component>
      <object_component id="oc-1ad">
         <name>.text</name>
         <load_address>0x48f0</load_address>
         <run_address>0x48f0</run_address>
         <size>0x1b6</size>
         <input_file_ref idref="fl-13f"/>
      </object_component>
      <object_component id="oc-193">
         <name>.text</name>
         <load_address>0x4aa6</load_address>
         <run_address>0x4aa6</run_address>
         <size>0x136</size>
         <input_file_ref idref="fl-141"/>
      </object_component>
      <object_component id="oc-203">
         <name>.text</name>
         <load_address>0x4bdc</load_address>
         <run_address>0x4bdc</run_address>
         <size>0x110</size>
         <input_file_ref idref="fl-14d"/>
      </object_component>
      <object_component id="oc-18e">
         <name>.text</name>
         <load_address>0x4cec</load_address>
         <run_address>0x4cec</run_address>
         <size>0xfc</size>
         <input_file_ref idref="fl-142"/>
      </object_component>
      <object_component id="oc-227">
         <name>.text</name>
         <load_address>0x4de8</load_address>
         <run_address>0x4de8</run_address>
         <size>0xbe</size>
         <input_file_ref idref="fl-155"/>
      </object_component>
      <object_component id="oc-c6">
         <name>.text</name>
         <load_address>0x4ea8</load_address>
         <run_address>0x4ea8</run_address>
         <size>0xac</size>
         <input_file_ref idref="fl-4"/>
      </object_component>
      <object_component id="oc-38">
         <name>.text</name>
         <load_address>0x4f54</load_address>
         <run_address>0x4f54</run_address>
         <size>0x9c</size>
         <input_file_ref idref="fl-132"/>
      </object_component>
      <object_component id="oc-189">
         <name>.text:__aeabi_cdcmple</name>
         <load_address>0x4ff0</load_address>
         <run_address>0x4ff0</run_address>
         <size>0x86</size>
         <input_file_ref idref="fl-140"/>
      </object_component>
      <object_component id="oc-198">
         <name>.text:__aeabi_cdrcmple</name>
         <load_address>0x5076</load_address>
         <run_address>0x5076</run_address>
         <size>0x86</size>
         <input_file_ref idref="fl-140"/>
      </object_component>
      <object_component id="oc-51">
         <name>.text</name>
         <load_address>0x50fc</load_address>
         <run_address>0x50fc</run_address>
         <size>0x7a</size>
         <input_file_ref idref="fl-134"/>
      </object_component>
      <object_component id="oc-63">
         <name>.text</name>
         <load_address>0x5178</load_address>
         <run_address>0x5178</run_address>
         <size>0x6c</size>
         <input_file_ref idref="fl-13c"/>
      </object_component>
      <object_component id="oc-44">
         <name>.text</name>
         <load_address>0x51e4</load_address>
         <run_address>0x51e4</run_address>
         <size>0x6a</size>
         <input_file_ref idref="fl-12e"/>
      </object_component>
      <object_component id="oc-1fb">
         <name>.text</name>
         <load_address>0x524e</load_address>
         <run_address>0x524e</run_address>
         <size>0x66</size>
         <input_file_ref idref="fl-14e"/>
      </object_component>
      <object_component id="oc-c0">
         <name>.text</name>
         <load_address>0x52b4</load_address>
         <run_address>0x52b4</run_address>
         <size>0x60</size>
         <input_file_ref idref="fl-136"/>
      </object_component>
      <object_component id="oc-1a2">
         <name>.text</name>
         <load_address>0x5314</load_address>
         <run_address>0x5314</run_address>
         <size>0x56</size>
         <input_file_ref idref="fl-147"/>
      </object_component>
      <object_component id="oc-1b8">
         <name>.text</name>
         <load_address>0x536a</load_address>
         <run_address>0x536a</run_address>
         <size>0x52</size>
         <input_file_ref idref="fl-146"/>
      </object_component>
      <object_component id="oc-25">
         <name>.text</name>
         <load_address>0x53bc</load_address>
         <run_address>0x53bc</run_address>
         <size>0x50</size>
         <input_file_ref idref="fl-12c"/>
      </object_component>
      <object_component id="oc-1d0">
         <name>.text</name>
         <load_address>0x540c</load_address>
         <run_address>0x540c</run_address>
         <size>0x4c</size>
         <input_file_ref idref="fl-13b"/>
      </object_component>
      <object_component id="oc-9f">
         <name>.text</name>
         <load_address>0x5458</load_address>
         <run_address>0x5458</run_address>
         <size>0x4c</size>
         <input_file_ref idref="fl-13d"/>
      </object_component>
      <object_component id="oc-19d">
         <name>.text</name>
         <load_address>0x54a4</load_address>
         <run_address>0x54a4</run_address>
         <size>0x48</size>
         <input_file_ref idref="fl-143"/>
      </object_component>
      <object_component id="oc-6f">
         <name>.text</name>
         <load_address>0x54ec</load_address>
         <run_address>0x54ec</run_address>
         <size>0x44</size>
         <input_file_ref idref="fl-130"/>
      </object_component>
      <object_component id="oc-26a">
         <name>.text</name>
         <load_address>0x5530</load_address>
         <run_address>0x5530</run_address>
         <size>0x40</size>
         <input_file_ref idref="fl-154"/>
      </object_component>
      <object_component id="oc-236">
         <name>.text</name>
         <load_address>0x5570</load_address>
         <run_address>0x5570</run_address>
         <size>0x34</size>
         <input_file_ref idref="fl-152"/>
      </object_component>
      <object_component id="oc-1c4">
         <name>.text</name>
         <load_address>0x55a4</load_address>
         <run_address>0x55a4</run_address>
         <size>0x30</size>
         <input_file_ref idref="fl-14c"/>
      </object_component>
      <object_component id="oc-209">
         <name>.text</name>
         <load_address>0x55d4</load_address>
         <run_address>0x55d4</run_address>
         <size>0x30</size>
         <input_file_ref idref="fl-14f"/>
      </object_component>
      <object_component id="oc-1a8">
         <name>.text</name>
         <load_address>0x5604</load_address>
         <run_address>0x5604</run_address>
         <size>0x2e</size>
         <input_file_ref idref="fl-145"/>
      </object_component>
      <object_component id="oc-25a">
         <name>.text</name>
         <load_address>0x5632</load_address>
         <run_address>0x5632</run_address>
         <size>0x2e</size>
         <input_file_ref idref="fl-153"/>
      </object_component>
      <object_component id="oc-1b2">
         <name>.text</name>
         <load_address>0x5660</load_address>
         <run_address>0x5660</run_address>
         <size>0x2a</size>
         <input_file_ref idref="fl-144"/>
      </object_component>
      <object_component id="oc-126">
         <name>.text</name>
         <load_address>0x568a</load_address>
         <run_address>0x568a</run_address>
         <size>0x22</size>
         <input_file_ref idref="fl-131"/>
      </object_component>
      <object_component id="oc-1ca">
         <name>.text</name>
         <load_address>0x56ac</load_address>
         <run_address>0x56ac</run_address>
         <size>0x1c</size>
         <input_file_ref idref="fl-148"/>
      </object_component>
      <object_component id="oc-69">
         <name>.text</name>
         <load_address>0x56c8</load_address>
         <run_address>0x56c8</run_address>
         <size>0x18</size>
         <input_file_ref idref="fl-13a"/>
      </object_component>
      <object_component id="oc-1be">
         <name>.text</name>
         <load_address>0x56e0</load_address>
         <run_address>0x56e0</run_address>
         <size>0x16</size>
         <input_file_ref idref="fl-149"/>
      </object_component>
      <object_component id="oc-102">
         <name>.text</name>
         <load_address>0x56f8</load_address>
         <run_address>0x56f8</run_address>
         <size>0x14</size>
         <input_file_ref idref="fl-138"/>
      </object_component>
      <object_component id="oc-183">
         <name>.text</name>
         <load_address>0x570c</load_address>
         <run_address>0x570c</run_address>
         <size>0x14</size>
         <input_file_ref idref="fl-14a"/>
      </object_component>
      <object_component id="oc-13">
         <name>.text:decompress:none</name>
         <load_address>0x5720</load_address>
         <run_address>0x5720</run_address>
         <size>0xe</size>
         <input_file_ref idref="fl-12d"/>
      </object_component>
      <object_component id="oc-1f">
         <name>.text:decompress:ZI</name>
         <load_address>0x572e</load_address>
         <run_address>0x572e</run_address>
         <size>0xc</size>
         <input_file_ref idref="fl-12f"/>
      </object_component>
      <object_component id="oc-2f">
         <name>.text</name>
         <load_address>0x573a</load_address>
         <run_address>0x573a</run_address>
         <size>0xc</size>
         <input_file_ref idref="fl-3"/>
      </object_component>
      <object_component id="oc-19">
         <name>.text:decompress:rle24</name>
         <load_address>0x5746</load_address>
         <run_address>0x5746</run_address>
         <size>0x6</size>
         <input_file_ref idref="fl-12e"/>
      </object_component>
      <object_component id="oc-5d">
         <name>.text</name>
         <load_address>0x574c</load_address>
         <run_address>0x574c</run_address>
         <size>0x4</size>
         <input_file_ref idref="fl-135"/>
      </object_component>
      <object_component id="oc-217">
         <name>.const:.string:_ctypes_</name>
         <load_address>0x5750</load_address>
         <run_address>0x5750</run_address>
         <size>0x101</size>
         <input_file_ref idref="fl-13e"/>
      </object_component>
      <object_component id="oc-2b2">
         <name>.cinit..data.load</name>
         <load_address>0x5858</load_address>
         <run_address>0x5858</run_address>
         <size>0x4c</size>
      </object_component>
      <object_component id="oc-2b0">
         <name>__TI_handler_table</name>
         <load_address>0x58a4</load_address>
         <run_address>0x58a4</run_address>
         <size>0xc</size>
      </object_component>
      <object_component id="oc-2b3">
         <name>.cinit..bss.load</name>
         <load_address>0x58b0</load_address>
         <run_address>0x58b0</run_address>
         <size>0x8</size>
      </object_component>
      <object_component id="oc-2b1">
         <name>__TI_cinit_table</name>
         <load_address>0x58b8</load_address>
         <run_address>0x58b8</run_address>
         <size>0x10</size>
      </object_component>
      <object_component id="oc-2c">
         <name>.sysmem</name>
         <uninitialized>true</uninitialized>
         <run_address>0x20000000</run_address>
         <size>0x8</size>
         <input_file_ref idref="fl-133"/>
      </object_component>
      <object_component id="oc-2b5">
         <name>.sysmem</name>
         <uninitialized>true</uninitialized>
         <run_address>0x20000000</run_address>
         <size>0x0</size>
      </object_component>
      <object_component id="oc-2b">
         <name>.stack</name>
         <uninitialized>true</uninitialized>
         <run_address>0x2000fe00</run_address>
         <size>0x0</size>
         <input_file_ref idref="fl-12c"/>
      </object_component>
      <object_component id="oc-2b4">
         <name>.stack</name>
         <uninitialized>true</uninitialized>
         <run_address>0x2000fe00</run_address>
         <size>0x0</size>
      </object_component>
      <object_component id="oc-d2">
         <name>.bss</name>
         <uninitialized>true</uninitialized>
         <run_address>0x20000592</run_address>
         <size>0x11</size>
         <input_file_ref idref="fl-2"/>
      </object_component>
      <object_component id="oc-d8">
         <name>.bss:debugOutput</name>
         <uninitialized>true</uninitialized>
         <run_address>0x2000055e</run_address>
         <size>0x34</size>
         <input_file_ref idref="fl-2"/>
      </object_component>
      <object_component id="oc-d5">
         <name>.common:ax</name>
         <uninitialized>true</uninitialized>
         <run_address>0x200005a4</run_address>
         <size>0x2</size>
      </object_component>
      <object_component id="oc-d6">
         <name>.common:ay</name>
         <uninitialized>true</uninitialized>
         <run_address>0x200005a6</run_address>
         <size>0x2</size>
      </object_component>
      <object_component id="oc-d7">
         <name>.common:az</name>
         <uninitialized>true</uninitialized>
         <run_address>0x200005a8</run_address>
         <size>0x2</size>
      </object_component>
      <object_component id="oc-cc">
         <name>.common:gx</name>
         <uninitialized>true</uninitialized>
         <run_address>0x200005aa</run_address>
         <size>0x2</size>
      </object_component>
      <object_component id="oc-d0">
         <name>.common:gy</name>
         <uninitialized>true</uninitialized>
         <run_address>0x200005ac</run_address>
         <size>0x2</size>
      </object_component>
      <object_component id="oc-d1">
         <name>.common:gz</name>
         <uninitialized>true</uninitialized>
         <run_address>0x200005ae</run_address>
         <size>0x2</size>
      </object_component>
      <object_component id="oc-110">
         <name>.data</name>
         <load_address>0x2000055c</load_address>
         <run_address>0x2000055c</run_address>
         <size>0x2</size>
         <input_file_ref idref="fl-5"/>
      </object_component>
      <object_component id="oc-ac">
         <name>.data</name>
         <load_address>0x20000544</load_address>
         <run_address>0x20000544</run_address>
         <size>0x8</size>
         <input_file_ref idref="fl-130"/>
      </object_component>
      <object_component id="oc-176">
         <name>.data</name>
         <load_address>0x20000530</load_address>
         <run_address>0x20000530</run_address>
         <size>0xc</size>
         <input_file_ref idref="fl-133"/>
      </object_component>
      <object_component id="oc-75">
         <name>.data</name>
         <load_address>0x20000558</load_address>
         <run_address>0x20000558</run_address>
         <size>0x4</size>
         <input_file_ref idref="fl-137"/>
      </object_component>
      <object_component id="oc-a9">
         <name>.data</name>
         <load_address>0x2000053c</load_address>
         <run_address>0x2000053c</run_address>
         <size>0x8</size>
         <input_file_ref idref="fl-138"/>
      </object_component>
      <object_component id="oc-231">
         <name>.data</name>
         <load_address>0x200004b0</load_address>
         <run_address>0x200004b0</run_address>
         <size>0x80</size>
         <input_file_ref idref="fl-150"/>
      </object_component>
      <object_component id="oc-23c">
         <name>.data</name>
         <load_address>0x20000554</load_address>
         <run_address>0x20000554</run_address>
         <size>0x4</size>
         <input_file_ref idref="fl-151"/>
      </object_component>
      <object_component id="oc-260">
         <name>.data</name>
         <load_address>0x2000054c</load_address>
         <run_address>0x2000054c</run_address>
         <size>0x8</size>
         <input_file_ref idref="fl-152"/>
      </object_component>
      <object_component id="oc-27b">
         <name>.data:sigtable</name>
         <load_address>0x20000400</load_address>
         <run_address>0x20000400</run_address>
         <size>0xb0</size>
         <input_file_ref idref="fl-154"/>
      </object_component>
      <object_component id="oc-2a">
         <name>.init_array</name>
         <load_address>0x5854</load_address>
         <run_address>0x5854</run_address>
         <size>0x4</size>
         <input_file_ref idref="fl-2"/>
      </object_component>
      <object_component id="oc-cd">
         <name>.debug_info</name>
         <load_address>0x0</load_address>
         <run_address>0x0</run_address>
         <size>0x8b23</size>
         <input_file_ref idref="fl-2"/>
      </object_component>
      <object_component id="oc-d3">
         <name>.debug_info</name>
         <load_address>0x8b23</load_address>
         <run_address>0x8b23</run_address>
         <size>0x10f</size>
         <input_file_ref idref="fl-2"/>
      </object_component>
      <object_component id="oc-d9">
         <name>.debug_info</name>
         <load_address>0x8c32</load_address>
         <run_address>0x8c32</run_address>
         <size>0xd9</size>
         <input_file_ref idref="fl-2"/>
      </object_component>
      <object_component id="oc-7b">
         <name>.debug_info</name>
         <load_address>0x8d0b</load_address>
         <run_address>0x8d0b</run_address>
         <size>0x503</size>
         <input_file_ref idref="fl-2"/>
      </object_component>
      <object_component id="oc-14b">
         <name>.debug_info</name>
         <load_address>0x920e</load_address>
         <run_address>0x920e</run_address>
         <size>0x124f</size>
         <input_file_ref idref="fl-2"/>
      </object_component>
      <object_component id="oc-150">
         <name>.debug_info</name>
         <load_address>0xa45d</load_address>
         <run_address>0xa45d</run_address>
         <size>0x21f4a</size>
         <input_file_ref idref="fl-2"/>
      </object_component>
      <object_component id="oc-155">
         <name>.debug_info</name>
         <load_address>0x2c3a7</load_address>
         <run_address>0x2c3a7</run_address>
         <size>0xd8</size>
         <input_file_ref idref="fl-2"/>
      </object_component>
      <object_component id="oc-114">
         <name>.debug_info</name>
         <load_address>0x2c47f</load_address>
         <run_address>0x2c47f</run_address>
         <size>0x337</size>
         <input_file_ref idref="fl-2"/>
      </object_component>
      <object_component id="oc-12d">
         <name>.debug_info</name>
         <load_address>0x2c7b6</load_address>
         <run_address>0x2c7b6</run_address>
         <size>0x13d1</size>
         <input_file_ref idref="fl-2"/>
      </object_component>
      <object_component id="oc-142">
         <name>.debug_info</name>
         <load_address>0x2db87</load_address>
         <run_address>0x2db87</run_address>
         <size>0x99</size>
         <input_file_ref idref="fl-2"/>
      </object_component>
      <object_component id="oc-dc">
         <name>.debug_info</name>
         <load_address>0x2dc20</load_address>
         <run_address>0x2dc20</run_address>
         <size>0x8b</size>
         <input_file_ref idref="fl-2"/>
      </object_component>
      <object_component id="oc-15f">
         <name>.debug_info</name>
         <load_address>0x2dcab</load_address>
         <run_address>0x2dcab</run_address>
         <size>0x15a</size>
         <input_file_ref idref="fl-2"/>
      </object_component>
      <object_component id="oc-11b">
         <name>.debug_info</name>
         <load_address>0x2de05</load_address>
         <run_address>0x2de05</run_address>
         <size>0x18b</size>
         <input_file_ref idref="fl-2"/>
      </object_component>
      <object_component id="oc-15a">
         <name>.debug_info</name>
         <load_address>0x2df90</load_address>
         <run_address>0x2df90</run_address>
         <size>0x67</size>
         <input_file_ref idref="fl-2"/>
      </object_component>
      <object_component id="oc-37">
         <name>.debug_info</name>
         <load_address>0x2dff7</load_address>
         <run_address>0x2dff7</run_address>
         <size>0x102</size>
         <input_file_ref idref="fl-3"/>
      </object_component>
      <object_component id="oc-11">
         <name>.debug_info</name>
         <load_address>0x2e0f9</load_address>
         <run_address>0x2e0f9</run_address>
         <size>0xef</size>
         <input_file_ref idref="fl-3"/>
      </object_component>
      <object_component id="oc-30">
         <name>.debug_info</name>
         <load_address>0x2e1e8</load_address>
         <run_address>0x2e1e8</run_address>
         <size>0x21d</size>
         <input_file_ref idref="fl-3"/>
      </object_component>
      <object_component id="oc-86">
         <name>.debug_info</name>
         <load_address>0x2e405</load_address>
         <run_address>0x2e405</run_address>
         <size>0x84</size>
         <input_file_ref idref="fl-3"/>
      </object_component>
      <object_component id="oc-147">
         <name>.debug_info</name>
         <load_address>0x2e489</load_address>
         <run_address>0x2e489</run_address>
         <size>0x8401</size>
         <input_file_ref idref="fl-4"/>
      </object_component>
      <object_component id="oc-ca">
         <name>.debug_info</name>
         <load_address>0x3688a</load_address>
         <run_address>0x3688a</run_address>
         <size>0x2d5</size>
         <input_file_ref idref="fl-4"/>
      </object_component>
      <object_component id="oc-119">
         <name>.debug_info</name>
         <load_address>0x36b5f</load_address>
         <run_address>0x36b5f</run_address>
         <size>0x85c3</size>
         <input_file_ref idref="fl-5"/>
      </object_component>
      <object_component id="oc-111">
         <name>.debug_info</name>
         <load_address>0x3f122</load_address>
         <run_address>0x3f122</run_address>
         <size>0xf9</size>
         <input_file_ref idref="fl-5"/>
      </object_component>
      <object_component id="oc-b6">
         <name>.debug_info</name>
         <load_address>0x3f21b</load_address>
         <run_address>0x3f21b</run_address>
         <size>0x16fb</size>
         <input_file_ref idref="fl-5"/>
      </object_component>
      <object_component id="oc-132">
         <name>.debug_info</name>
         <load_address>0x40916</load_address>
         <run_address>0x40916</run_address>
         <size>0x8c22</size>
         <input_file_ref idref="fl-6"/>
      </object_component>
      <object_component id="oc-bb">
         <name>.debug_info</name>
         <load_address>0x49538</load_address>
         <run_address>0x49538</run_address>
         <size>0xe646</size>
         <input_file_ref idref="fl-6"/>
      </object_component>
      <object_component id="oc-26">
         <name>.debug_info</name>
         <load_address>0x57b7e</load_address>
         <run_address>0x57b7e</run_address>
         <size>0x138</size>
         <input_file_ref idref="fl-12c"/>
      </object_component>
      <object_component id="oc-43">
         <name>.debug_info</name>
         <load_address>0x57cb6</load_address>
         <run_address>0x57cb6</run_address>
         <size>0x123</size>
         <input_file_ref idref="fl-12d"/>
      </object_component>
      <object_component id="oc-17">
         <name>.debug_info</name>
         <load_address>0x57dd9</load_address>
         <run_address>0x57dd9</run_address>
         <size>0x1c2</size>
         <input_file_ref idref="fl-12d"/>
      </object_component>
      <object_component id="oc-3e">
         <name>.debug_info</name>
         <load_address>0x57f9b</load_address>
         <run_address>0x57f9b</run_address>
         <size>0x46</size>
         <input_file_ref idref="fl-12d"/>
      </object_component>
      <object_component id="oc-8c">
         <name>.debug_info</name>
         <load_address>0x57fe1</load_address>
         <run_address>0x57fe1</run_address>
         <size>0x2c</size>
         <input_file_ref idref="fl-12d"/>
      </object_component>
      <object_component id="oc-4b">
         <name>.debug_info</name>
         <load_address>0x5800d</load_address>
         <run_address>0x5800d</run_address>
         <size>0x117</size>
         <input_file_ref idref="fl-12e"/>
      </object_component>
      <object_component id="oc-47">
         <name>.debug_info</name>
         <load_address>0x58124</load_address>
         <run_address>0x58124</run_address>
         <size>0x22a</size>
         <input_file_ref idref="fl-12e"/>
      </object_component>
      <object_component id="oc-1c">
         <name>.debug_info</name>
         <load_address>0x5834e</load_address>
         <run_address>0x5834e</run_address>
         <size>0x1bc</size>
         <input_file_ref idref="fl-12e"/>
      </object_component>
      <object_component id="oc-4c">
         <name>.debug_info</name>
         <load_address>0x5850a</load_address>
         <run_address>0x5850a</run_address>
         <size>0x39</size>
         <input_file_ref idref="fl-12e"/>
      </object_component>
      <object_component id="oc-96">
         <name>.debug_info</name>
         <load_address>0x58543</load_address>
         <run_address>0x58543</run_address>
         <size>0x2c</size>
         <input_file_ref idref="fl-12e"/>
      </object_component>
      <object_component id="oc-5c">
         <name>.debug_info</name>
         <load_address>0x5856f</load_address>
         <run_address>0x5856f</run_address>
         <size>0x112</size>
         <input_file_ref idref="fl-12f"/>
      </object_component>
      <object_component id="oc-21">
         <name>.debug_info</name>
         <load_address>0x58681</load_address>
         <run_address>0x58681</run_address>
         <size>0x18d</size>
         <input_file_ref idref="fl-12f"/>
      </object_component>
      <object_component id="oc-57">
         <name>.debug_info</name>
         <load_address>0x5880e</load_address>
         <run_address>0x5880e</run_address>
         <size>0x46</size>
         <input_file_ref idref="fl-12f"/>
      </object_component>
      <object_component id="oc-b0">
         <name>.debug_info</name>
         <load_address>0x58854</load_address>
         <run_address>0x58854</run_address>
         <size>0x174</size>
         <input_file_ref idref="fl-130"/>
      </object_component>
      <object_component id="oc-ad">
         <name>.debug_info</name>
         <load_address>0x589c8</load_address>
         <run_address>0x589c8</run_address>
         <size>0x119</size>
         <input_file_ref idref="fl-130"/>
      </object_component>
      <object_component id="oc-70">
         <name>.debug_info</name>
         <load_address>0x58ae1</load_address>
         <run_address>0x58ae1</run_address>
         <size>0x1f0</size>
         <input_file_ref idref="fl-130"/>
      </object_component>
      <object_component id="oc-17b">
         <name>.debug_info</name>
         <load_address>0x58cd1</load_address>
         <run_address>0x58cd1</run_address>
         <size>0xd8</size>
         <input_file_ref idref="fl-131"/>
      </object_component>
      <object_component id="oc-128">
         <name>.debug_info</name>
         <load_address>0x58da9</load_address>
         <run_address>0x58da9</run_address>
         <size>0x22a</size>
         <input_file_ref idref="fl-131"/>
      </object_component>
      <object_component id="oc-39">
         <name>.debug_info</name>
         <load_address>0x58fd3</load_address>
         <run_address>0x58fd3</run_address>
         <size>0xfa</size>
         <input_file_ref idref="fl-132"/>
      </object_component>
      <object_component id="oc-81">
         <name>.debug_info</name>
         <load_address>0x590cd</load_address>
         <run_address>0x590cd</run_address>
         <size>0x205</size>
         <input_file_ref idref="fl-133"/>
      </object_component>
      <object_component id="oc-2d">
         <name>.debug_info</name>
         <load_address>0x592d2</load_address>
         <run_address>0x592d2</run_address>
         <size>0xe4</size>
         <input_file_ref idref="fl-133"/>
      </object_component>
      <object_component id="oc-177">
         <name>.debug_info</name>
         <load_address>0x593b6</load_address>
         <run_address>0x593b6</run_address>
         <size>0x12f</size>
         <input_file_ref idref="fl-133"/>
      </object_component>
      <object_component id="oc-122">
         <name>.debug_info</name>
         <load_address>0x594e5</load_address>
         <run_address>0x594e5</run_address>
         <size>0x883</size>
         <input_file_ref idref="fl-133"/>
      </object_component>
      <object_component id="oc-e3">
         <name>.debug_info</name>
         <load_address>0x59d68</load_address>
         <run_address>0x59d68</run_address>
         <size>0x2c</size>
         <input_file_ref idref="fl-133"/>
      </object_component>
      <object_component id="oc-e8">
         <name>.debug_info</name>
         <load_address>0x59d94</load_address>
         <run_address>0x59d94</run_address>
         <size>0x62</size>
         <input_file_ref idref="fl-133"/>
      </object_component>
      <object_component id="oc-52">
         <name>.debug_info</name>
         <load_address>0x59df6</load_address>
         <run_address>0x59df6</run_address>
         <size>0x12a</size>
         <input_file_ref idref="fl-134"/>
      </object_component>
      <object_component id="oc-61">
         <name>.debug_info</name>
         <load_address>0x59f20</load_address>
         <run_address>0x59f20</run_address>
         <size>0x12b</size>
         <input_file_ref idref="fl-135"/>
      </object_component>
      <object_component id="oc-13b">
         <name>.debug_info</name>
         <load_address>0x5a04b</load_address>
         <run_address>0x5a04b</run_address>
         <size>0x19e</size>
         <input_file_ref idref="fl-136"/>
      </object_component>
      <object_component id="oc-c2">
         <name>.debug_info</name>
         <load_address>0x5a1e9</load_address>
         <run_address>0x5a1e9</run_address>
         <size>0x2e3</size>
         <input_file_ref idref="fl-136"/>
      </object_component>
      <object_component id="oc-1dd">
         <name>.debug_info</name>
         <load_address>0x5a4cc</load_address>
         <run_address>0x5a4cc</run_address>
         <size>0x2c</size>
         <input_file_ref idref="fl-136"/>
      </object_component>
      <object_component id="oc-13c">
         <name>.debug_info</name>
         <load_address>0x5a4f8</load_address>
         <run_address>0x5a4f8</run_address>
         <size>0x4e</size>
         <input_file_ref idref="fl-136"/>
      </object_component>
      <object_component id="oc-76">
         <name>.debug_info</name>
         <load_address>0x5a546</load_address>
         <run_address>0x5a546</run_address>
         <size>0xec</size>
         <input_file_ref idref="fl-137"/>
      </object_component>
      <object_component id="oc-10a">
         <name>.debug_info</name>
         <load_address>0x5a632</load_address>
         <run_address>0x5a632</run_address>
         <size>0x107</size>
         <input_file_ref idref="fl-138"/>
      </object_component>
      <object_component id="oc-aa">
         <name>.debug_info</name>
         <load_address>0x5a739</load_address>
         <run_address>0x5a739</run_address>
         <size>0xf6</size>
         <input_file_ref idref="fl-138"/>
      </object_component>
      <object_component id="oc-103">
         <name>.debug_info</name>
         <load_address>0x5a82f</load_address>
         <run_address>0x5a82f</run_address>
         <size>0x202</size>
         <input_file_ref idref="fl-138"/>
      </object_component>
      <object_component id="oc-1d7">
         <name>.debug_info</name>
         <load_address>0x5aa31</load_address>
         <run_address>0x5aa31</run_address>
         <size>0x3ae</size>
         <input_file_ref idref="fl-139"/>
      </object_component>
      <object_component id="oc-135">
         <name>.debug_info</name>
         <load_address>0x5addf</load_address>
         <run_address>0x5addf</run_address>
         <size>0x1813</size>
         <input_file_ref idref="fl-139"/>
      </object_component>
      <object_component id="oc-1d8">
         <name>.debug_info</name>
         <load_address>0x5c5f2</load_address>
         <run_address>0x5c5f2</run_address>
         <size>0x86</size>
         <input_file_ref idref="fl-139"/>
      </object_component>
      <object_component id="oc-21e">
         <name>.debug_info</name>
         <load_address>0x5c678</load_address>
         <run_address>0x5c678</run_address>
         <size>0x46</size>
         <input_file_ref idref="fl-139"/>
      </object_component>
      <object_component id="oc-1e2">
         <name>.debug_info</name>
         <load_address>0x5c6be</load_address>
         <run_address>0x5c6be</run_address>
         <size>0x39</size>
         <input_file_ref idref="fl-139"/>
      </object_component>
      <object_component id="oc-a8">
         <name>.debug_info</name>
         <load_address>0x5c6f7</load_address>
         <run_address>0x5c6f7</run_address>
         <size>0x149</size>
         <input_file_ref idref="fl-13a"/>
      </object_component>
      <object_component id="oc-6b">
         <name>.debug_info</name>
         <load_address>0x5c840</load_address>
         <run_address>0x5c840</run_address>
         <size>0x14a</size>
         <input_file_ref idref="fl-13a"/>
      </object_component>
      <object_component id="oc-fd">
         <name>.debug_info</name>
         <load_address>0x5c98a</load_address>
         <run_address>0x5c98a</run_address>
         <size>0x5e</size>
         <input_file_ref idref="fl-13a"/>
      </object_component>
      <object_component id="oc-21b">
         <name>.debug_info</name>
         <load_address>0x5c9e8</load_address>
         <run_address>0x5c9e8</run_address>
         <size>0xf7</size>
         <input_file_ref idref="fl-13b"/>
      </object_component>
      <object_component id="oc-1d3">
         <name>.debug_info</name>
         <load_address>0x5cadf</load_address>
         <run_address>0x5cadf</run_address>
         <size>0x154</size>
         <input_file_ref idref="fl-13b"/>
      </object_component>
      <object_component id="oc-a6">
         <name>.debug_info</name>
         <load_address>0x5cc33</load_address>
         <run_address>0x5cc33</run_address>
         <size>0x2a0</size>
         <input_file_ref idref="fl-13c"/>
      </object_component>
      <object_component id="oc-64">
         <name>.debug_info</name>
         <load_address>0x5ced3</load_address>
         <run_address>0x5ced3</run_address>
         <size>0x15a</size>
         <input_file_ref idref="fl-13c"/>
      </object_component>
      <object_component id="oc-f1">
         <name>.debug_info</name>
         <load_address>0x5d02d</load_address>
         <run_address>0x5d02d</run_address>
         <size>0x39</size>
         <input_file_ref idref="fl-13c"/>
      </object_component>
      <object_component id="oc-f6">
         <name>.debug_info</name>
         <load_address>0x5d066</load_address>
         <run_address>0x5d066</run_address>
         <size>0xcd</size>
         <input_file_ref idref="fl-13c"/>
      </object_component>
      <object_component id="oc-ee">
         <name>.debug_info</name>
         <load_address>0x5d133</load_address>
         <run_address>0x5d133</run_address>
         <size>0x1c3</size>
         <input_file_ref idref="fl-13d"/>
      </object_component>
      <object_component id="oc-a0">
         <name>.debug_info</name>
         <load_address>0x5d2f6</load_address>
         <run_address>0x5d2f6</run_address>
         <size>0x17f</size>
         <input_file_ref idref="fl-13d"/>
      </object_component>
      <object_component id="oc-16a">
         <name>.debug_info</name>
         <load_address>0x5d475</load_address>
         <run_address>0x5d475</run_address>
         <size>0x2c</size>
         <input_file_ref idref="fl-13d"/>
      </object_component>
      <object_component id="oc-24a">
         <name>.debug_info</name>
         <load_address>0x5d4a1</load_address>
         <run_address>0x5d4a1</run_address>
         <size>0xd1</size>
         <input_file_ref idref="fl-13e"/>
      </object_component>
      <object_component id="oc-218">
         <name>.debug_info</name>
         <load_address>0x5d572</load_address>
         <run_address>0x5d572</run_address>
         <size>0xdd</size>
         <input_file_ref idref="fl-13e"/>
      </object_component>
      <object_component id="oc-1ae">
         <name>.debug_info</name>
         <load_address>0x5d64f</load_address>
         <run_address>0x5d64f</run_address>
         <size>0x12d</size>
         <input_file_ref idref="fl-13f"/>
      </object_component>
      <object_component id="oc-18a">
         <name>.debug_info</name>
         <load_address>0x5d77c</load_address>
         <run_address>0x5d77c</run_address>
         <size>0x109</size>
         <input_file_ref idref="fl-140"/>
      </object_component>
      <object_component id="oc-199">
         <name>.debug_info</name>
         <load_address>0x5d885</load_address>
         <run_address>0x5d885</run_address>
         <size>0x10b</size>
         <input_file_ref idref="fl-140"/>
      </object_component>
      <object_component id="oc-194">
         <name>.debug_info</name>
         <load_address>0x5d990</load_address>
         <run_address>0x5d990</run_address>
         <size>0x11b</size>
         <input_file_ref idref="fl-141"/>
      </object_component>
      <object_component id="oc-190">
         <name>.debug_info</name>
         <load_address>0x5daab</load_address>
         <run_address>0x5daab</run_address>
         <size>0x11b</size>
         <input_file_ref idref="fl-142"/>
      </object_component>
      <object_component id="oc-19e">
         <name>.debug_info</name>
         <load_address>0x5dbc6</load_address>
         <run_address>0x5dbc6</run_address>
         <size>0x10f</size>
         <input_file_ref idref="fl-143"/>
      </object_component>
      <object_component id="oc-202">
         <name>.debug_info</name>
         <load_address>0x5dcd5</load_address>
         <run_address>0x5dcd5</run_address>
         <size>0x16f</size>
         <input_file_ref idref="fl-144"/>
      </object_component>
      <object_component id="oc-1b6">
         <name>.debug_info</name>
         <load_address>0x5de44</load_address>
         <run_address>0x5de44</run_address>
         <size>0x170</size>
         <input_file_ref idref="fl-144"/>
      </object_component>
      <object_component id="oc-1aa">
         <name>.debug_info</name>
         <load_address>0x5dfb4</load_address>
         <run_address>0x5dfb4</run_address>
         <size>0x10d</size>
         <input_file_ref idref="fl-145"/>
      </object_component>
      <object_component id="oc-210">
         <name>.debug_info</name>
         <load_address>0x5e0c1</load_address>
         <run_address>0x5e0c1</run_address>
         <size>0x171</size>
         <input_file_ref idref="fl-146"/>
      </object_component>
      <object_component id="oc-1bb">
         <name>.debug_info</name>
         <load_address>0x5e232</load_address>
         <run_address>0x5e232</run_address>
         <size>0x167</size>
         <input_file_ref idref="fl-146"/>
      </object_component>
      <object_component id="oc-1f8">
         <name>.debug_info</name>
         <load_address>0x5e399</load_address>
         <run_address>0x5e399</run_address>
         <size>0x12f</size>
         <input_file_ref idref="fl-147"/>
      </object_component>
      <object_component id="oc-1a3">
         <name>.debug_info</name>
         <load_address>0x5e4c8</load_address>
         <run_address>0x5e4c8</run_address>
         <size>0x1a5</size>
         <input_file_ref idref="fl-147"/>
      </object_component>
      <object_component id="oc-216">
         <name>.debug_info</name>
         <load_address>0x5e66d</load_address>
         <run_address>0x5e66d</run_address>
         <size>0xd4</size>
         <input_file_ref idref="fl-148"/>
      </object_component>
      <object_component id="oc-1cc">
         <name>.debug_info</name>
         <load_address>0x5e741</load_address>
         <run_address>0x5e741</run_address>
         <size>0x18e</size>
         <input_file_ref idref="fl-148"/>
      </object_component>
      <object_component id="oc-212">
         <name>.debug_info</name>
         <load_address>0x5e8cf</load_address>
         <run_address>0x5e8cf</run_address>
         <size>0xd8</size>
         <input_file_ref idref="fl-149"/>
      </object_component>
      <object_component id="oc-1bf">
         <name>.debug_info</name>
         <load_address>0x5e9a7</load_address>
         <run_address>0x5e9a7</run_address>
         <size>0x1f7</size>
         <input_file_ref idref="fl-149"/>
      </object_component>
      <object_component id="oc-1f1">
         <name>.debug_info</name>
         <load_address>0x5eb9e</load_address>
         <run_address>0x5eb9e</run_address>
         <size>0xcd</size>
         <input_file_ref idref="fl-14a"/>
      </object_component>
      <object_component id="oc-184">
         <name>.debug_info</name>
         <load_address>0x5ec6b</load_address>
         <run_address>0x5ec6b</run_address>
         <size>0x1dd</size>
         <input_file_ref idref="fl-14a"/>
      </object_component>
      <object_component id="oc-180">
         <name>.debug_info</name>
         <load_address>0x5ee48</load_address>
         <run_address>0x5ee48</run_address>
         <size>0x168</size>
         <input_file_ref idref="fl-14b"/>
      </object_component>
      <object_component id="oc-214">
         <name>.debug_info</name>
         <load_address>0x5efb0</load_address>
         <run_address>0x5efb0</run_address>
         <size>0x122</size>
         <input_file_ref idref="fl-14c"/>
      </object_component>
      <object_component id="oc-1c7">
         <name>.debug_info</name>
         <load_address>0x5f0d2</load_address>
         <run_address>0x5f0d2</run_address>
         <size>0x15d</size>
         <input_file_ref idref="fl-14c"/>
      </object_component>
      <object_component id="oc-235">
         <name>.debug_info</name>
         <load_address>0x5f22f</load_address>
         <run_address>0x5f22f</run_address>
         <size>0x182</size>
         <input_file_ref idref="fl-14d"/>
      </object_component>
      <object_component id="oc-205">
         <name>.debug_info</name>
         <load_address>0x5f3b1</load_address>
         <run_address>0x5f3b1</run_address>
         <size>0x194</size>
         <input_file_ref idref="fl-14d"/>
      </object_component>
      <object_component id="oc-253">
         <name>.debug_info</name>
         <load_address>0x5f545</load_address>
         <run_address>0x5f545</run_address>
         <size>0x86</size>
         <input_file_ref idref="fl-14d"/>
      </object_component>
      <object_component id="oc-22e">
         <name>.debug_info</name>
         <load_address>0x5f5cb</load_address>
         <run_address>0x5f5cb</run_address>
         <size>0x16c</size>
         <input_file_ref idref="fl-14e"/>
      </object_component>
      <object_component id="oc-1fc">
         <name>.debug_info</name>
         <load_address>0x5f737</load_address>
         <run_address>0x5f737</run_address>
         <size>0x175</size>
         <input_file_ref idref="fl-14e"/>
      </object_component>
      <object_component id="oc-20c">
         <name>.debug_info</name>
         <load_address>0x5f8ac</load_address>
         <run_address>0x5f8ac</run_address>
         <size>0x155</size>
         <input_file_ref idref="fl-14f"/>
      </object_component>
      <object_component id="oc-232">
         <name>.debug_info</name>
         <load_address>0x5fa01</load_address>
         <run_address>0x5fa01</run_address>
         <size>0x1b7</size>
         <input_file_ref idref="fl-150"/>
      </object_component>
      <object_component id="oc-23d">
         <name>.debug_info</name>
         <load_address>0x5fbb8</load_address>
         <run_address>0x5fbb8</run_address>
         <size>0xd8</size>
         <input_file_ref idref="fl-151"/>
      </object_component>
      <object_component id="oc-279">
         <name>.debug_info</name>
         <load_address>0x5fc90</load_address>
         <run_address>0x5fc90</run_address>
         <size>0x1af</size>
         <input_file_ref idref="fl-152"/>
      </object_component>
      <object_component id="oc-261">
         <name>.debug_info</name>
         <load_address>0x5fe3f</load_address>
         <run_address>0x5fe3f</run_address>
         <size>0x110</size>
         <input_file_ref idref="fl-152"/>
      </object_component>
      <object_component id="oc-239">
         <name>.debug_info</name>
         <load_address>0x5ff4f</load_address>
         <run_address>0x5ff4f</run_address>
         <size>0x171</size>
         <input_file_ref idref="fl-152"/>
      </object_component>
      <object_component id="oc-274">
         <name>.debug_info</name>
         <load_address>0x600c0</load_address>
         <run_address>0x600c0</run_address>
         <size>0x6f</size>
         <input_file_ref idref="fl-152"/>
      </object_component>
      <object_component id="oc-271">
         <name>.debug_info</name>
         <load_address>0x6012f</load_address>
         <run_address>0x6012f</run_address>
         <size>0xff</size>
         <input_file_ref idref="fl-153"/>
      </object_component>
      <object_component id="oc-25c">
         <name>.debug_info</name>
         <load_address>0x6022e</load_address>
         <run_address>0x6022e</run_address>
         <size>0x156</size>
         <input_file_ref idref="fl-153"/>
      </object_component>
      <object_component id="oc-282">
         <name>.debug_info</name>
         <load_address>0x60384</load_address>
         <run_address>0x60384</run_address>
         <size>0x2c</size>
         <input_file_ref idref="fl-153"/>
      </object_component>
      <object_component id="oc-27f">
         <name>.debug_info</name>
         <load_address>0x603b0</load_address>
         <run_address>0x603b0</run_address>
         <size>0x11f</size>
         <input_file_ref idref="fl-154"/>
      </object_component>
      <object_component id="oc-27c">
         <name>.debug_info</name>
         <load_address>0x604cf</load_address>
         <run_address>0x604cf</run_address>
         <size>0xdd</size>
         <input_file_ref idref="fl-154"/>
      </object_component>
      <object_component id="oc-26e">
         <name>.debug_info</name>
         <load_address>0x605ac</load_address>
         <run_address>0x605ac</run_address>
         <size>0x16c</size>
         <input_file_ref idref="fl-154"/>
      </object_component>
      <object_component id="oc-24e">
         <name>.debug_info</name>
         <load_address>0x60718</load_address>
         <run_address>0x60718</run_address>
         <size>0x137</size>
         <input_file_ref idref="fl-155"/>
      </object_component>
      <object_component id="oc-229">
         <name>.debug_info</name>
         <load_address>0x6084f</load_address>
         <run_address>0x6084f</run_address>
         <size>0x14f</size>
         <input_file_ref idref="fl-155"/>
      </object_component>
      <object_component id="oc-2b6">
         <name>.debug_info</name>
         <load_address>0x6099e</load_address>
         <run_address>0x6099e</run_address>
         <size>0xa7</size>
      </object_component>
      <object_component id="oc-14a">
         <name>.debug_line</name>
         <load_address>0x0</load_address>
         <run_address>0x0</run_address>
         <size>0xaa</size>
         <input_file_ref idref="fl-2"/>
      </object_component>
      <object_component id="oc-165">
         <name>.debug_line</name>
         <load_address>0xaa</load_address>
         <run_address>0xaa</run_address>
         <size>0x2f</size>
         <input_file_ref idref="fl-2"/>
      </object_component>
      <object_component id="oc-167">
         <name>.debug_line</name>
         <load_address>0xd9</load_address>
         <run_address>0xd9</run_address>
         <size>0x2f</size>
         <input_file_ref idref="fl-2"/>
      </object_component>
      <object_component id="oc-7a">
         <name>.debug_line</name>
         <load_address>0x108</load_address>
         <run_address>0x108</run_address>
         <size>0xd1</size>
         <input_file_ref idref="fl-2"/>
      </object_component>
      <object_component id="oc-14e">
         <name>.debug_line</name>
         <load_address>0x1d9</load_address>
         <run_address>0x1d9</run_address>
         <size>0x55</size>
         <input_file_ref idref="fl-2"/>
      </object_component>
      <object_component id="oc-153">
         <name>.debug_line</name>
         <load_address>0x22e</load_address>
         <run_address>0x22e</run_address>
         <size>0x52</size>
         <input_file_ref idref="fl-2"/>
      </object_component>
      <object_component id="oc-158">
         <name>.debug_line</name>
         <load_address>0x280</load_address>
         <run_address>0x280</run_address>
         <size>0x5f</size>
         <input_file_ref idref="fl-2"/>
      </object_component>
      <object_component id="oc-117">
         <name>.debug_line</name>
         <load_address>0x2df</load_address>
         <run_address>0x2df</run_address>
         <size>0x33</size>
         <input_file_ref idref="fl-2"/>
      </object_component>
      <object_component id="oc-130">
         <name>.debug_line</name>
         <load_address>0x312</load_address>
         <run_address>0x312</run_address>
         <size>0x34</size>
         <input_file_ref idref="fl-2"/>
      </object_component>
      <object_component id="oc-145">
         <name>.debug_line</name>
         <load_address>0x346</load_address>
         <run_address>0x346</run_address>
         <size>0x35</size>
         <input_file_ref idref="fl-2"/>
      </object_component>
      <object_component id="oc-df">
         <name>.debug_line</name>
         <load_address>0x37b</load_address>
         <run_address>0x37b</run_address>
         <size>0x20</size>
         <input_file_ref idref="fl-2"/>
      </object_component>
      <object_component id="oc-162">
         <name>.debug_line</name>
         <load_address>0x39b</load_address>
         <run_address>0x39b</run_address>
         <size>0x60</size>
         <input_file_ref idref="fl-2"/>
      </object_component>
      <object_component id="oc-11e">
         <name>.debug_line</name>
         <load_address>0x3fb</load_address>
         <run_address>0x3fb</run_address>
         <size>0x60</size>
         <input_file_ref idref="fl-2"/>
      </object_component>
      <object_component id="oc-15d">
         <name>.debug_line</name>
         <load_address>0x45b</load_address>
         <run_address>0x45b</run_address>
         <size>0x60</size>
         <input_file_ref idref="fl-2"/>
      </object_component>
      <object_component id="oc-85">
         <name>.debug_line</name>
         <load_address>0x4bb</load_address>
         <run_address>0x4bb</run_address>
         <size>0x3b</size>
         <input_file_ref idref="fl-3"/>
      </object_component>
      <object_component id="oc-36">
         <name>.debug_line</name>
         <load_address>0x4f6</load_address>
         <run_address>0x4f6</run_address>
         <size>0x3b</size>
         <input_file_ref idref="fl-3"/>
      </object_component>
      <object_component id="oc-34">
         <name>.debug_line</name>
         <load_address>0x531</load_address>
         <run_address>0x531</run_address>
         <size>0x9b</size>
         <input_file_ref idref="fl-3"/>
      </object_component>
      <object_component id="oc-89">
         <name>.debug_line</name>
         <load_address>0x5cc</load_address>
         <run_address>0x5cc</run_address>
         <size>0x20</size>
         <input_file_ref idref="fl-3"/>
      </object_component>
      <object_component id="oc-1ea">
         <name>.debug_line</name>
         <load_address>0x5ec</load_address>
         <run_address>0x5ec</run_address>
         <size>0x20</size>
         <input_file_ref idref="fl-4"/>
      </object_component>
      <object_component id="oc-c9">
         <name>.debug_line</name>
         <load_address>0x60c</load_address>
         <run_address>0x60c</run_address>
         <size>0x90</size>
         <input_file_ref idref="fl-4"/>
      </object_component>
      <object_component id="oc-175">
         <name>.debug_line</name>
         <load_address>0x69c</load_address>
         <run_address>0x69c</run_address>
         <size>0x20</size>
         <input_file_ref idref="fl-5"/>
      </object_component>
      <object_component id="oc-173">
         <name>.debug_line</name>
         <load_address>0x6bc</load_address>
         <run_address>0x6bc</run_address>
         <size>0x35</size>
         <input_file_ref idref="fl-5"/>
      </object_component>
      <object_component id="oc-b5">
         <name>.debug_line</name>
         <load_address>0x6f1</load_address>
         <run_address>0x6f1</run_address>
         <size>0x3da</size>
         <input_file_ref idref="fl-5"/>
      </object_component>
      <object_component id="oc-17d">
         <name>.debug_line</name>
         <load_address>0xacb</load_address>
         <run_address>0xacb</run_address>
         <size>0xb3</size>
         <input_file_ref idref="fl-6"/>
      </object_component>
      <object_component id="oc-bf">
         <name>.debug_line</name>
         <load_address>0xb7e</load_address>
         <run_address>0xb7e</run_address>
         <size>0x224c</size>
         <input_file_ref idref="fl-6"/>
      </object_component>
      <object_component id="oc-29">
         <name>.debug_line</name>
         <load_address>0x2dca</load_address>
         <run_address>0x2dca</run_address>
         <size>0x52</size>
         <input_file_ref idref="fl-12c"/>
      </object_component>
      <object_component id="oc-92">
         <name>.debug_line</name>
         <load_address>0x2e1c</load_address>
         <run_address>0x2e1c</run_address>
         <size>0x72</size>
         <input_file_ref idref="fl-12d"/>
      </object_component>
      <object_component id="oc-15">
         <name>.debug_line</name>
         <load_address>0x2e8e</load_address>
         <run_address>0x2e8e</run_address>
         <size>0x55</size>
         <input_file_ref idref="fl-12d"/>
      </object_component>
      <object_component id="oc-41">
         <name>.debug_line</name>
         <load_address>0x2ee3</load_address>
         <run_address>0x2ee3</run_address>
         <size>0x3a</size>
         <input_file_ref idref="fl-12d"/>
      </object_component>
      <object_component id="oc-8f">
         <name>.debug_line</name>
         <load_address>0x2f1d</load_address>
         <run_address>0x2f1d</run_address>
         <size>0x72</size>
         <input_file_ref idref="fl-12d"/>
      </object_component>
      <object_component id="oc-95">
         <name>.debug_line</name>
         <load_address>0x2f8f</load_address>
         <run_address>0x2f8f</run_address>
         <size>0x72</size>
         <input_file_ref idref="fl-12e"/>
      </object_component>
      <object_component id="oc-49">
         <name>.debug_line</name>
         <load_address>0x3001</load_address>
         <run_address>0x3001</run_address>
         <size>0x98</size>
         <input_file_ref idref="fl-12e"/>
      </object_component>
      <object_component id="oc-1e">
         <name>.debug_line</name>
         <load_address>0x3099</load_address>
         <run_address>0x3099</run_address>
         <size>0x4b</size>
         <input_file_ref idref="fl-12e"/>
      </object_component>
      <object_component id="oc-4f">
         <name>.debug_line</name>
         <load_address>0x30e4</load_address>
         <run_address>0x30e4</run_address>
         <size>0x39</size>
         <input_file_ref idref="fl-12e"/>
      </object_component>
      <object_component id="oc-99">
         <name>.debug_line</name>
         <load_address>0x311d</load_address>
         <run_address>0x311d</run_address>
         <size>0x72</size>
         <input_file_ref idref="fl-12e"/>
      </object_component>
      <object_component id="oc-9d">
         <name>.debug_line</name>
         <load_address>0x318f</load_address>
         <run_address>0x318f</run_address>
         <size>0x72</size>
         <input_file_ref idref="fl-12f"/>
      </object_component>
      <object_component id="oc-20">
         <name>.debug_line</name>
         <load_address>0x3201</load_address>
         <run_address>0x3201</run_address>
         <size>0x4f</size>
         <input_file_ref idref="fl-12f"/>
      </object_component>
      <object_component id="oc-5a">
         <name>.debug_line</name>
         <load_address>0x3250</load_address>
         <run_address>0x3250</run_address>
         <size>0x34</size>
         <input_file_ref idref="fl-12f"/>
      </object_component>
      <object_component id="oc-10f">
         <name>.debug_line</name>
         <load_address>0x3284</load_address>
         <run_address>0x3284</run_address>
         <size>0x71</size>
         <input_file_ref idref="fl-130"/>
      </object_component>
      <object_component id="oc-10d">
         <name>.debug_line</name>
         <load_address>0x32f5</load_address>
         <run_address>0x32f5</run_address>
         <size>0x2a</size>
         <input_file_ref idref="fl-130"/>
      </object_component>
      <object_component id="oc-73">
         <name>.debug_line</name>
         <load_address>0x331f</load_address>
         <run_address>0x331f</run_address>
         <size>0x7a</size>
         <input_file_ref idref="fl-130"/>
      </object_component>
      <object_component id="oc-1ee">
         <name>.debug_line</name>
         <load_address>0x3399</load_address>
         <run_address>0x3399</run_address>
         <size>0x20</size>
         <input_file_ref idref="fl-131"/>
      </object_component>
      <object_component id="oc-12b">
         <name>.debug_line</name>
         <load_address>0x33b9</load_address>
         <run_address>0x33b9</run_address>
         <size>0x92</size>
         <input_file_ref idref="fl-131"/>
      </object_component>
      <object_component id="oc-3c">
         <name>.debug_line</name>
         <load_address>0x344b</load_address>
         <run_address>0x344b</run_address>
         <size>0x88</size>
         <input_file_ref idref="fl-132"/>
      </object_component>
      <object_component id="oc-e2">
         <name>.debug_line</name>
         <load_address>0x34d3</load_address>
         <run_address>0x34d3</run_address>
         <size>0xcf</size>
         <input_file_ref idref="fl-133"/>
      </object_component>
      <object_component id="oc-80">
         <name>.debug_line</name>
         <load_address>0x35a2</load_address>
         <run_address>0x35a2</run_address>
         <size>0x2c</size>
         <input_file_ref idref="fl-133"/>
      </object_component>
      <object_component id="oc-1ec">
         <name>.debug_line</name>
         <load_address>0x35ce</load_address>
         <run_address>0x35ce</run_address>
         <size>0x2c</size>
         <input_file_ref idref="fl-133"/>
      </object_component>
      <object_component id="oc-125">
         <name>.debug_line</name>
         <load_address>0x35fa</load_address>
         <run_address>0x35fa</run_address>
         <size>0x314</size>
         <input_file_ref idref="fl-133"/>
      </object_component>
      <object_component id="oc-e6">
         <name>.debug_line</name>
         <load_address>0x390e</load_address>
         <run_address>0x390e</run_address>
         <size>0x72</size>
         <input_file_ref idref="fl-133"/>
      </object_component>
      <object_component id="oc-eb">
         <name>.debug_line</name>
         <load_address>0x3980</load_address>
         <run_address>0x3980</run_address>
         <size>0x2c</size>
         <input_file_ref idref="fl-133"/>
      </object_component>
      <object_component id="oc-55">
         <name>.debug_line</name>
         <load_address>0x39ac</load_address>
         <run_address>0x39ac</run_address>
         <size>0x79</size>
         <input_file_ref idref="fl-134"/>
      </object_component>
      <object_component id="oc-5f">
         <name>.debug_line</name>
         <load_address>0x3a25</load_address>
         <run_address>0x3a25</run_address>
         <size>0x40</size>
         <input_file_ref idref="fl-135"/>
      </object_component>
      <object_component id="oc-1e8">
         <name>.debug_line</name>
         <load_address>0x3a65</load_address>
         <run_address>0x3a65</run_address>
         <size>0x7f</size>
         <input_file_ref idref="fl-136"/>
      </object_component>
      <object_component id="oc-c1">
         <name>.debug_line</name>
         <load_address>0x3ae4</load_address>
         <run_address>0x3ae4</run_address>
         <size>0x83</size>
         <input_file_ref idref="fl-136"/>
      </object_component>
      <object_component id="oc-1e0">
         <name>.debug_line</name>
         <load_address>0x3b67</load_address>
         <run_address>0x3b67</run_address>
         <size>0x71</size>
         <input_file_ref idref="fl-136"/>
      </object_component>
      <object_component id="oc-13f">
         <name>.debug_line</name>
         <load_address>0x3bd8</load_address>
         <run_address>0x3bd8</run_address>
         <size>0x72</size>
         <input_file_ref idref="fl-136"/>
      </object_component>
      <object_component id="oc-b3">
         <name>.debug_line</name>
         <load_address>0x3c4a</load_address>
         <run_address>0x3c4a</run_address>
         <size>0x33</size>
         <input_file_ref idref="fl-137"/>
      </object_component>
      <object_component id="oc-171">
         <name>.debug_line</name>
         <load_address>0x3c7d</load_address>
         <run_address>0x3c7d</run_address>
         <size>0x20</size>
         <input_file_ref idref="fl-138"/>
      </object_component>
      <object_component id="oc-109">
         <name>.debug_line</name>
         <load_address>0x3c9d</load_address>
         <run_address>0x3c9d</run_address>
         <size>0x2b</size>
         <input_file_ref idref="fl-138"/>
      </object_component>
      <object_component id="oc-107">
         <name>.debug_line</name>
         <load_address>0x3cc8</load_address>
         <run_address>0x3cc8</run_address>
         <size>0x68</size>
         <input_file_ref idref="fl-138"/>
      </object_component>
      <object_component id="oc-21d">
         <name>.debug_line</name>
         <load_address>0x3d30</load_address>
         <run_address>0x3d30</run_address>
         <size>0x122</size>
         <input_file_ref idref="fl-139"/>
      </object_component>
      <object_component id="oc-138">
         <name>.debug_line</name>
         <load_address>0x3e52</load_address>
         <run_address>0x3e52</run_address>
         <size>0xb7f</size>
         <input_file_ref idref="fl-139"/>
      </object_component>
      <object_component id="oc-1db">
         <name>.debug_line</name>
         <load_address>0x49d1</load_address>
         <run_address>0x49d1</run_address>
         <size>0x72</size>
         <input_file_ref idref="fl-139"/>
      </object_component>
      <object_component id="oc-221">
         <name>.debug_line</name>
         <load_address>0x4a43</load_address>
         <run_address>0x4a43</run_address>
         <size>0x72</size>
         <input_file_ref idref="fl-139"/>
      </object_component>
      <object_component id="oc-1e5">
         <name>.debug_line</name>
         <load_address>0x4ab5</load_address>
         <run_address>0x4ab5</run_address>
         <size>0x2e</size>
         <input_file_ref idref="fl-139"/>
      </object_component>
      <object_component id="oc-fc">
         <name>.debug_line</name>
         <load_address>0x4ae3</load_address>
         <run_address>0x4ae3</run_address>
         <size>0x2b</size>
         <input_file_ref idref="fl-13a"/>
      </object_component>
      <object_component id="oc-6d">
         <name>.debug_line</name>
         <load_address>0x4b0e</load_address>
         <run_address>0x4b0e</run_address>
         <size>0x50</size>
         <input_file_ref idref="fl-13a"/>
      </object_component>
      <object_component id="oc-100">
         <name>.debug_line</name>
         <load_address>0x4b5e</load_address>
         <run_address>0x4b5e</run_address>
         <size>0x2b</size>
         <input_file_ref idref="fl-13a"/>
      </object_component>
      <object_component id="oc-24c">
         <name>.debug_line</name>
         <load_address>0x4b89</load_address>
         <run_address>0x4b89</run_address>
         <size>0x71</size>
         <input_file_ref idref="fl-13b"/>
      </object_component>
      <object_component id="oc-1d5">
         <name>.debug_line</name>
         <load_address>0x4bfa</load_address>
         <run_address>0x4bfa</run_address>
         <size>0x63</size>
         <input_file_ref idref="fl-13b"/>
      </object_component>
      <object_component id="oc-f0">
         <name>.debug_line</name>
         <load_address>0x4c5d</load_address>
         <run_address>0x4c5d</run_address>
         <size>0x81</size>
         <input_file_ref idref="fl-13c"/>
      </object_component>
      <object_component id="oc-67">
         <name>.debug_line</name>
         <load_address>0x4cde</load_address>
         <run_address>0x4cde</run_address>
         <size>0x79</size>
         <input_file_ref idref="fl-13c"/>
      </object_component>
      <object_component id="oc-f4">
         <name>.debug_line</name>
         <load_address>0x4d57</load_address>
         <run_address>0x4d57</run_address>
         <size>0x2e</size>
         <input_file_ref idref="fl-13c"/>
      </object_component>
      <object_component id="oc-f9">
         <name>.debug_line</name>
         <load_address>0x4d85</load_address>
         <run_address>0x4d85</run_address>
         <size>0x73</size>
         <input_file_ref idref="fl-13c"/>
      </object_component>
      <object_component id="oc-169">
         <name>.debug_line</name>
         <load_address>0x4df8</load_address>
         <run_address>0x4df8</run_address>
         <size>0x80</size>
         <input_file_ref idref="fl-13d"/>
      </object_component>
      <object_component id="oc-a4">
         <name>.debug_line</name>
         <load_address>0x4e78</load_address>
         <run_address>0x4e78</run_address>
         <size>0x68</size>
         <input_file_ref idref="fl-13d"/>
      </object_component>
      <object_component id="oc-16d">
         <name>.debug_line</name>
         <load_address>0x4ee0</load_address>
         <run_address>0x4ee0</run_address>
         <size>0x2e</size>
         <input_file_ref idref="fl-13d"/>
      </object_component>
      <object_component id="oc-267">
         <name>.debug_line</name>
         <load_address>0x4f0e</load_address>
         <run_address>0x4f0e</run_address>
         <size>0x20</size>
[...]
         <value>0x8a9</value>
         <object_component_ref idref="oc-ba"/>
      </symbol>
      <symbol id="sm-3f6">
         <name>_ZN7MPU605015getIntDMPStatusEv</name>
         <value>0x23af</value>
         <object_component_ref idref="oc-ba"/>
      </symbol>
      <symbol id="sm-3f7">
         <name>_ZN7MPU605021getYPosMotionDetectedEv</name>
         <value>0x181f</value>
         <object_component_ref idref="oc-ba"/>
      </symbol>
      <symbol id="sm-3f8">
         <name>_ZN7MPU605013setMemoryBankEhbb</name>
         <value>0x2429</value>
         <object_component_ref idref="oc-ba"/>
      </symbol>
      <symbol id="sm-3f9">
         <name>_ZN7MPU605021getXPosMotionDetectedEv</name>
         <value>0x17d3</value>
         <object_component_ref idref="oc-ba"/>
      </symbol>
      <symbol id="sm-3fa">
         <name>_ZN7MPU605017getSlave4RegisterEv</name>
         <value>0xc01</value>
         <object_component_ref idref="oc-ba"/>
      </symbol>
      <symbol id="sm-3fb">
         <name>_ZN7MPU605021getYNegMotionDetectedEv</name>
         <value>0x17f9</value>
         <object_component_ref idref="oc-ba"/>
      </symbol>
      <symbol id="sm-3fc">
         <name>_ZN7MPU605017setSlave4RegisterEh</name>
         <value>0xc1d</value>
         <object_component_ref idref="oc-ba"/>
      </symbol>
      <symbol id="sm-3fd">
         <name>_ZN7MPU605021getZPosMotionDetectedEv</name>
         <value>0x186b</value>
         <object_component_ref idref="oc-ba"/>
      </symbol>
      <symbol id="sm-3fe">
         <name>_ZN7MPU605021getXNegMotionDetectedEv</name>
         <value>0x17ad</value>
         <object_component_ref idref="oc-ba"/>
      </symbol>
      <symbol id="sm-3ff">
         <name>_ZN7MPU605011getDHPFModeEv</name>
         <value>0x401</value>
         <object_component_ref idref="oc-ba"/>
      </symbol>
      <symbol id="sm-400">
         <name>_ZN7MPU605011getDeviceIDEv</name>
         <value>0x1ec3</value>
         <object_component_ref idref="oc-ba"/>
      </symbol>
      <symbol id="sm-401">
         <name>_ZN7MPU605021getZNegMotionDetectedEv</name>
         <value>0x1845</value>
         <object_component_ref idref="oc-ba"/>
      </symbol>
      <symbol id="sm-402">
         <name>_ZN7MPU605019setYGyroFIFOEnabledEb</name>
         <value>0x627</value>
         <object_component_ref idref="oc-ba"/>
      </symbol>
      <symbol id="sm-403">
         <name>_ZN7MPU605011setFIFOByteEh</name>
         <value>0x1e83</value>
         <object_component_ref idref="oc-ba"/>
      </symbol>
      <symbol id="sm-404">
         <name>_ZN7MPU605015setXAccelOffsetEs</name>
         <value>0x20bd</value>
         <object_component_ref idref="oc-ba"/>
      </symbol>
      <symbol id="sm-405">
         <name>_ZN7MPU605021getClockOutputEnabledEv</name>
         <value>0x1065</value>
         <object_component_ref idref="oc-ba"/>
      </symbol>
      <symbol id="sm-406">
         <name>_ZN7MPU605016writeMemoryBlockEPKhthhbb</name>
         <value>0x25ad</value>
         <object_component_ref idref="oc-ba"/>
      </symbol>
      <symbol id="sm-407">
         <name>_ZN7MPU605015getXAccelOffsetEv</name>
         <value>0x2093</value>
         <object_component_ref idref="oc-ba"/>
      </symbol>
      <symbol id="sm-408">
         <name>_ZN7MPU605012getFIFOBytesEPhh</name>
         <value>0x1e9b</value>
         <object_component_ref idref="oc-ba"/>
      </symbol>
      <symbol id="sm-409">
         <name>_ZN7MPU605018setSlaveDataLengthEhh</name>
         <value>0xb99</value>
         <object_component_ref idref="oc-ba"/>
      </symbol>
      <symbol id="sm-40a">
         <name>_ZN7MPU605016getWakeFrequencyEv</name>
         <value>0x1c77</value>
         <object_component_ref idref="oc-ba"/>
      </symbol>
      <symbol id="sm-40b">
         <name>_ZN7MPU605028getFreefallDetectionDurationEv</name>
         <value>0x47d</value>
         <object_component_ref idref="oc-ba"/>
      </symbol>
      <symbol id="sm-40c">
         <name>_ZN7MPU605014setYGyroOffsetEa</name>
         <value>0x1f8b</value>
         <object_component_ref idref="oc-ba"/>
      </symbol>
      <symbol id="sm-40d">
         <name>_ZN7MPU605026getMotionDetectionDurationEv</name>
         <value>0x4e5</value>
         <object_component_ref idref="oc-ba"/>
      </symbol>
      <symbol id="sm-40e">
         <name>_ZN7MPU605016getDMPInt1StatusEv</name>
         <value>0x233d</value>
         <object_component_ref idref="oc-ba"/>
      </symbol>
      <symbol id="sm-40f">
         <name>_ZN7MPU605017getSlaveWriteModeEh</name>
         <value>0xa75</value>
         <object_component_ref idref="oc-ba"/>
      </symbol>
      <symbol id="sm-410">
         <name>_ZN7MPU605034getSlaveReadWriteTransitionEnabledEv</name>
         <value>0x845</value>
         <object_component_ref idref="oc-ba"/>
      </symbol>
      <symbol id="sm-411">
         <name>_ZN7MPU605020getSlaveDelayEnabledEh</name>
         <value>0x1921</value>
         <object_component_ref idref="oc-ba"/>
      </symbol>
      <symbol id="sm-412">
         <name>_ZN7MPU605013getSlave3NackEv</name>
         <value>0xe09</value>
         <object_component_ref idref="oc-ba"/>
      </symbol>
      <symbol id="sm-413">
         <name>_ZN7MPU605024setFSyncInterruptEnabledEb</name>
         <value>0x100b</value>
         <object_component_ref idref="oc-ba"/>
      </symbol>
      <symbol id="sm-414">
         <name>_ZN7MPU605019getAccelFIFOEnabledEv</name>
         <value>0x681</value>
         <object_component_ref idref="oc-ba"/>
      </symbol>
      <symbol id="sm-415">
         <name>_ZN7MPU605024getFSyncInterruptEnabledEv</name>
         <value>0xfe5</value>
         <object_component_ref idref="oc-ba"/>
      </symbol>
      <symbol id="sm-416">
         <name>_ZN7MPU605014getYGyroOffsetEv</name>
         <value>0x1f65</value>
         <object_component_ref idref="oc-ba"/>
      </symbol>
      <symbol id="sm-417">
         <name>_ZN7MPU605010getMotion9EPsS0_S0_S0_S0_S0_S0_S0_S0_</name>
         <value>0x135d</value>
         <object_component_ref idref="oc-ba"/>
      </symbol>
      <symbol id="sm-418">
         <name>_ZN7MPU605013setDMPConfig1Eh</name>
         <value>0x2865</value>
         <object_component_ref idref="oc-ba"/>
      </symbol>
      <symbol id="sm-419">
         <name>_ZN7MPU605019getXGyroFIFOEnabledEv</name>
         <value>0x5c1</value>
         <object_component_ref idref="oc-ba"/>
      </symbol>
      <symbol id="sm-41a">
         <name>_ZN7MPU605022getIntI2CMasterEnabledEv</name>
         <value>0x11d9</value>
         <object_component_ref idref="oc-ba"/>
      </symbol>
      <symbol id="sm-41b">
         <name>_ZN7MPU605013getDMPConfig1Ev</name>
         <value>0x2849</value>
         <object_component_ref idref="oc-ba"/>
      </symbol>
      <symbol id="sm-41c">
         <name>_ZN7MPU605022setIntI2CMasterEnabledEb</name>
         <value>0x11ff</value>
         <object_component_ref idref="oc-ba"/>
      </symbol>
      <symbol id="sm-41d">
         <name>_ZN7MPU605020setTempSensorEnabledEb</name>
         <value>0x1c0f</value>
         <object_component_ref idref="oc-ba"/>
      </symbol>
      <symbol id="sm-41e">
         <name>_ZN7MPU605014resetI2CMasterEv</name>
         <value>0x1b2d</value>
         <object_component_ref idref="oc-ba"/>
      </symbol>
      <symbol id="sm-41f">
         <name>_ZN7MPU605012getRotationXEv</name>
         <value>0x15fb</value>
         <object_component_ref idref="oc-ba"/>
      </symbol>
      <symbol id="sm-431">
         <name>_c_int00</name>
         <value>0x53bd</value>
         <object_component_ref idref="oc-25"/>
      </symbol>
      <symbol id="sm-432">
         <name>__stack</name>
         <value>0x2000fe00</value>
         <object_component_ref idref="oc-2b"/>
      </symbol>
      <symbol id="sm-449">
         <name>__TI_decompress_none</name>
         <value>0x5721</value>
         <object_component_ref idref="oc-13"/>
      </symbol>
      <symbol id="sm-471">
         <name>__TI_decompress_rle24</name>
         <value>0x5747</value>
         <object_component_ref idref="oc-19"/>
      </symbol>
      <symbol id="sm-483">
         <name>__TI_zero_init</name>
         <value>0x572f</value>
         <object_component_ref idref="oc-1f"/>
      </symbol>
      <symbol id="sm-4a2">
         <name>C$$EXIT</name>
         <value>0x54ed</value>
         <object_component_ref idref="oc-6f"/>
      </symbol>
      <symbol id="sm-4a3">
         <name>abort</name>
         <value>0x54f1</value>
         <object_component_ref idref="oc-6f"/>
      </symbol>
      <symbol id="sm-4a4">
         <name>exit</name>
         <value>0x54f9</value>
         <object_component_ref idref="oc-6f"/>
      </symbol>
      <symbol id="sm-4a5">
         <name>__TI_dtors_ptr</name>
         <value>0x20000548</value>
         <object_component_ref idref="oc-ac"/>
      </symbol>
      <symbol id="sm-4a6">
         <name>__TI_cleanup_ptr</name>
         <value>0x20000544</value>
         <object_component_ref idref="oc-ac"/>
      </symbol>
      <symbol id="sm-4b6">
         <name>memcmp</name>
         <value>0x568b</value>
         <object_component_ref idref="oc-126"/>
      </symbol>
      <symbol id="sm-4d1">
         <name>memcpy</name>
         <value>0x4f55</value>
         <object_component_ref idref="oc-38"/>
      </symbol>
      <symbol id="sm-4d2">
         <name>__aeabi_memcpy</name>
         <value>0x4f55</value>
         <object_component_ref idref="oc-38"/>
      </symbol>
      <symbol id="sm-4d3">
         <name>__aeabi_memcpy8</name>
         <value>0x4f55</value>
         <object_component_ref idref="oc-38"/>
      </symbol>
      <symbol id="sm-4d4">
         <name>__aeabi_memcpy4</name>
         <value>0x4f55</value>
         <object_component_ref idref="oc-38"/>
      </symbol>
      <symbol id="sm-54b">
         <name>_sys_memory</name>
         <value>0x20000000</value>
         <object_component_ref idref="oc-2c"/>
      </symbol>
      <symbol id="sm-54c">
         <name>free</name>
         <value>0x41ff</value>
         <object_component_ref idref="oc-120"/>
      </symbol>
      <symbol id="sm-54d">
         <name>realloc</name>
         <value>0x42c1</value>
         <object_component_ref idref="oc-120"/>
      </symbol>
      <symbol id="sm-54e">
         <name>memalign</name>
         <value>0x43cd</value>
         <object_component_ref idref="oc-120"/>
      </symbol>
      <symbol id="sm-54f">
         <name>calloc</name>
         <value>0x44b1</value>
         <object_component_ref idref="oc-120"/>
      </symbol>
      <symbol id="sm-550">
         <name>malloc</name>
         <value>0x4197</value>
         <object_component_ref idref="oc-120"/>
      </symbol>
      <symbol id="sm-551">
         <name>minit</name>
         <value>0x4109</value>
         <object_component_ref idref="oc-120"/>
      </symbol>
      <symbol id="sm-560">
         <name>__aeabi_memset</name>
         <value>0x50ff</value>
         <object_component_ref idref="oc-51"/>
      </symbol>
      <symbol id="sm-561">
         <name>memset</name>
         <value>0x5105</value>
         <object_component_ref idref="oc-51"/>
      </symbol>
      <symbol id="sm-562">
         <name>__aeabi_memset8</name>
         <value>0x50ff</value>
         <object_component_ref idref="oc-51"/>
      </symbol>
      <symbol id="sm-563">
         <name>__aeabi_memset4</name>
         <value>0x50ff</value>
         <object_component_ref idref="oc-51"/>
      </symbol>
      <symbol id="sm-564">
         <name>__aeabi_memclr8</name>
         <value>0x50fd</value>
         <object_component_ref idref="oc-51"/>
      </symbol>
      <symbol id="sm-565">
         <name>__aeabi_memclr4</name>
         <value>0x50fd</value>
         <object_component_ref idref="oc-51"/>
      </symbol>
      <symbol id="sm-566">
         <name>__aeabi_memclr</name>
         <value>0x50fd</value>
         <object_component_ref idref="oc-51"/>
      </symbol>
      <symbol id="sm-570">
         <name>_system_pre_init</name>
         <value>0x574d</value>
         <object_component_ref idref="oc-5d"/>
      </symbol>
      <symbol id="sm-58e">
         <name>sprintf</name>
         <value>0x52b5</value>
         <object_component_ref idref="oc-c0"/>
      </symbol>
      <symbol id="sm-596">
         <name>main_func_sp</name>
         <value>0x20000558</value>
         <object_component_ref idref="oc-75"/>
      </symbol>
      <symbol id="sm-5af">
         <name>_nop</name>
         <value>0x5707</value>
         <object_component_ref idref="oc-102"/>
      </symbol>
      <symbol id="sm-5b0">
         <name>_lock</name>
         <value>0x2000053c</value>
         <object_component_ref idref="oc-a9"/>
      </symbol>
      <symbol id="sm-5b1">
         <name>_unlock</name>
         <value>0x20000540</value>
         <object_component_ref idref="oc-a9"/>
      </symbol>
      <symbol id="sm-5b2">
         <name>_register_lock</name>
         <value>0x56ff</value>
         <object_component_ref idref="oc-102"/>
      </symbol>
      <symbol id="sm-5b3">
         <name>_register_unlock</name>
         <value>0x56f9</value>
         <object_component_ref idref="oc-102"/>
      </symbol>
      <symbol id="sm-6b8">
         <name>__TI_printfi</name>
         <value>0x3669</value>
         <object_component_ref idref="oc-134"/>
      </symbol>
      <symbol id="sm-6cd">
         <name>_args_main</name>
         <value>0x56c9</value>
         <object_component_ref idref="oc-69"/>
      </symbol>
      <symbol id="sm-6e3">
         <name>atoi</name>
         <value>0x540d</value>
         <object_component_ref idref="oc-1d0"/>
      </symbol>
      <symbol id="sm-709">
         <name>__TI_auto_init</name>
         <value>0x5179</value>
         <object_component_ref idref="oc-63"/>
      </symbol>
      <symbol id="sm-723">
         <name>copy_in</name>
         <value>0x5459</value>
         <object_component_ref idref="oc-9f"/>
      </symbol>
      <symbol id="sm-72e">
         <name>_ctypes_</name>
         <value>0x5750</value>
         <object_component_ref idref="oc-217"/>
      </symbol>
      <symbol id="sm-752">
         <name>__aeabi_dsub</name>
         <value>0x48f1</value>
         <object_component_ref idref="oc-1ad"/>
      </symbol>
      <symbol id="sm-753">
         <name>__aeabi_dadd</name>
         <value>0x48fb</value>
         <object_component_ref idref="oc-1ad"/>
      </symbol>
      <symbol id="sm-77a">
         <name>__aeabi_cdcmpeq</name>
         <value>0x4ff1</value>
         <object_component_ref idref="oc-189"/>
      </symbol>
      <symbol id="sm-77b">
         <name>__aeabi_cdcmple</name>
         <value>0x4ff1</value>
         <object_component_ref idref="oc-189"/>
      </symbol>
      <symbol id="sm-77c">
         <name>__aeabi_cdrcmple</name>
         <value>0x5077</value>
         <object_component_ref idref="oc-198"/>
      </symbol>
      <symbol id="sm-79c">
         <name>__aeabi_ddiv</name>
         <value>0x4aa7</value>
         <object_component_ref idref="oc-193"/>
      </symbol>
      <symbol id="sm-7b3">
         <name>__aeabi_dmul</name>
         <value>0x4ced</value>
         <object_component_ref idref="oc-18e"/>
      </symbol>
      <symbol id="sm-7c1">
         <name>__aeabi_d2iz</name>
         <value>0x54a5</value>
         <object_component_ref idref="oc-19d"/>
      </symbol>
      <symbol id="sm-7ce">
         <name>frexp</name>
         <value>0x5661</value>
         <object_component_ref idref="oc-1b2"/>
      </symbol>
      <symbol id="sm-7da">
         <name>__aeabi_i2d</name>
         <value>0x5605</value>
         <object_component_ref idref="oc-1a8"/>
      </symbol>
      <symbol id="sm-7eb">
         <name>ldexp</name>
         <value>0x536b</value>
         <object_component_ref idref="oc-1b8"/>
      </symbol>
      <symbol id="sm-7fa">
         <name>ltoa</name>
         <value>0x5315</value>
         <object_component_ref idref="oc-1a2"/>
      </symbol>
      <symbol id="sm-80a">
         <name>memccpy</name>
         <value>0x56ad</value>
         <object_component_ref idref="oc-1ca"/>
      </symbol>
      <symbol id="sm-81a">
         <name>strchr</name>
         <value>0x56e1</value>
         <object_component_ref idref="oc-1be"/>
      </symbol>
      <symbol id="sm-828">
         <name>strlen</name>
         <value>0x570d</value>
         <object_component_ref idref="oc-183"/>
      </symbol>
      <symbol id="sm-852">
         <name>__aeabi_uldivmod</name>
         <value>0x46fd</value>
         <object_component_ref idref="oc-17e"/>
      </symbol>
      <symbol id="sm-860">
         <name>_Dclass</name>
         <value>0x55a5</value>
         <object_component_ref idref="oc-1c4"/>
      </symbol>
      <symbol id="sm-881">
         <name>_Dscale</name>
         <value>0x4bdd</value>
         <object_component_ref idref="oc-203"/>
      </symbol>
      <symbol id="sm-895">
         <name>_Dunscale</name>
         <value>0x524f</value>
         <object_component_ref idref="oc-1fb"/>
      </symbol>
      <symbol id="sm-8a4">
         <name>_Feraise</name>
         <value>0x55d5</value>
         <object_component_ref idref="oc-209"/>
      </symbol>
      <symbol id="sm-8b4">
         <name>_Rteps</name>
         <value>0x20000510</value>
         <object_component_ref idref="oc-231"/>
      </symbol>
      <symbol id="sm-8b5">
         <name>_Zero</name>
         <value>0x20000528</value>
         <object_component_ref idref="oc-231"/>
      </symbol>
      <symbol id="sm-8b6">
         <name>_Hugeval</name>
         <value>0x200004d0</value>
         <object_component_ref idref="oc-231"/>
      </symbol>
      <symbol id="sm-8b7">
         <name>_Snan</name>
         <value>0x20000500</value>
         <object_component_ref idref="oc-231"/>
      </symbol>
      <symbol id="sm-8b8">
         <name>_Nan</name>
         <value>0x200004f0</value>
         <object_component_ref idref="oc-231"/>
      </symbol>
      <symbol id="sm-8b9">
         <name>_Inf</name>
         <value>0x200004e0</value>
         <object_component_ref idref="oc-231"/>
      </symbol>
      <symbol id="sm-8ba">
         <name>_Xbig</name>
         <value>0x20000520</value>
         <object_component_ref idref="oc-231"/>
      </symbol>
      <symbol id="sm-8bb">
         <name>_Eps</name>
         <value>0x200004c0</value>
         <object_component_ref idref="oc-231"/>
      </symbol>
      <symbol id="sm-8bc">
         <name>_Denorm</name>
         <value>0x200004b0</value>
         <object_component_ref idref="oc-231"/>
      </symbol>
      <symbol id="sm-8c4">
         <name>_Errno</name>
         <value>0x20000554</value>
         <object_component_ref idref="oc-23c"/>
      </symbol>
      <symbol id="sm-8e2">
         <name>feraiseexcept</name>
         <value>0x5571</value>
         <object_component_ref idref="oc-236"/>
      </symbol>
      <symbol id="sm-8e3">
         <name>_Tls_setup__Fenv</name>
         <value>0x20000550</value>
         <object_component_ref idref="oc-260"/>
      </symbol>
      <symbol id="sm-8e4">
         <name>_Fenv</name>
         <value>0x2000054c</value>
         <object_component_ref idref="oc-260"/>
      </symbol>
      <symbol id="sm-8f8">
         <name>raise</name>
         <value>0x5633</value>
         <object_component_ref idref="oc-25a"/>
      </symbol>
      <symbol id="sm-912">
         <name>signal</name>
         <value>0x5531</value>
         <object_component_ref idref="oc-26a"/>
      </symbol>
      <symbol id="sm-927">
         <name>_Dnorm</name>
         <value>0x4de9</value>
         <object_component_ref idref="oc-227"/>
      </symbol>
      <symbol id="sm-928">
         <name>__TI_static_base__</name>
         <value>0x0</value>
      </symbol>
   </symbol_table>
   <title>Link successful</title>
</link_info>
