******************************************************************************
                  TI ARM Linker PC v5.2.2                      
******************************************************************************
>> Linked Sun Aug 30 18:07:40 2015

OUTPUT FILE NAME:   <MPU9150 Teapot Demo.out>
ENTRY POINT SYMBOL: "_c_int00"  address: 000053bd


MEMORY CONFIGURATION

         name            origin    length      used     unused   attr    fill
----------------------  --------  ---------  --------  --------  ----  --------
  MAIN                  00000000   00040000  000058c5  0003a73b  R  X
  INFO                  00200000   00004000  00000000  00004000  R  X
  SRAM_CODE             01000000   00010000  00000000  00010000  RW X
  SRAM_DATA             20000000   00010000  000007b0  0000f850  RW  


SEGMENT ALLOCATION MAP

run origin  load origin   length   init length attrs members
----------  ----------- ---------- ----------- ----- -------
00000000    00000000    000058c8   000058c8    r-x
  00000000    00000000    00000144   00000144    r-- .intvecs
  00000144    00000144    0000560c   0000560c    r-x .text
  00005750    00005750    00000101   00000101    r-- .const
  00005854    00005854    00000004   00000004    r-- .init_array
  00005858    00005858    00000070   00000070    r-- .cinit
20000000    20000000    000005b0   00000000    rw-
  20000000    20000000    00000400   00000000    rw- .sysmem
  20000400    20000400    0000015e   00000000    rw- .data
  2000055e    2000055e    00000052   00000000    rw- .bss
2000fe00    2000fe00    00000200   00000000    rw-
  2000fe00    2000fe00    00000200   00000000    rw- .stack


SECTION ALLOCATION MAP

 output                                  attributes/
section   page    origin      length       input sections
--------  ----  ----------  ----------   ----------------
.intvecs   0    00000000    00000144     
                  00000000    00000144     msp432_startup_ccs.obj (.intvecs)

.text      0    00000144    0000560c     
                  00000144    00002770     MPU6050.obj (.text)
                  000028b4    000010ba     rtsv7M4_T_le_v4SPD16_eabi.lib : _printfi.obj (.text)
                  0000396e    00000002     --HOLE-- [fill = 0]
                  00003970    00000798     I2Cdev.obj (.text)
                  00004108    000003dc     rtsv7M4_T_le_v4SPD16_eabi.lib : memory.obj (.text)
                  000044e4    00000218     main.obj (.text)
                  000046fc    000001f4     rtsv7M4_T_le_v4SPD16_eabi.lib : ull_div_t2.obj (.text)
                  000048f0    000001b6                                   : fd_add_t2.obj (.text)
                  00004aa6    00000136                                   : fd_div_t2.obj (.text)
                  00004bdc    00000110                                   : xdscale.obj (.text)
                  00004cec    000000fc                                   : fd_mul_t2.obj (.text)
                  00004de8    000000be                                   : xdnorm.obj (.text)
                  00004ea6    00000002     --HOLE-- [fill = 0]
                  00004ea8    000000ac     UART_A0.obj (.text)
                  00004f54    0000009c     rtsv7M4_T_le_v4SPD16_eabi.lib : memcpy_t2.obj (.text)
                  00004ff0    00000086                                   : fd_cmp_t2.obj (.text:__aeabi_cdcmple)
                  00005076    00000086                                   : fd_cmp_t2.obj (.text:__aeabi_cdrcmple)
                  000050fc    0000007a                                   : memset_t2.obj (.text)
                  00005176    00000002     --HOLE-- [fill = 0]
                  00005178    0000006c                                   : autoinit.obj (.text)
                  000051e4    0000006a                                   : copy_decompress_rle.obj (.text)
                  0000524e    00000066                                   : xdunscal.obj (.text)
                  000052b4    00000060                                   : sprintf.obj (.text)
                  00005314    00000056                                   : ltoa.obj (.text)
                  0000536a    00000052                                   : ldexp.obj (.text)
                  000053bc    00000050                                   : boot.obj (.text)
                  0000540c    0000004c                                   : atoi.obj (.text)
                  00005458    0000004c                                   : cpy_tbl.obj (.text)
                  000054a4    00000048                                   : fd_toi_t2.obj (.text)
                  000054ec    00000044                                   : exit.obj (.text)
                  00005530    00000040                                   : signal.obj (.text)
                  00005570    00000034                                   : feraiseexcept.obj (.text)
                  000055a4    00000030                                   : xdclass.obj (.text)
                  000055d4    00000030                                   : xferaise.obj (.text)
                  00005604    0000002e                                   : i_tofd_t2.obj (.text)
                  00005632    0000002e                                   : raise.obj (.text)
                  00005660    0000002a                                   : frexp.obj (.text)
                  0000568a    00000022                                   : memcmp.obj (.text)
                  000056ac    0000001c                                   : memccpy.obj (.text)
                  000056c8    00000018                                   : args_main.obj (.text)
                  000056e0    00000016                                   : strchr.obj (.text)
                  000056f6    00000002     --HOLE-- [fill = 0]
                  000056f8    00000014                                   : _lock.obj (.text)
                  0000570c    00000014                                   : strlen.obj (.text)
                  00005720    0000000e                                   : copy_decompress_none.obj (.text:decompress:none)
                  0000572e    0000000c                                   : copy_zero_init.obj (.text:decompress:ZI)
                  0000573a    0000000c     msp432_startup_ccs.obj (.text)
                  00005746    00000006     rtsv7M4_T_le_v4SPD16_eabi.lib : copy_decompress_rle.obj (.text:decompress:rle24)
                  0000574c    00000004                                   : pre_init.obj (.text)

.const     0    00005750    00000101     
                  00005750    00000101     rtsv7M4_T_le_v4SPD16_eabi.lib : ctype.obj (.const:.string:_ctypes_)

.init_array 
*          0    00005854    00000004     
                  00005854    00000004     main.obj (.init_array)

.cinit     0    00005858    00000070     
                  00005858    0000004c     (.cinit..data.load) [load image, compression = rle]
                  000058a4    0000000c     (__TI_handler_table)
                  000058b0    00000008     (.cinit..bss.load) [load image, compression = zero_init]
                  000058b8    00000010     (__TI_cinit_table)

.sysmem    0    20000000    00000400     UNINITIALIZED
                  20000000    00000008     rtsv7M4_T_le_v4SPD16_eabi.lib : memory.obj (.sysmem)
                  20000008    000003f8     --HOLE--

.data      0    20000400    0000015e     UNINITIALIZED
                  20000400    000000b0     rtsv7M4_T_le_v4SPD16_eabi.lib : signal.obj (.data:sigtable)
                  200004b0    00000080                                   : xvalues.obj (.data)
                  20000530    0000000c                                   : memory.obj (.data)
                  2000053c    00000008                                   : _lock.obj (.data)
                  20000544    00000008                                   : exit.obj (.data)
                  2000054c    00000008                                   : feraiseexcept.obj (.data)
                  20000554    00000004                                   : errno.obj (.data)
                  20000558    00000004                                   : stkdepth_vars.obj (.data)
                  2000055c    00000002     I2Cdev.obj (.data)

.TI.persistent 
*          0    20000400    00000000     UNINITIALIZED

.bss       0    2000055e    00000052     UNINITIALIZED
                  2000055e    00000034     main.obj (.bss:debugOutput)
                  20000592    00000011     main.obj (.bss)
                  200005a3    00000001     --HOLE--
                  200005a4    00000002     (.common:ax)
                  200005a6    00000002     (.common:ay)
                  200005a8    00000002     (.common:az)
                  200005aa    00000002     (.common:gx)
                  200005ac    00000002     (.common:gy)
                  200005ae    00000002     (.common:gz)

.TI.noinit 
*          0    2000055e    00000000     UNINITIALIZED

.stack     0    2000fe00    00000200     UNINITIALIZED
                  2000fe00    00000200     --HOLE--


LINKER GENERATED COPY TABLES

__TI_cinit_table @ 000058b8 records: 2, size/record: 8, table size: 16
	.data: load addr=00005858, load size=0000004c bytes, run addr=20000400, run size=0000015e bytes, compression=rle
	.bss: load addr=000058b0, load size=00000008 bytes, run addr=2000055e, run size=00000052 bytes, compression=zero_init


LINKER GENERATED HANDLER TABLE

__TI_handler_table @ 000058a4 records: 3, size/record: 4, table size: 12
	index: 0, handler: __TI_decompress_rle24
	index: 1, handler: __TI_decompress_none
	index: 2, handler: __TI_zero_init


GLOBAL SYMBOLS: SORTED ALPHABETICALLY BY Name 

address   name                                               
-------   ----                                               
000054ed  C$$EXIT                                            
00005854  SHT$$INIT_ARRAY$$Base                              
00005858  SHT$$INIT_ARRAY$$Limit                             
4000480c  WDTCTL_SYM                                         
000055a5  _Dclass                                            
200004b0  _Denorm                                            
00004de9  _Dnorm                                             
00004bdd  _Dscale                                            
0000524f  _Dunscale                                          
200004c0  _Eps                                               
20000554  _Errno                                             
2000054c  _Fenv                                              
000055d5  _Feraise                                           
200004d0  _Hugeval                                           
200004e0  _Inf                                               
200004f0  _Nan                                               
20000510  _Rteps                                             
20000500  _Snan                                              
20000550  _Tls_setup__Fenv                                   
20000520  _Xbig                                              
0000459f  _Z11init_clk_48v                                   
000045c5  _Z20MPU9150_setupCompassv                          
00003e95  _ZN6I2Cdev10writeBitsWEhhhht                       
00003f77  _ZN6I2Cdev10writeBytesEhhhPh                       
0000402d  _ZN6I2Cdev10writeWordsEhhhPt                       
2000055c  _ZN6I2Cdev11readTimeoutE                           
000039c1  _ZN6I2Cdev7readBitEhhhPht                          
00003a01  _ZN6I2Cdev8readBitWEhhhPtt                         
00003a41  _ZN6I2Cdev8readBitsEhhhhPht                        
00003b3d  _ZN6I2Cdev8readByteEhhPht                          
00003b6b  _ZN6I2Cdev8readWordEhhPtt                          
00003d45  _ZN6I2Cdev8writeBitEhhhh                           
00003abf  _ZN6I2Cdev9readBitsWEhhhhPtt                       
00003b99  _ZN6I2Cdev9readBytesEhhhPht                        
00003c3d  _ZN6I2Cdev9readWordsEhhhPtt                        
00003da3  _ZN6I2Cdev9writeBitWEhhht                          
00003e03  _ZN6I2Cdev9writeBitsEhhhhh                         
00003f2d  _ZN6I2Cdev9writeByteEhhh                           
00003f55  _ZN6I2Cdev9writeWordEhht                           
00003971  _ZN6I2CdevC1Ev                                     
00003971  _ZN6I2CdevC2Ev                                     
00001415  _ZN7MPU605010getMotion6EPsS0_S0_S0_S0_S0_          
0000135d  _ZN7MPU605010getMotion9EPsS0_S0_S0_S0_S0_S0_S0_S0_ 
00000175  _ZN7MPU605010initializeEv                          
00000401  _ZN7MPU605011getDHPFModeEv                         
0000027b  _ZN7MPU605011getDLPFModeEv                         
00001ec3  _ZN7MPU605011getDeviceIDEv                         
00001e67  _ZN7MPU605011getFIFOByteEv                         
000015a3  _ZN7MPU605011getRotationEPsS0_S0_                  
00000425  _ZN7MPU605011setDHPFModeEh                         
0000029f  _ZN7MPU605011setDLPFModeEh                         
00001e83  _ZN7MPU605011setFIFOByteEh                         
00001e9b  _ZN7MPU605012getFIFOBytesEPhh                      
00001e3d  _ZN7MPU605012getFIFOCountEv                        
0000125d  _ZN7MPU605012getIntStatusEv                        
000015fb  _ZN7MPU605012getRotationXEv                        
00001625  _ZN7MPU605012getRotationYEv                        
0000164f  _ZN7MPU605012getRotationZEv                        
00001ff1  _ZN7MPU605012getXFineGainEv                        
00002027  _ZN7MPU605012getYFineGainEv                        
0000205d  _ZN7MPU605012getZFineGainEv                        
00001b41  _ZN7MPU605012resetSensorsEv                        
0000200f  _ZN7MPU605012setXFineGainEa                        
00002045  _ZN7MPU605012setYFineGainEa                        
0000207b  _ZN7MPU605012setZFineGainEa                        
00002849  _ZN7MPU605013getDMPConfig1Ev                       
0000287d  _ZN7MPU605013getDMPConfig2Ev                       
000023d5  _ZN7MPU605013getDMPEnabledEv                       
000010a5  _ZN7MPU605013getIntEnabledEv                       
00000e7b  _ZN7MPU605013getSlave0NackEv                       
00000e55  _ZN7MPU605013getSlave1NackEv                       
00000e2f  _ZN7MPU605013getSlave2NackEv                       
00000e09  _ZN7MPU605013getSlave3NackEv                       
00000de3  _ZN7MPU605013getSlave4NackEv                       
00002865  _ZN7MPU605013setDMPConfig1Eh                       
00002899  _ZN7MPU605013setDMPConfig2Eh                       
000023fb  _ZN7MPU605013setDMPEnabledEb                       
000010c1  _ZN7MPU605013setIntEnabledEh                       
00002429  _ZN7MPU605013setMemoryBankEhbb                     
0000021f  _ZN7MPU605014checkMagStatusEv                      
00001c35  _ZN7MPU605014getClockSourceEv                      
00001a7f  _ZN7MPU605014getFIFOEnabledEv                      
00001579  _ZN7MPU605014getTemperatureEv                      
00001f21  _ZN7MPU605014getXGyroOffsetEv                      
00001f65  _ZN7MPU605014getYGyroOffsetEv                      
00001fa9  _ZN7MPU605014getZGyroOffsetEv                      
00002491  _ZN7MPU605014readMemoryByteEv                      
00001b2d  _ZN7MPU605014resetI2CMasterEv                      
00001c59  _ZN7MPU605014setClockSourceEh                      
00001aa5  _ZN7MPU605014setFIFOEnabledEb                      
00001f47  _ZN7MPU605014setXGyroOffsetEa                      
00001f8b  _ZN7MPU605014setYGyroOffsetEa                      
00001fcf  _ZN7MPU605014setZGyroOffsetEa                      
0000019b  _ZN7MPU605014testConnectionEv                      
0000149d  _ZN7MPU605015getAccelerationEPsS0_S0_              
000023af  _ZN7MPU605015getIntDMPStatusEv                     
00001ee7  _ZN7MPU605015getOTPBankValidEv                     
00000d97  _ZN7MPU605015getSlave4IsDoneEv                     
000008c7  _ZN7MPU605015getSlaveAddressEh                     
0000098f  _ZN7MPU605015getSlaveEnabledEh                     
00001b69  _ZN7MPU605015getSleepEnabledEv                     
00002093  _ZN7MPU605015getXAccelOffsetEv                     
000020d5  _ZN7MPU605015getYAccelOffsetEv                     
00002117  _ZN7MPU605015getZAccelOffsetEv                     
000024c5  _ZN7MPU605015readMemoryBlockEPhthh                 
00001f07  _ZN7MPU605015setOTPBankValidEb                     
000008fd  _ZN7MPU605015setSlaveAddressEhh                    
000009cf  _ZN7MPU605015setSlaveEnabledEhb                    
00001b8f  _ZN7MPU605015setSleepEnabledEb                     
000020bd  _ZN7MPU605015setXAccelOffsetEs                     
000020ff  _ZN7MPU605015setYAccelOffsetEs                     
00002141  _ZN7MPU605015setZAccelOffsetEs                     
000024ad  _ZN7MPU605015writeMemoryByteEh                     
000014fb  _ZN7MPU605016getAccelerationXEv                    
00001525  _ZN7MPU605016getAccelerationYEv                    
0000154f  _ZN7MPU605016getAccelerationZEv                    
000001b1  _ZN7MPU605016getAuxVDDIOLevelEv                    
00002363  _ZN7MPU605016getDMPInt0StatusEv                    
0000233d  _ZN7MPU605016getDMPInt1StatusEv                    
00002317  _ZN7MPU605016getDMPInt2StatusEv                    
000022f1  _ZN7MPU605016getDMPInt3StatusEv                    
000022cb  _ZN7MPU605016getDMPInt4StatusEv                    
0000229f  _ZN7MPU605016getDMPInt5StatusEv                    
0000225f  _ZN7MPU605016getIntDMPEnabledEv                    
00000ea1  _ZN7MPU605016getInterruptModeEv                    
00000bcd  _ZN7MPU605016getSlave4AddressEv                    
00000c4d  _ZN7MPU605016getSlave4EnabledEv                    
0000092b  _ZN7MPU605016getSlaveRegisterEh                    
00001c77  _ZN7MPU605016getWakeFrequencyEv                    
000001d1  _ZN7MPU605016setAuxVDDIOLevelEh                    
00002285  _ZN7MPU605016setIntDMPEnabledEb                    
00000ec7  _ZN7MPU605016setInterruptModeEb                    
00000be9  _ZN7MPU605016setSlave4AddressEh                    
00000c73  _ZN7MPU605016setSlave4EnabledEb                    
00000961  _ZN7MPU605016setSlaveRegisterEhh                   
00001c9b  _ZN7MPU605016setWakeFrequencyEh                    
00001aff  _ZN7MPU605016switchSPIEnabledEb                    
000025ad  _ZN7MPU605016writeMemoryBlockEPKhthhbb             
000002ff  _ZN7MPU605017getAccelXSelfTestEv                   
0000033f  _ZN7MPU605017getAccelYSelfTestEv                   
0000037f  _ZN7MPU605017getAccelZSelfTestEv                   
00000ee1  _ZN7MPU605017getInterruptDriveEv                   
00000f21  _ZN7MPU605017getInterruptLatchEv                   
00000c01  _ZN7MPU605017getSlave4RegisterEv                   
00000a75  _ZN7MPU605017getSlaveWriteModeEh                   
00000325  _ZN7MPU605017setAccelXSelfTestEb                   
00000365  _ZN7MPU605017setAccelYSelfTestEb                   
000003a5  _ZN7MPU605017setAccelZSelfTestEb                   
00000f07  _ZN7MPU605017setInterruptDriveEb                   
00000f47  _ZN7MPU605017setInterruptLatchEb                   
00000c1d  _ZN7MPU605017setSlave4RegisterEh                   
00000ab5  _ZN7MPU605017setSlaveWriteModeEhb                  
0000129f  _ZN7MPU605018getIntMotionStatusEv                  
00000dbd  _ZN7MPU605018getLostArbitrationEv                  
00000d55  _ZN7MPU605018getSlate4InputByteEv                  
00000cd1  _ZN7MPU605018getSlave4WriteModeEv                  
00000b55  _ZN7MPU605018getSlaveDataLengthEh                  
00000581  _ZN7MPU605018getTempFIFOEnabledEv                  
00002159  _ZN7MPU605018getXGyroOffsetUserEv                  
0000219b  _ZN7MPU605018getYGyroOffsetUserEv                  
000021dd  _ZN7MPU605018getZGyroOffsetUserEv                  
00001979  _ZN7MPU605018resetGyroscopePathEv                  
00000cf9  _ZN7MPU605018setSlave4WriteModeEb                  
00000b99  _ZN7MPU605018setSlaveDataLengthEhh                 
000018b7  _ZN7MPU605018setSlaveOutputByteEhh                 
000005a7  _ZN7MPU605018setTempFIFOEnabledEb                  
00002183  _ZN7MPU605018setXGyroOffsetUserEs                  
000021c5  _ZN7MPU605018setYGyroOffsetUserEs                  
00002207  _ZN7MPU605018setZGyroOffsetUserEs                  
00000681  _ZN7MPU605019getAccelFIFOEnabledEv                 
00001025  _ZN7MPU605019getI2CBypassEnabledEv                 
00001119  _ZN7MPU605019getIntMotionEnabledEv                 
00000885  _ZN7MPU605019getMasterClockSpeedEv                 
00001ba9  _ZN7MPU605019getWakeCycleEnabledEv                 
000005c1  _ZN7MPU605019getXGyroFIFOEnabledEv                 
00000601  _ZN7MPU605019getYGyroFIFOEnabledEv                 
00000641  _ZN7MPU605019getZGyroFIFOEnabledEv                 
000006a7  _ZN7MPU605019setAccelFIFOEnabledEb                 
0000104b  _ZN7MPU605019setI2CBypassEnabledEb                 
0000113f  _ZN7MPU605019setIntMotionEnabledEb                 
000008a9  _ZN7MPU605019setMasterClockSpeedEh                 
00000c35  _ZN7MPU605019setSlave4OutputByteEh                 
00001bcf  _ZN7MPU605019setWakeCycleEnabledEb                 
000005e7  _ZN7MPU605019setXGyroFIFOEnabledEb                 
00000627  _ZN7MPU605019setYGyroFIFOEnabledEb                 
00000667  _ZN7MPU605019setZGyroFIFOEnabledEb                 
00000239  _ZN7MPU605020getExternalFrameSyncEv                
00001279  _ZN7MPU605020getIntFreefallStatusEv                
00002389  _ZN7MPU605020getIntPLLReadyStatusEv                
00000d71  _ZN7MPU605020getPassthroughStatusEv                
00000745  _ZN7MPU605020getSlave0FIFOEnabledEv                
00000701  _ZN7MPU605020getSlave1FIFOEnabledEv                
000006c1  _ZN7MPU605020getSlave2FIFOEnabledEv                
00000805  _ZN7MPU605020getSlave3FIFOEnabledEv                
00000d13  _ZN7MPU605020getSlave4MasterDelayEv                
00001921  _ZN7MPU605020getSlaveDelayEnabledEh                
00000a05  _ZN7MPU605020getSlaveWordByteSwapEh                
00001be9  _ZN7MPU605020getTempSensorEnabledEv                
000019a1  _ZN7MPU605020resetTemperaturePathEv                
0000025d  _ZN7MPU605020setExternalFrameSyncEh                
0000076b  _ZN7MPU605020setSlave0FIFOEnabledEb                
00000727  _ZN7MPU605020setSlave1FIFOEnabledEb                
000006e7  _ZN7MPU605020setSlave2FIFOEnabledEb                
0000082b  _ZN7MPU605020setSlave3FIFOEnabledEb                
00000d37  _ZN7MPU605020setSlave4MasterDelayEh                
00001959  _ZN7MPU605020setSlaveDelayEnabledEhb               
00000a45  _ZN7MPU605020setSlaveWordByteSwapEhb               
00001c0f  _ZN7MPU605020setTempSensorEnabledEb                
00002717  _ZN7MPU605020writeProgMemoryBlockEPKhthhb          
00001065  _ZN7MPU605021getClockOutputEnabledEv               
00001719  _ZN7MPU605021getExternalSensorByteEi               
0000173b  _ZN7MPU605021getExternalSensorWordEi               
000002bd  _ZN7MPU605021getFullScaleGyroRangeEv               
00001337  _ZN7MPU605021getIntDataReadyStatusEv               
000010d9  _ZN7MPU605021getIntFreefallEnabledEv               
00001311  _ZN7MPU605021getIntI2CMasterStatusEv               
0000221f  _ZN7MPU605021getIntPLLReadyEnabledEv               
00000785  _ZN7MPU605021getMultiMasterEnabledEv               
000017ad  _ZN7MPU605021getXNegMotionDetectedEv               
000017d3  _ZN7MPU605021getXPosMotionDetectedEv               
000017f9  _ZN7MPU605021getYNegMotionDetectedEv               
0000181f  _ZN7MPU605021getYPosMotionDetectedEv               
00001845  _ZN7MPU605021getZNegMotionDetectedEv               
0000186b  _ZN7MPU605021getZPosMotionDetectedEv               
00001891  _ZN7MPU605021getZeroMotionDetectedEv               
0000108b  _ZN7MPU605021setClockOutputEnabledEb               
000002e1  _ZN7MPU605021setFullScaleGyroRangeEh               
000010ff  _ZN7MPU605021setIntFreefallEnabledEb               
00002245  _ZN7MPU605021setIntPLLReadyEnabledEb               
00002479  _ZN7MPU605021setMemoryStartAddressEh               
000007ab  _ZN7MPU605021setMultiMasterEnabledEb               
0000176b  _ZN7MPU605022getExternalSensorDWordEi              
00000fa5  _ZN7MPU605022getFSyncInterruptLevelEv              
000003bf  _ZN7MPU605022getFullScaleAccelRangeEv              
0000121d  _ZN7MPU605022getIntDataReadyEnabledEv              
000011d9  _ZN7MPU605022getIntI2CMasterEnabledEv              
000012c5  _ZN7MPU605022getIntZeroMotionStatusEv              
00000f65  _ZN7MPU605022getInterruptLatchClearEv              
00001d7d  _ZN7MPU605022getStandbyXGyroEnabledEv              
00001dbd  _ZN7MPU605022getStandbyYGyroEnabledEv              
00001dfd  _ZN7MPU605022getStandbyZGyroEnabledEv              
0000198d  _ZN7MPU605022resetAccelerometerPathEv              
00000fcb  _ZN7MPU605022setFSyncInterruptLevelEb              
000003e3  _ZN7MPU605022setFullScaleAccelRangeEh              
00001243  _ZN7MPU605022setIntDataReadyEnabledEb              
000011ff  _ZN7MPU605022setIntI2CMasterEnabledEb              
00000f8b  _ZN7MPU605022setInterruptLatchClearEb              
00001da3  _ZN7MPU605022setStandbyXGyroEnabledEb              
00001de3  _ZN7MPU605022setStandbyYGyroEnabledEb              
00001e23  _ZN7MPU605022setStandbyZGyroEnabledEb              
00001abf  _ZN7MPU605023getI2CMasterModeEnabledEv             
00001159  _ZN7MPU605023getIntZeroMotionEnabledEv             
00000ae5  _ZN7MPU605023getSlaveWordGroupOffsetEh             
00001cb9  _ZN7MPU605023getStandbyXAccelEnabledEv             
00001cf9  _ZN7MPU605023getStandbyYAccelEnabledEv             
00001d3d  _ZN7MPU605023getStandbyZAccelEnabledEv             
00001ae5  _ZN7MPU605023setI2CMasterModeEnabledEb             
0000117f  _ZN7MPU605023setIntZeroMotionEnabledEb             
00000b25  _ZN7MPU605023setSlaveWordGroupOffsetEhb            
00001cdf  _ZN7MPU605023setStandbyXAccelEnabledEb             
00001d1f  _ZN7MPU605023setStandbyYAccelEnabledEb             
00001d63  _ZN7MPU605023setStandbyZAccelEnabledEb             
00000fe5  _ZN7MPU605024getFSyncInterruptEnabledEv            
0000100b  _ZN7MPU605024setFSyncInterruptEnabledEb            
0000274b  _ZN7MPU605024writeDMPConfigurationSetEPKhtb        
00000c8d  _ZN7MPU605025getSlave4InterruptEnabledEv           
00000cb3  _ZN7MPU605025setSlave4InterruptEnabledEb           
000004e5  _ZN7MPU605026getMotionDetectionDurationEv          
00000501  _ZN7MPU605026setMotionDetectionDurationEh          
000004b1  _ZN7MPU605027getMotionDetectionThresholdEv         
000004cd  _ZN7MPU605027setMotionDetectionThresholdEh         
000019b5  _ZN7MPU605028getAccelerometerPowerOnDelayEv        
0000047d  _ZN7MPU605028getFreefallDetectionDurationEv        
000019d9  _ZN7MPU605028setAccelerometerPowerOnDelayEh        
00000499  _ZN7MPU605028setFreefallDetectionDurationEh        
0000282f  _ZN7MPU605028writeProgDMPConfigurationSetEPKht     
000018e1  _ZN7MPU605029getExternalShadowDelayEnabledEv       
00000443  _ZN7MPU605029getFreefallDetectionThresholdEv       
00001907  _ZN7MPU605029setExternalShadowDelayEnabledEb       
0000045f  _ZN7MPU605029setFreefallDetectionThresholdEh       
000012eb  _ZN7MPU605030getIntFIFOBufferOverflowStatusEv      
0000054d  _ZN7MPU605030getZeroMotionDetectionDurationEv      
00000569  _ZN7MPU605030setZeroMotionDetectionDurationEh      
00001199  _ZN7MPU605031getIntFIFOBufferOverflowEnabledEv     
000007c5  _ZN7MPU605031getWaitForExternalSensorEnabledEv     
00000519  _ZN7MPU605031getZeroMotionDetectionThresholdEv     
000011bf  _ZN7MPU605031setIntFIFOBufferOverflowEnabledEb     
000007eb  _ZN7MPU605031setWaitForExternalSensorEnabledEb     
00000535  _ZN7MPU605031setZeroMotionDetectionThresholdEh     
00001a39  _ZN7MPU605034getMotionDetectionCounterDecrementEv  
00000845  _ZN7MPU605034getSlaveReadWriteTransitionEnabledEv  
00001a61  _ZN7MPU605034setMotionDetectionCounterDecrementEh  
0000086b  _ZN7MPU605034setSlaveReadWriteTransitionEnabledEb  
000019f7  _ZN7MPU605036getFreefallDetectionCounterDecrementEv
00001a1b  _ZN7MPU605036setFreefallDetectionCounterDecrementEh
00001b55  _ZN7MPU60505resetEv                                
00001679  _ZN7MPU60506getMagEPsS0_S0_                        
000001eb  _ZN7MPU60507getRateEv                              
00000207  _ZN7MPU60507setRateEh                              
00002415  _ZN7MPU60508resetDMPEv                             
00001b19  _ZN7MPU60509resetFIFOEv                            
00000159  _ZN7MPU6050C1Eh                                    
00000145  _ZN7MPU6050C1Ev                                    
00000159  _ZN7MPU6050C2Eh                                    
00000145  _ZN7MPU6050C2Ev                                    
00004ef1  _ZN7UART_A010sendStringEPc                         
00004f19  _ZN7UART_A08sendCharEc                             
00004ea9  _ZN7UART_A0C1Ev                                    
00004ea9  _ZN7UART_A0C2Ev                                    
20000528  _Zero                                              
20010000  __STACK_END                                        
00000200  __STACK_SIZE                                       
00000400  __SYSMEM_SIZE                                      
000058b8  __TI_CINIT_Base                                    
000058c8  __TI_CINIT_Limit                                   
000058a4  __TI_Handler_Table_Base                            
000058b0  __TI_Handler_Table_Limit                           
00005179  __TI_auto_init                                     
20000544  __TI_cleanup_ptr                                   
00005721  __TI_decompress_none                               
00005747  __TI_decompress_rle24                              
20000548  __TI_dtors_ptr                                     
00003669  __TI_printfi                                       
00000000  __TI_static_base__                                 
0000572f  __TI_zero_init                                     
00004ff1  __aeabi_cdcmpeq                                    
00004ff1  __aeabi_cdcmple                                    
00005077  __aeabi_cdrcmple                                   
000054a5  __aeabi_d2iz                                       
000048fb  __aeabi_dadd                                       
00004aa7  __aeabi_ddiv                                       
00004ced  __aeabi_dmul                                       
000048f1  __aeabi_dsub                                       
00005605  __aeabi_i2d                                        
000050fd  __aeabi_memclr                                     
000050fd  __aeabi_memclr4                                    
000050fd  __aeabi_memclr8                                    
00004f55  __aeabi_memcpy                                     
00004f55  __aeabi_memcpy4                                    
00004f55  __aeabi_memcpy8                                    
000050ff  __aeabi_memset                                     
000050ff  __aeabi_memset4                                    
000050ff  __aeabi_memset8                                    
000046fd  __aeabi_uldivmod                                   
ffffffff  __binit__                                          
ffffffff  __c_args__                                         
2000fe00  __stack                                            
0000466f  __sti___8_main_cpp_70058f14                        
000056c9  _args_main                                         
000053bd  _c_int00                                           
00005750  _ctypes_                                           
2000053c  _lock                                              
00005707  _nop                                               
000056ff  _register_lock                                     
000056f9  _register_unlock                                   
20000000  _sys_memory                                        
0000574d  _system_pre_init                                   
20000540  _unlock                                            
000054f1  abort                                              
20000592  accelgyro                                          
0000540d  atoi                                               
200005a4  ax                                                 
200005a6  ay                                                 
200005a8  az                                                 
ffffffff  binit                                              
000044b1  calloc                                             
00005459  copy_in                                            
2000055e  debugOutput                                        
000054f9  exit                                               
00005571  feraiseexcept                                      
000041ff  free                                               
00005661  frexp                                              
200005aa  gx                                                 
200005ac  gy                                                 
200005ae  gz                                                 
200005a1  i2cdev                                             
00000000  interruptVectors                                   
0000536b  ldexp                                              
00005315  ltoa                                               
000044e5  main                                               
20000558  main_func_sp                                       
00004197  malloc                                             
000043cd  memalign                                           
000056ad  memccpy                                            
0000568b  memcmp                                             
00004f55  memcpy                                             
00005105  memset                                             
00004109  minit                                              
00005633  raise                                              
000042c1  realloc                                            
00005531  signal                                             
000052b5  sprintf                                            
000056e1  strchr                                             
0000570d  strlen                                             
200005a2  uartA0                                             


GLOBAL SYMBOLS: SORTED BY Symbol Address 

address   name                                               
-------   ----                                               
00000000  __TI_static_base__                                 
00000000  interruptVectors                                   
00000145  _ZN7MPU6050C1Ev                                    
00000145  _ZN7MPU6050C2Ev                                    
00000159  _ZN7MPU6050C1Eh                                    
00000159  _ZN7MPU6050C2Eh                                    
00000175  _ZN7MPU605010initializeEv                          
0000019b  _ZN7MPU605014testConnectionEv                      
000001b1  _ZN7MPU605016getAuxVDDIOLevelEv                    
000001d1  _ZN7MPU605016setAuxVDDIOLevelEh                    
000001eb  _ZN7MPU60507getRateEv                              
00000200  __STACK_SIZE                                       
00000207  _ZN7MPU60507setRateEh                              
0000021f  _ZN7MPU605014checkMagStatusEv                      
00000239  _ZN7MPU605020getExternalFrameSyncEv                
0000025d  _ZN7MPU605020setExternalFrameSyncEh                
0000027b  _ZN7MPU605011getDLPFModeEv                         
0000029f  _ZN7MPU605011setDLPFModeEh                         
000002bd  _ZN7MPU605021getFullScaleGyroRangeEv               
000002e1  _ZN7MPU605021setFullScaleGyroRangeEh               
000002ff  _ZN7MPU605017getAccelXSelfTestEv                   
00000325  _ZN7MPU605017setAccelXSelfTestEb                   
0000033f  _ZN7MPU605017getAccelYSelfTestEv                   
00000365  _ZN7MPU605017setAccelYSelfTestEb                   
0000037f  _ZN7MPU605017getAccelZSelfTestEv                   
000003a5  _ZN7MPU605017setAccelZSelfTestEb                   
000003bf  _ZN7MPU605022getFullScaleAccelRangeEv              
000003e3  _ZN7MPU605022setFullScaleAccelRangeEh              
00000400  __SYSMEM_SIZE                                      
00000401  _ZN7MPU605011getDHPFModeEv                         
00000425  _ZN7MPU605011setDHPFModeEh                         
00000443  _ZN7MPU605029getFreefallDetectionThresholdEv       
0000045f  _ZN7MPU605029setFreefallDetectionThresholdEh       
0000047d  _ZN7MPU605028getFreefallDetectionDurationEv        
00000499  _ZN7MPU605028setFreefallDetectionDurationEh        
000004b1  _ZN7MPU605027getMotionDetectionThresholdEv         
000004cd  _ZN7MPU605027setMotionDetectionThresholdEh         
000004e5  _ZN7MPU605026getMotionDetectionDurationEv          
00000501  _ZN7MPU605026setMotionDetectionDurationEh          
00000519  _ZN7MPU605031getZeroMotionDetectionThresholdEv     
00000535  _ZN7MPU605031setZeroMotionDetectionThresholdEh     
0000054d  _ZN7MPU605030getZeroMotionDetectionDurationEv      
00000569  _ZN7MPU605030setZeroMotionDetectionDurationEh      
00000581  _ZN7MPU605018getTempFIFOEnabledEv                  
000005a7  _ZN7MPU605018setTempFIFOEnabledEb                  
000005c1  _ZN7MPU605019getXGyroFIFOEnabledEv                 
000005e7  _ZN7MPU605019setXGyroFIFOEnabledEb                 
00000601  _ZN7MPU605019getYGyroFIFOEnabledEv                 
00000627  _ZN7MPU605019setYGyroFIFOEnabledEb                 
00000641  _ZN7MPU605019getZGyroFIFOEnabledEv                 
00000667  _ZN7MPU605019setZGyroFIFOEnabledEb                 
00000681  _ZN7MPU605019getAccelFIFOEnabledEv                 
000006a7  _ZN7MPU605019setAccelFIFOEnabledEb                 
000006c1  _ZN7MPU605020getSlave2FIFOEnabledEv                
000006e7  _ZN7MPU605020setSlave2FIFOEnabledEb                
00000701  _ZN7MPU605020getSlave1FIFOEnabledEv                
00000727  _ZN7MPU605020setSlave1FIFOEnabledEb                
00000745  _ZN7MPU605020getSlave0FIFOEnabledEv                
0000076b  _ZN7MPU605020setSlave0FIFOEnabledEb                
00000785  _ZN7MPU605021getMultiMasterEnabledEv               
000007ab  _ZN7MPU605021setMultiMasterEnabledEb               
000007c5  _ZN7MPU605031getWaitForExternalSensorEnabledEv     
000007eb  _ZN7MPU605031setWaitForExternalSensorEnabledEb     
00000805  _ZN7MPU605020getSlave3FIFOEnabledEv                
0000082b  _ZN7MPU605020setSlave3FIFOEnabledEb                
00000845  _ZN7MPU605034getSlaveReadWriteTransitionEnabledEv  
0000086b  _ZN7MPU605034setSlaveReadWriteTransitionEnabledEb  
00000885  _ZN7MPU605019getMasterClockSpeedEv                 
000008a9  _ZN7MPU605019setMasterClockSpeedEh                 
000008c7  _ZN7MPU605015getSlaveAddressEh                     
000008fd  _ZN7MPU605015setSlaveAddressEhh                    
0000092b  _ZN7MPU605016getSlaveRegisterEh                    
00000961  _ZN7MPU605016setSlaveRegisterEhh                   
0000098f  _ZN7MPU605015getSlaveEnabledEh                     
000009cf  _ZN7MPU605015setSlaveEnabledEhb                    
00000a05  _ZN7MPU605020getSlaveWordByteSwapEh                
00000a45  _ZN7MPU605020setSlaveWordByteSwapEhb               
00000a75  _ZN7MPU605017getSlaveWriteModeEh                   
00000ab5  _ZN7MPU605017setSlaveWriteModeEhb                  
00000ae5  _ZN7MPU605023getSlaveWordGroupOffsetEh             
00000b25  _ZN7MPU605023setSlaveWordGroupOffsetEhb            
00000b55  _ZN7MPU605018getSlaveDataLengthEh                  
00000b99  _ZN7MPU605018setSlaveDataLengthEhh                 
00000bcd  _ZN7MPU605016getSlave4AddressEv                    
00000be9  _ZN7MPU605016setSlave4AddressEh                    
00000c01  _ZN7MPU605017getSlave4RegisterEv                   
00000c1d  _ZN7MPU605017setSlave4RegisterEh                   
00000c35  _ZN7MPU605019setSlave4OutputByteEh                 
00000c4d  _ZN7MPU605016getSlave4EnabledEv                    
00000c73  _ZN7MPU605016setSlave4EnabledEb                    
00000c8d  _ZN7MPU605025getSlave4InterruptEnabledEv           
00000cb3  _ZN7MPU605025setSlave4InterruptEnabledEb           
00000cd1  _ZN7MPU605018getSlave4WriteModeEv                  
00000cf9  _ZN7MPU605018setSlave4WriteModeEb                  
00000d13  _ZN7MPU605020getSlave4MasterDelayEv                
00000d37  _ZN7MPU605020setSlave4MasterDelayEh                
00000d55  _ZN7MPU605018getSlate4InputByteEv                  
00000d71  _ZN7MPU605020getPassthroughStatusEv                
00000d97  _ZN7MPU605015getSlave4IsDoneEv                     
00000dbd  _ZN7MPU605018getLostArbitrationEv                  
00000de3  _ZN7MPU605013getSlave4NackEv                       
00000e09  _ZN7MPU605013getSlave3NackEv                       
00000e2f  _ZN7MPU605013getSlave2NackEv                       
00000e55  _ZN7MPU605013getSlave1NackEv                       
00000e7b  _ZN7MPU605013getSlave0NackEv                       
00000ea1  _ZN7MPU605016getInterruptModeEv                    
00000ec7  _ZN7MPU605016setInterruptModeEb                    
00000ee1  _ZN7MPU605017getInterruptDriveEv                   
00000f07  _ZN7MPU605017setInterruptDriveEb                   
00000f21  _ZN7MPU605017getInterruptLatchEv                   
00000f47  _ZN7MPU605017setInterruptLatchEb                   
00000f65  _ZN7MPU605022getInterruptLatchClearEv              
00000f8b  _ZN7MPU605022setInterruptLatchClearEb              
00000fa5  _ZN7MPU605022getFSyncInterruptLevelEv              
00000fcb  _ZN7MPU605022setFSyncInterruptLevelEb              
00000fe5  _ZN7MPU605024getFSyncInterruptEnabledEv            
0000100b  _ZN7MPU605024setFSyncInterruptEnabledEb            
00001025  _ZN7MPU605019getI2CBypassEnabledEv                 
0000104b  _ZN7MPU605019setI2CBypassEnabledEb                 
00001065  _ZN7MPU605021getClockOutputEnabledEv               
0000108b  _ZN7MPU605021setClockOutputEnabledEb               
000010a5  _ZN7MPU605013getIntEnabledEv                       
000010c1  _ZN7MPU605013setIntEnabledEh                       
000010d9  _ZN7MPU605021getIntFreefallEnabledEv               
000010ff  _ZN7MPU605021setIntFreefallEnabledEb               
00001119  _ZN7MPU605019getIntMotionEnabledEv                 
0000113f  _ZN7MPU605019setIntMotionEnabledEb                 
00001159  _ZN7MPU605023getIntZeroMotionEnabledEv             
0000117f  _ZN7MPU605023setIntZeroMotionEnabledEb             
00001199  _ZN7MPU605031getIntFIFOBufferOverflowEnabledEv     
000011bf  _ZN7MPU605031setIntFIFOBufferOverflowEnabledEb     
000011d9  _ZN7MPU605022getIntI2CMasterEnabledEv              
000011ff  _ZN7MPU605022setIntI2CMasterEnabledEb              
0000121d  _ZN7MPU605022getIntDataReadyEnabledEv              
00001243  _ZN7MPU605022setIntDataReadyEnabledEb              
0000125d  _ZN7MPU605012getIntStatusEv                        
00001279  _ZN7MPU605020getIntFreefallStatusEv                
0000129f  _ZN7MPU605018getIntMotionStatusEv                  
000012c5  _ZN7MPU605022getIntZeroMotionStatusEv              
000012eb  _ZN7MPU605030getIntFIFOBufferOverflowStatusEv      
00001311  _ZN7MPU605021getIntI2CMasterStatusEv               
00001337  _ZN7MPU605021getIntDataReadyStatusEv               
0000135d  _ZN7MPU605010getMotion9EPsS0_S0_S0_S0_S0_S0_S0_S0_ 
00001415  _ZN7MPU605010getMotion6EPsS0_S0_S0_S0_S0_          
0000149d  _ZN7MPU605015getAccelerationEPsS0_S0_              
000014fb  _ZN7MPU605016getAccelerationXEv                    
00001525  _ZN7MPU605016getAccelerationYEv                    
0000154f  _ZN7MPU605016getAccelerationZEv                    
00001579  _ZN7MPU605014getTemperatureEv                      
000015a3  _ZN7MPU605011getRotationEPsS0_S0_                  
000015fb  _ZN7MPU605012getRotationXEv                        
00001625  _ZN7MPU605012getRotationYEv                        
0000164f  _ZN7MPU605012getRotationZEv                        
00001679  _ZN7MPU60506getMagEPsS0_S0_                        
00001719  _ZN7MPU605021getExternalSensorByteEi               
0000173b  _ZN7MPU605021getExternalSensorWordEi               
0000176b  _ZN7MPU605022getExternalSensorDWordEi              
000017ad  _ZN7MPU605021getXNegMotionDetectedEv               
000017d3  _ZN7MPU605021getXPosMotionDetectedEv               
000017f9  _ZN7MPU605021getYNegMotionDetectedEv               
0000181f  _ZN7MPU605021getYPosMotionDetectedEv               
00001845  _ZN7MPU605021getZNegMotionDetectedEv               
0000186b  _ZN7MPU605021getZPosMotionDetectedEv               
00001891  _ZN7MPU605021getZeroMotionDetectedEv               
000018b7  _ZN7MPU605018setSlaveOutputByteEhh                 
000018e1  _ZN7MPU605029getExternalShadowDelayEnabledEv       
00001907  _ZN7MPU605029setExternalShadowDelayEnabledEb       
00001921  _ZN7MPU605020getSlaveDelayEnabledEh                
00001959  _ZN7MPU605020setSlaveDelayEnabledEhb               
00001979  _ZN7MPU605018resetGyroscopePathEv                  
0000198d  _ZN7MPU605022resetAccelerometerPathEv              
000019a1  _ZN7MPU605020resetTemperaturePathEv                
000019b5  _ZN7MPU605028getAccelerometerPowerOnDelayEv        
000019d9  _ZN7MPU605028setAccelerometerPowerOnDelayEh        
000019f7  _ZN7MPU605036getFreefallDetectionCounterDecrementEv
00001a1b  _ZN7MPU605036setFreefallDetectionCounterDecrementEh
00001a39  _ZN7MPU605034getMotionDetectionCounterDecrementEv  
00001a61  _ZN7MPU605034setMotionDetectionCounterDecrementEh  
00001a7f  _ZN7MPU605014getFIFOEnabledEv                      
00001aa5  _ZN7MPU605014setFIFOEnabledEb                      
00001abf  _ZN7MPU605023getI2CMasterModeEnabledEv             
00001ae5  _ZN7MPU605023setI2CMasterModeEnabledEb             
00001aff  _ZN7MPU605016switchSPIEnabledEb                    
00001b19  _ZN7MPU60509resetFIFOEv                            
00001b2d  _ZN7MPU605014resetI2CMasterEv                      
00001b41  _ZN7MPU605012resetSensorsEv                        
00001b55  _ZN7MPU60505resetEv                                
00001b69  _ZN7MPU605015getSleepEnabledEv                     
00001b8f  _ZN7MPU605015setSleepEnabledEb                     
00001ba9  _ZN7MPU605019getWakeCycleEnabledEv                 
00001bcf  _ZN7MPU605019setWakeCycleEnabledEb                 
00001be9  _ZN7MPU605020getTempSensorEnabledEv                
00001c0f  _ZN7MPU605020setTempSensorEnabledEb                
00001c35  _ZN7MPU605014getClockSourceEv                      
00001c59  _ZN7MPU605014setClockSourceEh                      
00001c77  _ZN7MPU605016getWakeFrequencyEv                    
00001c9b  _ZN7MPU605016setWakeFrequencyEh                    
00001cb9  _ZN7MPU605023getStandbyXAccelEnabledEv             
00001cdf  _ZN7MPU605023setStandbyXAccelEnabledEb             
00001cf9  _ZN7MPU605023getStandbyYAccelEnabledEv             
00001d1f  _ZN7MPU605023setStandbyYAccelEnabledEb             
00001d3d  _ZN7MPU605023getStandbyZAccelEnabledEv             
00001d63  _ZN7MPU605023setStandbyZAccelEnabledEb             
00001d7d  _ZN7MPU605022getStandbyXGyroEnabledEv              
00001da3  _ZN7MPU605022setStandbyXGyroEnabledEb              
00001dbd  _ZN7MPU605022getStandbyYGyroEnabledEv              
00001de3  _ZN7MPU605022setStandbyYGyroEnabledEb              
00001dfd  _ZN7MPU605022getStandbyZGyroEnabledEv              
00001e23  _ZN7MPU605022setStandbyZGyroEnabledEb              
00001e3d  _ZN7MPU605012getFIFOCountEv                        
00001e67  _ZN7MPU605011getFIFOByteEv                         
00001e83  _ZN7MPU605011setFIFOByteEh                         
00001e9b  _ZN7MPU605012getFIFOBytesEPhh                      
00001ec3  _ZN7MPU605011getDeviceIDEv                         
00001ee7  _ZN7MPU605015getOTPBankValidEv                     
00001f07  _ZN7MPU605015setOTPBankValidEb                     
00001f21  _ZN7MPU605014getXGyroOffsetEv                      
00001f47  _ZN7MPU605014setXGyroOffsetEa                      
00001f65  _ZN7MPU605014getYGyroOffsetEv                      
00001f8b  _ZN7MPU605014setYGyroOffsetEa                      
00001fa9  _ZN7MPU605014getZGyroOffsetEv                      
00001fcf  _ZN7MPU605014setZGyroOffsetEa                      
00001ff1  _ZN7MPU605012getXFineGainEv                        
0000200f  _ZN7MPU605012setXFineGainEa                        
00002027  _ZN7MPU605012getYFineGainEv                        
00002045  _ZN7MPU605012setYFineGainEa                        
0000205d  _ZN7MPU605012getZFineGainEv                        
0000207b  _ZN7MPU605012setZFineGainEa                        
00002093  _ZN7MPU605015getXAccelOffsetEv                     
000020bd  _ZN7MPU605015setXAccelOffsetEs                     
000020d5  _ZN7MPU605015getYAccelOffsetEv                     
000020ff  _ZN7MPU605015setYAccelOffsetEs                     
00002117  _ZN7MPU605015getZAccelOffsetEv                     
00002141  _ZN7MPU605015setZAccelOffsetEs                     
00002159  _ZN7MPU605018getXGyroOffsetUserEv                  
00002183  _ZN7MPU605018setXGyroOffsetUserEs                  
0000219b  _ZN7MPU605018getYGyroOffsetUserEv                  
000021c5  _ZN7MPU605018setYGyroOffsetUserEs                  
000021dd  _ZN7MPU605018getZGyroOffsetUserEv                  
00002207  _ZN7MPU605018setZGyroOffsetUserEs                  
0000221f  _ZN7MPU605021getIntPLLReadyEnabledEv               
00002245  _ZN7MPU605021setIntPLLReadyEnabledEb               
0000225f  _ZN7MPU605016getIntDMPEnabledEv                    
00002285  _ZN7MPU605016setIntDMPEnabledEb                    
0000229f  _ZN7MPU605016getDMPInt5StatusEv                    
000022cb  _ZN7MPU605016getDMPInt4StatusEv                    
000022f1  _ZN7MPU605016getDMPInt3StatusEv                    
00002317  _ZN7MPU605016getDMPInt2StatusEv                    
0000233d  _ZN7MPU605016getDMPInt1StatusEv                    
00002363  _ZN7MPU605016getDMPInt0StatusEv                    
00002389  _ZN7MPU605020getIntPLLReadyStatusEv                
000023af  _ZN7MPU605015getIntDMPStatusEv                     
000023d5  _ZN7MPU605013getDMPEnabledEv                       
000023fb  _ZN7MPU605013setDMPEnabledEb                       
00002415  _ZN7MPU60508resetDMPEv                             
00002429  _ZN7MPU605013setMemoryBankEhbb                     
00002479  _ZN7MPU605021setMemoryStartAddressEh               
00002491  _ZN7MPU605014readMemoryByteEv                      
000024ad  _ZN7MPU605015writeMemoryByteEh                     
000024c5  _ZN7MPU605015readMemoryBlockEPhthh                 
000025ad  _ZN7MPU605016writeMemoryBlockEPKhthhbb             
00002717  _ZN7MPU605020writeProgMemoryBlockEPKhthhb          
0000274b  _ZN7MPU605024writeDMPConfigurationSetEPKhtb        
0000282f  _ZN7MPU605028writeProgDMPConfigurationSetEPKht     
00002849  _ZN7MPU605013getDMPConfig1Ev                       
00002865  _ZN7MPU605013setDMPConfig1Eh                       
0000287d  _ZN7MPU605013getDMPConfig2Ev                       
00002899  _ZN7MPU605013setDMPConfig2Eh                       
00003669  __TI_printfi                                       
00003971  _ZN6I2CdevC1Ev                                     
00003971  _ZN6I2CdevC2Ev                                     
000039c1  _ZN6I2Cdev7readBitEhhhPht                          
00003a01  _ZN6I2Cdev8readBitWEhhhPtt                         
00003a41  _ZN6I2Cdev8readBitsEhhhhPht                        
00003abf  _ZN6I2Cdev9readBitsWEhhhhPtt                       
00003b3d  _ZN6I2Cdev8readByteEhhPht                          
00003b6b  _ZN6I2Cdev8readWordEhhPtt                          
00003b99  _ZN6I2Cdev9readBytesEhhhPht                        
00003c3d  _ZN6I2Cdev9readWordsEhhhPtt                        
00003d45  _ZN6I2Cdev8writeBitEhhhh                           
00003da3  _ZN6I2Cdev9writeBitWEhhht                          
00003e03  _ZN6I2Cdev9writeBitsEhhhhh                         
00003e95  _ZN6I2Cdev10writeBitsWEhhhht                       
00003f2d  _ZN6I2Cdev9writeByteEhhh                           
00003f55  _ZN6I2Cdev9writeWordEhht                           
00003f77  _ZN6I2Cdev10writeBytesEhhhPh                       
0000402d  _ZN6I2Cdev10writeWordsEhhhPt                       
00004109  minit                                              
00004197  malloc                                             
000041ff  free                                               
000042c1  realloc                                            
000043cd  memalign                                           
000044b1  calloc                                             
000044e5  main                                               
0000459f  _Z11init_clk_48v                                   
000045c5  _Z20MPU9150_setupCompassv                          
0000466f  __sti___8_main_cpp_70058f14                        
000046fd  __aeabi_uldivmod                                   
000048f1  __aeabi_dsub                                       
000048fb  __aeabi_dadd                                       
00004aa7  __aeabi_ddiv                                       
00004bdd  _Dscale                                            
00004ced  __aeabi_dmul                                       
00004de9  _Dnorm                                             
00004ea9  _ZN7UART_A0C1Ev                                    
00004ea9  _ZN7UART_A0C2Ev                                    
00004ef1  _ZN7UART_A010sendStringEPc                         
00004f19  _ZN7UART_A08sendCharEc                             
00004f55  __aeabi_memcpy                                     
00004f55  __aeabi_memcpy4                                    
00004f55  __aeabi_memcpy8                                    
00004f55  memcpy                                             
00004ff1  __aeabi_cdcmpeq                                    
00004ff1  __aeabi_cdcmple                                    
00005077  __aeabi_cdrcmple                                   
000050fd  __aeabi_memclr                                     
000050fd  __aeabi_memclr4                                    
000050fd  __aeabi_memclr8                                    
000050ff  __aeabi_memset                                     
000050ff  __aeabi_memset4                                    
000050ff  __aeabi_memset8                                    
00005105  memset                                             
00005179  __TI_auto_init                                     
0000524f  _Dunscale                                          
000052b5  sprintf                                            
00005315  ltoa                                               
0000536b  ldexp                                              
000053bd  _c_int00                                           
0000540d  atoi                                               
00005459  copy_in                                            
000054a5  __aeabi_d2iz                                       
000054ed  C$$EXIT                                            
000054f1  abort                                              
000054f9  exit                                               
00005531  signal                                             
00005571  feraiseexcept                                      
000055a5  _Dclass                                            
000055d5  _Feraise                                           
00005605  __aeabi_i2d                                        
00005633  raise                                              
00005661  frexp                                              
0000568b  memcmp                                             
000056ad  memccpy                                            
000056c9  _args_main                                         
000056e1  strchr                                             
000056f9  _register_unlock                                   
000056ff  _register_lock                                     
00005707  _nop                                               
0000570d  strlen                                             
00005721  __TI_decompress_none                               
0000572f  __TI_zero_init                                     
00005747  __TI_decompress_rle24                              
0000574d  _system_pre_init                                   
00005750  _ctypes_                                           
00005854  SHT$$INIT_ARRAY$$Base                              
00005858  SHT$$INIT_ARRAY$$Limit                             
000058a4  __TI_Handler_Table_Base                            
000058b0  __TI_Handler_Table_Limit                           
000058b8  __TI_CINIT_Base                                    
000058c8  __TI_CINIT_Limit                                   
20000000  _sys_memory                                        
200004b0  _Denorm                                            
200004c0  _Eps                                               
200004d0  _Hugeval                                           
200004e0  _Inf                                               
200004f0  _Nan                                               
20000500  _Snan                                              
20000510  _Rteps                                             
20000520  _Xbig                                              
20000528  _Zero                                              
2000053c  _lock                                              
20000540  _unlock                                            
20000544  __TI_cleanup_ptr                                   
20000548  __TI_dtors_ptr                                     
2000054c  _Fenv                                              
20000550  _Tls_setup__Fenv                                   
20000554  _Errno                                             
20000558  main_func_sp                                       
2000055c  _ZN6I2Cdev11readTimeoutE                           
2000055e  debugOutput                                        
20000592  accelgyro                                          
200005a1  i2cdev                                             
200005a2  uartA0                                             
200005a4  ax                                                 
200005a6  ay                                                 
200005a8  az                                                 
200005aa  gx                                                 
200005ac  gy                                                 
200005ae  gz                                                 
2000fe00  __stack                                            
20010000  __STACK_END                                        
4000480c  WDTCTL_SYM                                         
ffffffff  __binit__                                          
ffffffff  __c_args__                                         
ffffffff  binit                                              

[395 symbols]
