<?xml version="1.0"?>
<link_info>
   <banner>TI ARM Linker PC v5.2.2</banner>
   <copyright>Copyright (c) 1996-2015 Texas Instruments Incorporated</copyright>
   <link_time>0x55e51dce</link_time>
   <link_errors>0x0</link_errors>
   <output_file>MSP432_Swarm_CCS.out</output_file>
   <entry_point>
      <name>_c_int00</name>
      <address>0x53b5</address>
   </entry_point>
   <input_file_list>
      <input_file id="fl-2">
         <path>.\</path>
         <kind>object</kind>
         <file>main.obj</file>
         <name>main.obj</name>
      </input_file>
      <input_file id="fl-3">
         <path>.\</path>
         <kind>object</kind>
         <file>msp432_startup_ccs.obj</file>
         <name>msp432_startup_ccs.obj</name>
      </input_file>
      <input_file id="fl-4">
         <path>.\UART\</path>
         <kind>object</kind>
         <file>UART_A0.obj</file>
         <name>UART_A0.obj</name>
      </input_file>
      <input_file id="fl-5">
         <path>.\IMU\</path>
         <kind>object</kind>
         <file>I2Cdev.obj</file>
         <name>I2Cdev.obj</name>
      </input_file>
      <input_file id="fl-6">
         <path>.\IMU\</path>
         <kind>object</kind>
         <file>MPU6050.obj</file>
         <name>MPU6050.obj</name>
      </input_file>
      <input_file id="fl-12c">
         <path>C:\ti\ccsv6\tools\compiler\ti-cgt-arm_5.2.2\lib\</path>
         <kind>archive</kind>
         <file>rtsv7M4_T_le_v4SPD16_eabi.lib</file>
         <name>boot.obj</name>
      </input_file>
      <input_file id="fl-12d">
         <path>C:\ti\ccsv6\tools\compiler\ti-cgt-arm_5.2.2\lib\</path>
         <kind>archive</kind>
         <file>rtsv7M4_T_le_v4SPD16_eabi.lib</file>
         <name>copy_decompress_none.obj</name>
      </input_file>
      <input_file id="fl-12e">
         <path>C:\ti\ccsv6\tools\compiler\ti-cgt-arm_5.2.2\lib\</path>
         <kind>archive</kind>
         <file>rtsv7M4_T_le_v4SPD16_eabi.lib</file>
         <name>copy_decompress_rle.obj</name>
      </input_file>
      <input_file id="fl-12f">
         <path>C:\ti\ccsv6\tools\compiler\ti-cgt-arm_5.2.2\lib\</path>
         <kind>archive</kind>
         <file>rtsv7M4_T_le_v4SPD16_eabi.lib</file>
         <name>copy_zero_init.obj</name>
      </input_file>
      <input_file id="fl-130">
         <path>C:\ti\ccsv6\tools\compiler\ti-cgt-arm_5.2.2\lib\</path>
         <kind>archive</kind>
         <file>rtsv7M4_T_le_v4SPD16_eabi.lib</file>
         <name>exit.obj</name>
      </input_file>
      <input_file id="fl-131">
         <path>C:\ti\ccsv6\tools\compiler\ti-cgt-arm_5.2.2\lib\</path>
         <kind>archive</kind>
         <file>rtsv7M4_T_le_v4SPD16_eabi.lib</file>
         <name>memcmp.obj</name>
      </input_file>
      <input_file id="fl-132">
         <path>C:\ti\ccsv6\tools\compiler\ti-cgt-arm_5.2.2\lib\</path>
         <kind>archive</kind>
         <file>rtsv7M4_T_le_v4SPD16_eabi.lib</file>
         <name>memcpy_t2.obj</name>
      </input_file>
      <input_file id="fl-133">
         <path>C:\ti\ccsv6\tools\compiler\ti-cgt-arm_5.2.2\lib\</path>
         <kind>archive</kind>
         <file>rtsv7M4_T_le_v4SPD16_eabi.lib</file>
         <name>memory.obj</name>
      </input_file>
      <input_file id="fl-134">
         <path>C:\ti\ccsv6\tools\compiler\ti-cgt-arm_5.2.2\lib\</path>
         <kind>archive</kind>
         <file>rtsv7M4_T_le_v4SPD16_eabi.lib</file>
         <name>memset_t2.obj</name>
      </input_file>
      <input_file id="fl-135">
         <path>C:\ti\ccsv6\tools\compiler\ti-cgt-arm_5.2.2\lib\</path>
         <kind>archive</kind>
         <file>rtsv7M4_T_le_v4SPD16_eabi.lib</file>
         <name>pre_init.obj</name>
      </input_file>
      <input_file id="fl-136">
         <path>C:\ti\ccsv6\tools\compiler\ti-cgt-arm_5.2.2\lib\</path>
         <kind>archive</kind>
         <file>rtsv7M4_T_le_v4SPD16_eabi.lib</file>
         <name>sprintf.obj</name>
      </input_file>
      <input_file id="fl-137">
         <path>C:\ti\ccsv6\tools\compiler\ti-cgt-arm_5.2.2\lib\</path>
         <kind>archive</kind>
         <file>rtsv7M4_T_le_v4SPD16_eabi.lib</file>
         <name>stkdepth_vars.obj</name>
      </input_file>
      <input_file id="fl-138">
         <path>C:\ti\ccsv6\tools\compiler\ti-cgt-arm_5.2.2\lib\</path>
         <kind>archive</kind>
         <file>rtsv7M4_T_le_v4SPD16_eabi.lib</file>
         <name>_lock.obj</name>
      </input_file>
      <input_file id="fl-139">
         <path>C:\ti\ccsv6\tools\compiler\ti-cgt-arm_5.2.2\lib\</path>
         <kind>archive</kind>
         <file>rtsv7M4_T_le_v4SPD16_eabi.lib</file>
         <name>_printfi.obj</name>
      </input_file>
      <input_file id="fl-13a">
         <path>C:\ti\ccsv6\tools\compiler\ti-cgt-arm_5.2.2\lib\</path>
         <kind>archive</kind>
         <file>rtsv7M4_T_le_v4SPD16_eabi.lib</file>
         <name>args_main.obj</name>
      </input_file>
      <input_file id="fl-13b">
         <path>C:\ti\ccsv6\tools\compiler\ti-cgt-arm_5.2.2\lib\</path>
         <kind>archive</kind>
         <file>rtsv7M4_T_le_v4SPD16_eabi.lib</file>
         <name>atoi.obj</name>
      </input_file>
      <input_file id="fl-13c">
         <path>C:\ti\ccsv6\tools\compiler\ti-cgt-arm_5.2.2\lib\</path>
         <kind>archive</kind>
         <file>rtsv7M4_T_le_v4SPD16_eabi.lib</file>
         <name>autoinit.obj</name>
      </input_file>
      <input_file id="fl-13d">
         <path>C:\ti\ccsv6\tools\compiler\ti-cgt-arm_5.2.2\lib\</path>
         <kind>archive</kind>
         <file>rtsv7M4_T_le_v4SPD16_eabi.lib</file>
         <name>cpy_tbl.obj</name>
      </input_file>
      <input_file id="fl-13e">
         <path>C:\ti\ccsv6\tools\compiler\ti-cgt-arm_5.2.2\lib\</path>
         <kind>archive</kind>
         <file>rtsv7M4_T_le_v4SPD16_eabi.lib</file>
         <name>ctype.obj</name>
      </input_file>
      <input_file id="fl-13f">
         <path>C:\ti\ccsv6\tools\compiler\ti-cgt-arm_5.2.2\lib\</path>
         <kind>archive</kind>
         <file>rtsv7M4_T_le_v4SPD16_eabi.lib</file>
         <name>fd_add_t2.obj</name>
      </input_file>
      <input_file id="fl-140">
         <path>C:\ti\ccsv6\tools\compiler\ti-cgt-arm_5.2.2\lib\</path>
         <kind>archive</kind>
         <file>rtsv7M4_T_le_v4SPD16_eabi.lib</file>
         <name>fd_cmp_t2.obj</name>
      </input_file>
      <input_file id="fl-141">
         <path>C:\ti\ccsv6\tools\compiler\ti-cgt-arm_5.2.2\lib\</path>
         <kind>archive</kind>
         <file>rtsv7M4_T_le_v4SPD16_eabi.lib</file>
         <name>fd_div_t2.obj</name>
      </input_file>
      <input_file id="fl-142">
         <path>C:\ti\ccsv6\tools\compiler\ti-cgt-arm_5.2.2\lib\</path>
         <kind>archive</kind>
         <file>rtsv7M4_T_le_v4SPD16_eabi.lib</file>
         <name>fd_mul_t2.obj</name>
      </input_file>
      <input_file id="fl-143">
         <path>C:\ti\ccsv6\tools\compiler\ti-cgt-arm_5.2.2\lib\</path>
         <kind>archive</kind>
         <file>rtsv7M4_T_le_v4SPD16_eabi.lib</file>
         <name>fd_toi_t2.obj</name>
      </input_file>
      <input_file id="fl-144">
         <path>C:\ti\ccsv6\tools\compiler\ti-cgt-arm_5.2.2\lib\</path>
         <kind>archive</kind>
         <file>rtsv7M4_T_le_v4SPD16_eabi.lib</file>
         <name>frexp.obj</name>
      </input_file>
      <input_file id="fl-145">
         <path>C:\ti\ccsv6\tools\compiler\ti-cgt-arm_5.2.2\lib\</path>
         <kind>archive</kind>
         <file>rtsv7M4_T_le_v4SPD16_eabi.lib</file>
         <name>i_tofd_t2.obj</name>
      </input_file>
      <input_file id="fl-146">
         <path>C:\ti\ccsv6\tools\compiler\ti-cgt-arm_5.2.2\lib\</path>
         <kind>archive</kind>
         <file>rtsv7M4_T_le_v4SPD16_eabi.lib</file>
         <name>ldexp.obj</name>
      </input_file>
      <input_file id="fl-147">
         <path>C:\ti\ccsv6\tools\compiler\ti-cgt-arm_5.2.2\lib\</path>
         <kind>archive</kind>
         <file>rtsv7M4_T_le_v4SPD16_eabi.lib</file>
         <name>ltoa.obj</name>
      </input_file>
      <input_file id="fl-148">
         <path>C:\ti\ccsv6\tools\compiler\ti-cgt-arm_5.2.2\lib\</path>
         <kind>archive</kind>
         <file>rtsv7M4_T_le_v4SPD16_eabi.lib</file>
         <name>memccpy.obj</name>
      </input_file>
      <input_file id="fl-149">
         <path>C:\ti\ccsv6\tools\compiler\ti-cgt-arm_5.2.2\lib\</path>
         <kind>archive</kind>
         <file>rtsv7M4_T_le_v4SPD16_eabi.lib</file>
         <name>strchr.obj</name>
      </input_file>
      <input_file id="fl-14a">
         <path>C:\ti\ccsv6\tools\compiler\ti-cgt-arm_5.2.2\lib\</path>
         <kind>archive</kind>
         <file>rtsv7M4_T_le_v4SPD16_eabi.lib</file>
         <name>strlen.obj</name>
      </input_file>
      <input_file id="fl-14b">
         <path>C:\ti\ccsv6\tools\compiler\ti-cgt-arm_5.2.2\lib\</path>
         <kind>archive</kind>
         <file>rtsv7M4_T_le_v4SPD16_eabi.lib</file>
         <name>ull_div_t2.obj</name>
      </input_file>
      <input_file id="fl-14c">
         <path>C:\ti\ccsv6\tools\compiler\ti-cgt-arm_5.2.2\lib\</path>
         <kind>archive</kind>
         <file>rtsv7M4_T_le_v4SPD16_eabi.lib</file>
         <name>xdclass.obj</name>
      </input_file>
      <input_file id="fl-14d">
         <path>C:\ti\ccsv6\tools\compiler\ti-cgt-arm_5.2.2\lib\</path>
         <kind>archive</kind>
         <file>rtsv7M4_T_le_v4SPD16_eabi.lib</file>
         <name>xdscale.obj</name>
      </input_file>
      <input_file id="fl-14e">
         <path>C:\ti\ccsv6\tools\compiler\ti-cgt-arm_5.2.2\lib\</path>
         <kind>archive</kind>
         <file>rtsv7M4_T_le_v4SPD16_eabi.lib</file>
         <name>xdunscal.obj</name>
      </input_file>
      <input_file id="fl-14f">
         <path>C:\ti\ccsv6\tools\compiler\ti-cgt-arm_5.2.2\lib\</path>
         <kind>archive</kind>
         <file>rtsv7M4_T_le_v4SPD16_eabi.lib</file>
         <name>xferaise.obj</name>
      </input_file>
      <input_file id="fl-150">
         <path>C:\ti\ccsv6\tools\compiler\ti-cgt-arm_5.2.2\lib\</path>
         <kind>archive</kind>
         <file>rtsv7M4_T_le_v4SPD16_eabi.lib</file>
         <name>xvalues.obj</name>
      </input_file>
      <input_file id="fl-151">
         <path>C:\ti\ccsv6\tools\compiler\ti-cgt-arm_5.2.2\lib\</path>
         <kind>archive</kind>
         <file>rtsv7M4_T_le_v4SPD16_eabi.lib</file>
         <name>errno.obj</name>
      </input_file>
      <input_file id="fl-152">
         <path>C:\ti\ccsv6\tools\compiler\ti-cgt-arm_5.2.2\lib\</path>
         <kind>archive</kind>
         <file>rtsv7M4_T_le_v4SPD16_eabi.lib</file>
         <name>feraiseexcept.obj</name>
      </input_file>
      <input_file id="fl-153">
         <path>C:\ti\ccsv6\tools\compiler\ti-cgt-arm_5.2.2\lib\</path>
         <kind>archive</kind>
         <file>rtsv7M4_T_le_v4SPD16_eabi.lib</file>
         <name>raise.obj</name>
      </input_file>
      <input_file id="fl-154">
         <path>C:\ti\ccsv6\tools\compiler\ti-cgt-arm_5.2.2\lib\</path>
         <kind>archive</kind>
         <file>rtsv7M4_T_le_v4SPD16_eabi.lib</file>
         <name>signal.obj</name>
      </input_file>
      <input_file id="fl-155">
         <path>C:\ti\ccsv6\tools\compiler\ti-cgt-arm_5.2.2\lib\</path>
         <kind>archive</kind>
         <file>rtsv7M4_T_le_v4SPD16_eabi.lib</file>
         <name>xdnorm.obj</name>
      </input_file>
   </input_file_list>
   <object_component_list>
      <object_component id="oc-10">
         <name>.intvecs</name>
         <load_address>0x0</load_address>
         <run_address>0x0</run_address>
         <size>0x144</size>
         <input_file_ref idref="fl-3"/>
      </object_component>
      <object_component id="oc-d2">
         <name>.text</name>
         <load_address>0x144</load_address>
         <run_address>0x144</run_address>
         <size>0x2780</size>
         <input_file_ref idref="fl-6"/>
      </object_component>
      <object_component id="oc-149">
         <name>.text</name>
         <load_address>0x28c4</load_address>
         <run_address>0x28c4</run_address>
         <size>0x10ba</size>
         <input_file_ref idref="fl-139"/>
      </object_component>
      <object_component id="oc-c0">
         <name>.text</name>
         <load_address>0x3980</load_address>
         <run_address>0x3980</run_address>
         <size>0x718</size>
         <input_file_ref idref="fl-5"/>
      </object_component>
      <object_component id="oc-15e">
         <name>.text</name>
         <load_address>0x4098</load_address>
         <run_address>0x4098</run_address>
         <size>0x3dc</size>
         <input_file_ref idref="fl-133"/>
      </object_component>
      <object_component id="oc-7a">
         <name>.text</name>
         <load_address>0x4474</load_address>
         <run_address>0x4474</run_address>
         <size>0x214</size>
         <input_file_ref idref="fl-2"/>
      </object_component>
      <object_component id="oc-1a8">
         <name>.text</name>
         <load_address>0x4688</load_address>
         <run_address>0x4688</run_address>
         <size>0x1f4</size>
         <input_file_ref idref="fl-14b"/>
      </object_component>
      <object_component id="oc-1d7">
         <name>.text</name>
         <load_address>0x487c</load_address>
         <run_address>0x487c</run_address>
         <size>0x1b6</size>
         <input_file_ref idref="fl-13f"/>
      </object_component>
      <object_component id="oc-1bd">
         <name>.text</name>
         <load_address>0x4a32</load_address>
         <run_address>0x4a32</run_address>
         <size>0x136</size>
         <input_file_ref idref="fl-141"/>
      </object_component>
      <object_component id="oc-231">
         <name>.text</name>
         <load_address>0x4b68</load_address>
         <run_address>0x4b68</run_address>
         <size>0x110</size>
         <input_file_ref idref="fl-14d"/>
      </object_component>
      <object_component id="oc-1b8">
         <name>.text</name>
         <load_address>0x4c78</load_address>
         <run_address>0x4c78</run_address>
         <size>0xfc</size>
         <input_file_ref idref="fl-142"/>
      </object_component>
      <object_component id="oc-259">
         <name>.text</name>
         <load_address>0x4d74</load_address>
         <run_address>0x4d74</run_address>
         <size>0xbe</size>
         <input_file_ref idref="fl-155"/>
      </object_component>
      <object_component id="oc-cc">
         <name>.text</name>
         <load_address>0x4e34</load_address>
         <run_address>0x4e34</run_address>
         <size>0xac</size>
         <input_file_ref idref="fl-4"/>
      </object_component>
      <object_component id="oc-39">
         <name>.text</name>
         <load_address>0x4ee0</load_address>
         <run_address>0x4ee0</run_address>
         <size>0x9c</size>
         <input_file_ref idref="fl-132"/>
      </object_component>
      <object_component id="oc-1b3">
         <name>.text:__aeabi_cdcmple</name>
         <load_address>0x4f7c</load_address>
         <run_address>0x4f7c</run_address>
         <size>0x86</size>
         <input_file_ref idref="fl-140"/>
      </object_component>
      <object_component id="oc-1c2">
         <name>.text:__aeabi_cdrcmple</name>
         <load_address>0x5002</load_address>
         <run_address>0x5002</run_address>
         <size>0x86</size>
         <input_file_ref idref="fl-140"/>
      </object_component>
      <object_component id="oc-52">
         <name>.text</name>
         <load_address>0x5088</load_address>
         <run_address>0x5088</run_address>
         <size>0x7a</size>
         <input_file_ref idref="fl-134"/>
      </object_component>
      <object_component id="oc-64">
         <name>.text</name>
         <load_address>0x5104</load_address>
         <run_address>0x5104</run_address>
         <size>0x6c</size>
         <input_file_ref idref="fl-13c"/>
      </object_component>
      <object_component id="oc-45">
         <name>.text</name>
         <load_address>0x5170</load_address>
         <run_address>0x5170</run_address>
         <size>0x6a</size>
         <input_file_ref idref="fl-12e"/>
      </object_component>
      <object_component id="oc-2f">
         <name>.text</name>
         <load_address>0x51dc</load_address>
         <run_address>0x51dc</run_address>
         <size>0x68</size>
         <input_file_ref idref="fl-3"/>
      </object_component>
      <object_component id="oc-229">
         <name>.text</name>
         <load_address>0x5244</load_address>
         <run_address>0x5244</run_address>
         <size>0x66</size>
         <input_file_ref idref="fl-14e"/>
      </object_component>
      <object_component id="oc-c6">
         <name>.text</name>
         <load_address>0x52ac</load_address>
         <run_address>0x52ac</run_address>
         <size>0x60</size>
         <input_file_ref idref="fl-136"/>
      </object_component>
      <object_component id="oc-1cc">
         <name>.text</name>
         <load_address>0x530c</load_address>
         <run_address>0x530c</run_address>
         <size>0x56</size>
         <input_file_ref idref="fl-147"/>
      </object_component>
      <object_component id="oc-1e2">
         <name>.text</name>
         <load_address>0x5362</load_address>
         <run_address>0x5362</run_address>
         <size>0x52</size>
         <input_file_ref idref="fl-146"/>
      </object_component>
      <object_component id="oc-25">
         <name>.text</name>
         <load_address>0x53b4</load_address>
         <run_address>0x53b4</run_address>
         <size>0x50</size>
         <input_file_ref idref="fl-12c"/>
      </object_component>
      <object_component id="oc-1fa">
         <name>.text</name>
         <load_address>0x5404</load_address>
         <run_address>0x5404</run_address>
         <size>0x4c</size>
         <input_file_ref idref="fl-13b"/>
      </object_component>
      <object_component id="oc-ab">
         <name>.text</name>
         <load_address>0x5450</load_address>
         <run_address>0x5450</run_address>
         <size>0x4c</size>
         <input_file_ref idref="fl-13d"/>
      </object_component>
      <object_component id="oc-1c7">
         <name>.text</name>
         <load_address>0x549c</load_address>
         <run_address>0x549c</run_address>
         <size>0x48</size>
         <input_file_ref idref="fl-143"/>
      </object_component>
      <object_component id="oc-70">
         <name>.text</name>
         <load_address>0x54e4</load_address>
         <run_address>0x54e4</run_address>
         <size>0x44</size>
         <input_file_ref idref="fl-130"/>
      </object_component>
      <object_component id="oc-29c">
         <name>.text</name>
         <load_address>0x5528</load_address>
         <run_address>0x5528</run_address>
         <size>0x40</size>
         <input_file_ref idref="fl-154"/>
      </object_component>
      <object_component id="oc-268">
         <name>.text</name>
         <load_address>0x5568</load_address>
         <run_address>0x5568</run_address>
         <size>0x34</size>
         <input_file_ref idref="fl-152"/>
      </object_component>
      <object_component id="oc-1ee">
         <name>.text</name>
         <load_address>0x559c</load_address>
         <run_address>0x559c</run_address>
         <size>0x30</size>
         <input_file_ref idref="fl-14c"/>
      </object_component>
      <object_component id="oc-237">
         <name>.text</name>
         <load_address>0x55cc</load_address>
         <run_address>0x55cc</run_address>
         <size>0x30</size>
         <input_file_ref idref="fl-14f"/>
      </object_component>
      <object_component id="oc-1d2">
         <name>.text</name>
         <load_address>0x55fc</load_address>
         <run_address>0x55fc</run_address>
         <size>0x2e</size>
         <input_file_ref idref="fl-145"/>
      </object_component>
      <object_component id="oc-28c">
         <name>.text</name>
         <load_address>0x562a</load_address>
         <run_address>0x562a</run_address>
         <size>0x2e</size>
         <input_file_ref idref="fl-153"/>
      </object_component>
      <object_component id="oc-1dc">
         <name>.text</name>
         <load_address>0x5658</load_address>
         <run_address>0x5658</run_address>
         <size>0x2a</size>
         <input_file_ref idref="fl-144"/>
      </object_component>
      <object_component id="oc-164">
         <name>.text</name>
         <load_address>0x5682</load_address>
         <run_address>0x5682</run_address>
         <size>0x22</size>
         <input_file_ref idref="fl-131"/>
      </object_component>
      <object_component id="oc-1f4">
         <name>.text</name>
         <load_address>0x56a4</load_address>
         <run_address>0x56a4</run_address>
         <size>0x1c</size>
         <input_file_ref idref="fl-148"/>
      </object_component>
      <object_component id="oc-11c">
         <name>.text:_ZN6I2Cdev11isrCompleteEb</name>
         <load_address>0x56c0</load_address>
         <run_address>0x56c0</run_address>
         <size>0x18</size>
         <input_file_ref idref="fl-5"/>
      </object_component>
      <object_component id="oc-12a">
         <name>.text:_ZN6I2Cdev8setRxBufEh</name>
         <load_address>0x56d8</load_address>
         <run_address>0x56d8</run_address>
         <size>0x18</size>
         <input_file_ref idref="fl-5"/>
      </object_component>
      <object_component id="oc-131">
         <name>.text:_ZN6I2Cdev8setTxBufEh</name>
         <load_address>0x56f0</load_address>
         <run_address>0x56f0</run_address>
         <size>0x18</size>
         <input_file_ref idref="fl-5"/>
      </object_component>
      <object_component id="oc-6a">
         <name>.text</name>
         <load_address>0x5708</load_address>
         <run_address>0x5708</run_address>
         <size>0x18</size>
         <input_file_ref idref="fl-13a"/>
      </object_component>
      <object_component id="oc-1e8">
         <name>.text</name>
         <load_address>0x5720</load_address>
         <run_address>0x5720</run_address>
         <size>0x16</size>
         <input_file_ref idref="fl-149"/>
      </object_component>
      <object_component id="oc-10e">
         <name>.text</name>
         <load_address>0x5738</load_address>
         <run_address>0x5738</run_address>
         <size>0x14</size>
         <input_file_ref idref="fl-138"/>
      </object_component>
      <object_component id="oc-1ad">
         <name>.text</name>
         <load_address>0x574c</load_address>
         <run_address>0x574c</run_address>
         <size>0x14</size>
         <input_file_ref idref="fl-14a"/>
      </object_component>
      <object_component id="oc-13">
         <name>.text:decompress:none</name>
         <load_address>0x5760</load_address>
         <run_address>0x5760</run_address>
         <size>0xe</size>
         <input_file_ref idref="fl-12d"/>
      </object_component>
      <object_component id="oc-123">
         <name>.text:_ZN6I2Cdev8getTxBufEv</name>
         <load_address>0x5770</load_address>
         <run_address>0x5770</run_address>
         <size>0xc</size>
         <input_file_ref idref="fl-5"/>
      </object_component>
      <object_component id="oc-1f">
         <name>.text:decompress:ZI</name>
         <load_address>0x577c</load_address>
         <run_address>0x577c</run_address>
         <size>0xc</size>
         <input_file_ref idref="fl-12f"/>
      </object_component>
      <object_component id="oc-19">
         <name>.text:decompress:rle24</name>
         <load_address>0x5788</load_address>
         <run_address>0x5788</run_address>
         <size>0x6</size>
         <input_file_ref idref="fl-12e"/>
      </object_component>
      <object_component id="oc-5e">
         <name>.text</name>
         <load_address>0x578e</load_address>
         <run_address>0x578e</run_address>
         <size>0x4</size>
         <input_file_ref idref="fl-135"/>
      </object_component>
      <object_component id="oc-245">
         <name>.const:.string:_ctypes_</name>
         <load_address>0x5792</load_address>
         <run_address>0x5792</run_address>
         <size>0x101</size>
         <input_file_ref idref="fl-13e"/>
      </object_component>
      <object_component id="oc-2e4">
         <name>.cinit..data.load</name>
         <load_address>0x5898</load_address>
         <run_address>0x5898</run_address>
         <size>0x4c</size>
      </object_component>
      <object_component id="oc-2e2">
         <name>__TI_handler_table</name>
         <load_address>0x58e4</load_address>
         <run_address>0x58e4</run_address>
         <size>0xc</size>
      </object_component>
      <object_component id="oc-2e5">
         <name>.cinit..bss.load</name>
         <load_address>0x58f0</load_address>
         <run_address>0x58f0</run_address>
         <size>0x8</size>
      </object_component>
      <object_component id="oc-2e3">
         <name>__TI_cinit_table</name>
         <load_address>0x58f8</load_address>
         <run_address>0x58f8</run_address>
         <size>0x10</size>
      </object_component>
      <object_component id="oc-2c">
         <name>.sysmem</name>
         <uninitialized>true</uninitialized>
         <run_address>0x20000000</run_address>
         <size>0x8</size>
         <input_file_ref idref="fl-133"/>
      </object_component>
      <object_component id="oc-2e7">
         <name>.sysmem</name>
         <uninitialized>true</uninitialized>
         <run_address>0x20000000</run_address>
         <size>0x0</size>
      </object_component>
      <object_component id="oc-2b">
         <name>.stack</name>
         <uninitialized>true</uninitialized>
         <run_address>0x2000fe00</run_address>
         <size>0x0</size>
         <input_file_ref idref="fl-12c"/>
      </object_component>
      <object_component id="oc-2e6">
         <name>.stack</name>
         <uninitialized>true</uninitialized>
         <run_address>0x2000fe00</run_address>
         <size>0x0</size>
      </object_component>
      <object_component id="oc-e4">
         <name>.bss</name>
         <uninitialized>true</uninitialized>
         <run_address>0x20000592</run_address>
         <size>0x11</size>
         <input_file_ref idref="fl-2"/>
      </object_component>
      <object_component id="oc-e1">
         <name>.bss:debugOutput</name>
         <uninitialized>true</uninitialized>
         <run_address>0x2000055e</run_address>
         <size>0x34</size>
         <input_file_ref idref="fl-2"/>
      </object_component>
      <object_component id="oc-1a2">
         <name>.common:txbuf</name>
         <uninitialized>true</uninitialized>
         <run_address>0x200005b2</run_address>
         <size>0x1</size>
      </object_component>
      <object_component id="oc-1a3">
         <name>.common:rxbuf</name>
         <uninitialized>true</uninitialized>
         <run_address>0x200005b0</run_address>
         <size>0x1</size>
      </object_component>
      <object_component id="oc-1a1">
         <name>.common:isrComplete_</name>
         <uninitialized>true</uninitialized>
         <run_address>0x200005a3</run_address>
         <size>0x1</size>
      </object_component>
      <object_component id="oc-d8">
         <name>.common:ax</name>
         <uninitialized>true</uninitialized>
         <run_address>0x200005a4</run_address>
         <size>0x2</size>
      </object_component>
      <object_component id="oc-dc">
         <name>.common:ay</name>
         <uninitialized>true</uninitialized>
         <run_address>0x200005a6</run_address>
         <size>0x2</size>
      </object_component>
      <object_component id="oc-dd">
         <name>.common:az</name>
         <uninitialized>true</uninitialized>
         <run_address>0x200005a8</run_address>
         <size>0x2</size>
      </object_component>
      <object_component id="oc-de">
         <name>.common:gx</name>
         <uninitialized>true</uninitialized>
         <run_address>0x200005aa</run_address>
         <size>0x2</size>
      </object_component>
      <object_component id="oc-df">
         <name>.common:gy</name>
         <uninitialized>true</uninitialized>
         <run_address>0x200005ac</run_address>
         <size>0x2</size>
      </object_component>
      <object_component id="oc-e0">
         <name>.common:gz</name>
         <uninitialized>true</uninitialized>
         <run_address>0x200005ae</run_address>
         <size>0x2</size>
      </object_component>
      <object_component id="oc-84">
         <name>.common:testVar</name>
         <uninitialized>true</uninitialized>
         <run_address>0x200005b1</run_address>
         <size>0x1</size>
      </object_component>
      <object_component id="oc-138">
         <name>.data</name>
         <load_address>0x2000055c</load_address>
         <run_address>0x2000055c</run_address>
         <size>0x2</size>
         <input_file_ref idref="fl-5"/>
      </object_component>
      <object_component id="oc-b8">
         <name>.data</name>
         <load_address>0x20000544</load_address>
         <run_address>0x20000544</run_address>
         <size>0x8</size>
         <input_file_ref idref="fl-130"/>
      </object_component>
      <object_component id="oc-215">
         <name>.data</name>
         <load_address>0x20000530</load_address>
         <run_address>0x20000530</run_address>
         <size>0xc</size>
         <input_file_ref idref="fl-133"/>
      </object_component>
      <object_component id="oc-76">
         <name>.data</name>
         <load_address>0x20000558</load_address>
         <run_address>0x20000558</run_address>
         <size>0x4</size>
         <input_file_ref idref="fl-137"/>
      </object_component>
      <object_component id="oc-b5">
         <name>.data</name>
         <load_address>0x2000053c</load_address>
         <run_address>0x2000053c</run_address>
         <size>0x8</size>
         <input_file_ref idref="fl-138"/>
      </object_component>
      <object_component id="oc-263">
         <name>.data</name>
         <load_address>0x200004b0</load_address>
         <run_address>0x200004b0</run_address>
         <size>0x80</size>
         <input_file_ref idref="fl-150"/>
      </object_component>
      <object_component id="oc-26e">
         <name>.data</name>
         <load_address>0x20000554</load_address>
         <run_address>0x20000554</run_address>
         <size>0x4</size>
         <input_file_ref idref="fl-151"/>
      </object_component>
      <object_component id="oc-292">
         <name>.data</name>
         <load_address>0x2000054c</load_address>
         <run_address>0x2000054c</run_address>
         <size>0x8</size>
         <input_file_ref idref="fl-152"/>
      </object_component>
      <object_component id="oc-2ad">
         <name>.data:sigtable</name>
         <load_address>0x20000400</load_address>
         <run_address>0x20000400</run_address>
         <size>0xb0</size>
         <input_file_ref idref="fl-154"/>
      </object_component>
      <object_component id="oc-2a">
         <name>.init_array</name>
         <load_address>0x5894</load_address>
         <run_address>0x5894</run_address>
         <size>0x4</size>
         <input_file_ref idref="fl-2"/>
      </object_component>
      <object_component id="oc-d9">
         <name>.debug_info</name>
         <load_address>0x0</load_address>
         <run_address>0x0</run_address>
         <size>0x8bc7</size>
         <input_file_ref idref="fl-2"/>
      </object_component>
      <object_component id="oc-e5">
         <name>.debug_info</name>
         <load_address>0x8bc7</load_address>
         <run_address>0x8bc7</run_address>
         <size>0x129</size>
         <input_file_ref idref="fl-2"/>
      </object_component>
      <object_component id="oc-e2">
         <name>.debug_info</name>
         <load_address>0x8cf0</load_address>
         <run_address>0x8cf0</run_address>
         <size>0xf3</size>
         <input_file_ref idref="fl-2"/>
      </object_component>
      <object_component id="oc-7c">
         <name>.debug_info</name>
         <load_address>0x8de3</load_address>
         <run_address>0x8de3</run_address>
         <size>0x4a3</size>
         <input_file_ref idref="fl-2"/>
      </object_component>
      <object_component id="oc-175">
         <name>.debug_info</name>
         <load_address>0x9286</load_address>
         <run_address>0x9286</run_address>
         <size>0x124f</size>
         <input_file_ref idref="fl-2"/>
      </object_component>
      <object_component id="oc-17a">
         <name>.debug_info</name>
         <load_address>0xa4d5</load_address>
         <run_address>0xa4d5</run_address>
         <size>0x21f4a</size>
         <input_file_ref idref="fl-2"/>
      </object_component>
      <object_component id="oc-17f">
         <name>.debug_info</name>
         <load_address>0x2c41f</load_address>
         <run_address>0x2c41f</run_address>
         <size>0xd8</size>
         <input_file_ref idref="fl-2"/>
      </object_component>
      <object_component id="oc-13c">
         <name>.debug_info</name>
         <load_address>0x2c4f7</load_address>
         <run_address>0x2c4f7</run_address>
         <size>0x3bf</size>
         <input_file_ref idref="fl-2"/>
      </object_component>
      <object_component id="oc-16b">
         <name>.debug_info</name>
         <load_address>0x2c8b6</load_address>
         <run_address>0x2c8b6</run_address>
         <size>0x13e6</size>
         <input_file_ref idref="fl-2"/>
      </object_component>
      <object_component id="oc-157">
         <name>.debug_info</name>
         <load_address>0x2dc9c</load_address>
         <run_address>0x2dc9c</run_address>
         <size>0x99</size>
         <input_file_ref idref="fl-2"/>
      </object_component>
      <object_component id="oc-184">
         <name>.debug_info</name>
         <load_address>0x2dd35</load_address>
         <run_address>0x2dd35</run_address>
         <size>0x165</size>
         <input_file_ref idref="fl-2"/>
      </object_component>
      <object_component id="oc-e8">
         <name>.debug_info</name>
         <load_address>0x2de9a</load_address>
         <run_address>0x2de9a</run_address>
         <size>0x8b</size>
         <input_file_ref idref="fl-2"/>
      </object_component>
      <object_component id="oc-18e">
         <name>.debug_info</name>
         <load_address>0x2df25</load_address>
         <run_address>0x2df25</run_address>
         <size>0x15a</size>
         <input_file_ref idref="fl-2"/>
      </object_component>
      <object_component id="oc-144">
         <name>.debug_info</name>
         <load_address>0x2e07f</load_address>
         <run_address>0x2e07f</run_address>
         <size>0x18b</size>
         <input_file_ref idref="fl-2"/>
      </object_component>
      <object_component id="oc-189">
         <name>.debug_info</name>
         <load_address>0x2e20a</load_address>
         <run_address>0x2e20a</run_address>
         <size>0x67</size>
         <input_file_ref idref="fl-2"/>
      </object_component>
      <object_component id="oc-37">
         <name>.debug_info</name>
         <load_address>0x2e271</load_address>
         <run_address>0x2e271</run_address>
         <size>0x374</size>
         <input_file_ref idref="fl-3"/>
      </object_component>
      <object_component id="oc-11">
         <name>.debug_info</name>
         <load_address>0x2e5e5</load_address>
         <run_address>0x2e5e5</run_address>
         <size>0x109</size>
         <input_file_ref idref="fl-3"/>
      </object_component>
      <object_component id="oc-33">
         <name>.debug_info</name>
         <load_address>0x2e6ee</load_address>
         <run_address>0x2e6ee</run_address>
         <size>0x2b5</size>
         <input_file_ref idref="fl-3"/>
      </object_component>
      <object_component id="oc-88">
         <name>.debug_info</name>
         <load_address>0x2e9a3</load_address>
         <run_address>0x2e9a3</run_address>
         <size>0x103c</size>
         <input_file_ref idref="fl-3"/>
      </object_component>
      <object_component id="oc-92">
         <name>.debug_info</name>
         <load_address>0x2f9df</load_address>
         <run_address>0x2f9df</run_address>
         <size>0x84</size>
         <input_file_ref idref="fl-3"/>
      </object_component>
      <object_component id="oc-8d">
         <name>.debug_info</name>
         <load_address>0x2fa63</load_address>
         <run_address>0x2fa63</run_address>
         <size>0x18b</size>
         <input_file_ref idref="fl-3"/>
      </object_component>
      <object_component id="oc-15c">
         <name>.debug_info</name>
         <load_address>0x2fbee</load_address>
         <run_address>0x2fbee</run_address>
         <size>0x841b</size>
         <input_file_ref idref="fl-4"/>
      </object_component>
      <object_component id="oc-ce">
         <name>.debug_info</name>
         <load_address>0x38009</load_address>
         <run_address>0x38009</run_address>
         <size>0x2ef</size>
         <input_file_ref idref="fl-4"/>
      </object_component>
      <object_component id="oc-141">
         <name>.debug_info</name>
         <load_address>0x382f8</load_address>
         <run_address>0x382f8</run_address>
         <size>0x86ed</size>
         <input_file_ref idref="fl-5"/>
      </object_component>
      <object_component id="oc-139">
         <name>.debug_info</name>
         <load_address>0x409e5</load_address>
         <run_address>0x409e5</run_address>
         <size>0x113</size>
         <input_file_ref idref="fl-5"/>
      </object_component>
      <object_component id="oc-132">
         <name>.debug_info</name>
         <load_address>0x40af8</load_address>
         <run_address>0x40af8</run_address>
         <size>0x15c</size>
         <input_file_ref idref="fl-5"/>
      </object_component>
      <object_component id="oc-124">
         <name>.debug_info</name>
         <load_address>0x40c54</load_address>
         <run_address>0x40c54</run_address>
         <size>0x139</size>
         <input_file_ref idref="fl-5"/>
      </object_component>
      <object_component id="oc-12b">
         <name>.debug_info</name>
         <load_address>0x40d8d</load_address>
         <run_address>0x40d8d</run_address>
         <size>0x15c</size>
         <input_file_ref idref="fl-5"/>
      </object_component>
      <object_component id="oc-11d">
         <name>.debug_info</name>
         <load_address>0x40ee9</load_address>
         <run_address>0x40ee9</run_address>
         <size>0x167</size>
         <input_file_ref idref="fl-5"/>
      </object_component>
      <object_component id="oc-c1">
         <name>.debug_info</name>
         <load_address>0x41050</load_address>
         <run_address>0x41050</run_address>
         <size>0x1811</size>
         <input_file_ref idref="fl-5"/>
      </object_component>
      <object_component id="oc-170">
         <name>.debug_info</name>
         <load_address>0x42861</load_address>
         <run_address>0x42861</run_address>
         <size>0x8d4f</size>
         <input_file_ref idref="fl-6"/>
      </object_component>
      <object_component id="oc-d4">
         <name>.debug_info</name>
         <load_address>0x4b5b0</load_address>
         <run_address>0x4b5b0</run_address>
         <size>0xe722</size>
         <input_file_ref idref="fl-6"/>
      </object_component>
      <object_component id="oc-27">
         <name>.debug_info</name>
         <load_address>0x59cd2</load_address>
         <run_address>0x59cd2</run_address>
         <size>0x138</size>
         <input_file_ref idref="fl-12c"/>
      </object_component>
      <object_component id="oc-44">
         <name>.debug_info</name>
         <load_address>0x59e0a</load_address>
         <run_address>0x59e0a</run_address>
         <size>0x123</size>
         <input_file_ref idref="fl-12d"/>
      </object_component>
      <object_component id="oc-17">
         <name>.debug_info</name>
         <load_address>0x59f2d</load_address>
         <run_address>0x59f2d</run_address>
         <size>0x1c2</size>
         <input_file_ref idref="fl-12d"/>
      </object_component>
      <object_component id="oc-3f">
         <name>.debug_info</name>
         <load_address>0x5a0ef</load_address>
         <run_address>0x5a0ef</run_address>
         <size>0x46</size>
         <input_file_ref idref="fl-12d"/>
      </object_component>
      <object_component id="oc-98">
         <name>.debug_info</name>
         <load_address>0x5a135</load_address>
         <run_address>0x5a135</run_address>
         <size>0x2c</size>
         <input_file_ref idref="fl-12d"/>
      </object_component>
      <object_component id="oc-4c">
         <name>.debug_info</name>
         <load_address>0x5a161</load_address>
         <run_address>0x5a161</run_address>
         <size>0x117</size>
         <input_file_ref idref="fl-12e"/>
      </object_component>
      <object_component id="oc-49">
         <name>.debug_info</name>
         <load_address>0x5a278</load_address>
         <run_address>0x5a278</run_address>
         <size>0x22a</size>
         <input_file_ref idref="fl-12e"/>
      </object_component>
      <object_component id="oc-1d">
         <name>.debug_info</name>
         <load_address>0x5a4a2</load_address>
         <run_address>0x5a4a2</run_address>
         <size>0x1bc</size>
         <input_file_ref idref="fl-12e"/>
      </object_component>
      <object_component id="oc-4d">
         <name>.debug_info</name>
         <load_address>0x5a65e</load_address>
         <run_address>0x5a65e</run_address>
         <size>0x39</size>
         <input_file_ref idref="fl-12e"/>
      </object_component>
      <object_component id="oc-a2">
         <name>.debug_info</name>
         <load_address>0x5a697</load_address>
         <run_address>0x5a697</run_address>
         <size>0x2c</size>
         <input_file_ref idref="fl-12e"/>
      </object_component>
      <object_component id="oc-5d">
         <name>.debug_info</name>
         <load_address>0x5a6c3</load_address>
         <run_address>0x5a6c3</run_address>
         <size>0x112</size>
         <input_file_ref idref="fl-12f"/>
      </object_component>
      <object_component id="oc-22">
         <name>.debug_info</name>
         <load_address>0x5a7d5</load_address>
         <run_address>0x5a7d5</run_address>
         <size>0x18d</size>
         <input_file_ref idref="fl-12f"/>
      </object_component>
      <object_component id="oc-58">
         <name>.debug_info</name>
         <load_address>0x5a962</load_address>
         <run_address>0x5a962</run_address>
         <size>0x46</size>
         <input_file_ref idref="fl-12f"/>
      </object_component>
      <object_component id="oc-bc">
         <name>.debug_info</name>
         <load_address>0x5a9a8</load_address>
         <run_address>0x5a9a8</run_address>
         <size>0x174</size>
         <input_file_ref idref="fl-130"/>
      </object_component>
      <object_component id="oc-b9">
         <name>.debug_info</name>
         <load_address>0x5ab1c</load_address>
         <run_address>0x5ab1c</run_address>
         <size>0x119</size>
         <input_file_ref idref="fl-130"/>
      </object_component>
      <object_component id="oc-72">
         <name>.debug_info</name>
         <load_address>0x5ac35</load_address>
         <run_address>0x5ac35</run_address>
         <size>0x1f0</size>
         <input_file_ref idref="fl-130"/>
      </object_component>
      <object_component id="oc-21a">
         <name>.debug_info</name>
         <load_address>0x5ae25</load_address>
         <run_address>0x5ae25</run_address>
         <size>0xd8</size>
         <input_file_ref idref="fl-131"/>
      </object_component>
      <object_component id="oc-167">
         <name>.debug_info</name>
         <load_address>0x5aefd</load_address>
         <run_address>0x5aefd</run_address>
         <size>0x22a</size>
         <input_file_ref idref="fl-131"/>
      </object_component>
      <object_component id="oc-3a">
         <name>.debug_info</name>
         <load_address>0x5b127</load_address>
         <run_address>0x5b127</run_address>
         <size>0xfa</size>
         <input_file_ref idref="fl-132"/>
      </object_component>
      <object_component id="oc-82">
         <name>.debug_info</name>
         <load_address>0x5b221</load_address>
         <run_address>0x5b221</run_address>
         <size>0x205</size>
         <input_file_ref idref="fl-133"/>
      </object_component>
      <object_component id="oc-2d">
         <name>.debug_info</name>
         <load_address>0x5b426</load_address>
         <run_address>0x5b426</run_address>
         <size>0xe4</size>
         <input_file_ref idref="fl-133"/>
      </object_component>
      <object_component id="oc-216">
         <name>.debug_info</name>
         <load_address>0x5b50a</load_address>
         <run_address>0x5b50a</run_address>
         <size>0x12f</size>
         <input_file_ref idref="fl-133"/>
      </object_component>
      <object_component id="oc-15f">
         <name>.debug_info</name>
         <load_address>0x5b639</load_address>
         <run_address>0x5b639</run_address>
         <size>0x883</size>
         <input_file_ref idref="fl-133"/>
      </object_component>
      <object_component id="oc-ef">
         <name>.debug_info</name>
         <load_address>0x5bebc</load_address>
         <run_address>0x5bebc</run_address>
         <size>0x2c</size>
         <input_file_ref idref="fl-133"/>
      </object_component>
      <object_component id="oc-f4">
         <name>.debug_info</name>
         <load_address>0x5bee8</load_address>
         <run_address>0x5bee8</run_address>
         <size>0x62</size>
         <input_file_ref idref="fl-133"/>
      </object_component>
      <object_component id="oc-53">
         <name>.debug_info</name>
         <load_address>0x5bf4a</load_address>
         <run_address>0x5bf4a</run_address>
         <size>0x12a</size>
         <input_file_ref idref="fl-134"/>
      </object_component>
      <object_component id="oc-5f">
         <name>.debug_info</name>
         <load_address>0x5c074</load_address>
         <run_address>0x5c074</run_address>
         <size>0x12b</size>
         <input_file_ref idref="fl-135"/>
      </object_component>
      <object_component id="oc-150">
         <name>.debug_info</name>
         <load_address>0x5c19f</load_address>
         <run_address>0x5c19f</run_address>
         <size>0x19e</size>
         <input_file_ref idref="fl-136"/>
      </object_component>
      <object_component id="oc-c7">
         <name>.debug_info</name>
         <load_address>0x5c33d</load_address>
         <run_address>0x5c33d</run_address>
         <size>0x2e3</size>
         <input_file_ref idref="fl-136"/>
      </object_component>
      <object_component id="oc-207">
         <name>.debug_info</name>
         <load_address>0x5c620</load_address>
         <run_address>0x5c620</run_address>
         <size>0x2c</size>
         <input_file_ref idref="fl-136"/>
      </object_component>
      <object_component id="oc-151">
         <name>.debug_info</name>
         <load_address>0x5c64c</load_address>
         <run_address>0x5c64c</run_address>
         <size>0x4e</size>
         <input_file_ref idref="fl-136"/>
      </object_component>
      <object_component id="oc-77">
         <name>.debug_info</name>
         <load_address>0x5c69a</load_address>
         <run_address>0x5c69a</run_address>
         <size>0xec</size>
         <input_file_ref idref="fl-137"/>
      </object_component>
      <object_component id="oc-116">
         <name>.debug_info</name>
         <load_address>0x5c786</load_address>
         <run_address>0x5c786</run_address>
         <size>0x107</size>
         <input_file_ref idref="fl-138"/>
      </object_component>
      <object_component id="oc-b6">
         <name>.debug_info</name>
         <load_address>0x5c88d</load_address>
         <run_address>0x5c88d</run_address>
         <size>0xf6</size>
         <input_file_ref idref="fl-138"/>
      </object_component>
      <object_component id="oc-10f">
         <name>.debug_info</name>
         <load_address>0x5c983</load_address>
         <run_address>0x5c983</run_address>
         <size>0x202</size>
         <input_file_ref idref="fl-138"/>
      </object_component>
      <object_component id="oc-201">
         <name>.debug_info</name>
         <load_address>0x5cb85</load_address>
         <run_address>0x5cb85</run_address>
         <size>0x3ae</size>
         <input_file_ref idref="fl-139"/>
      </object_component>
      <object_component id="oc-14a">
         <name>.debug_info</name>
         <load_address>0x5cf33</load_address>
         <run_address>0x5cf33</run_address>
         <size>0x1813</size>
         <input_file_ref idref="fl-139"/>
      </object_component>
      <object_component id="oc-202">
         <name>.debug_info</name>
         <load_address>0x5e746</load_address>
         <run_address>0x5e746</run_address>
         <size>0x86</size>
         <input_file_ref idref="fl-139"/>
      </object_component>
      <object_component id="oc-24c">
         <name>.debug_info</name>
         <load_address>0x5e7cc</load_address>
         <run_address>0x5e7cc</run_address>
         <size>0x46</size>
         <input_file_ref idref="fl-139"/>
      </object_component>
      <object_component id="oc-20c">
         <name>.debug_info</name>
         <load_address>0x5e812</load_address>
         <run_address>0x5e812</run_address>
         <size>0x39</size>
         <input_file_ref idref="fl-139"/>
      </object_component>
      <object_component id="oc-b4">
         <name>.debug_info</name>
         <load_address>0x5e84b</load_address>
         <run_address>0x5e84b</run_address>
         <size>0x149</size>
         <input_file_ref idref="fl-13a"/>
      </object_component>
      <object_component id="oc-6b">
         <name>.debug_info</name>
         <load_address>0x5e994</load_address>
         <run_address>0x5e994</run_address>
         <size>0x14a</size>
         <input_file_ref idref="fl-13a"/>
      </object_component>
      <object_component id="oc-109">
         <name>.debug_info</name>
         <load_address>0x5eade</load_address>
         <run_address>0x5eade</run_address>
         <size>0x5e</size>
         <input_file_ref idref="fl-13a"/>
      </object_component>
      <object_component id="oc-249">
         <name>.debug_info</name>
         <load_address>0x5eb3c</load_address>
         <run_address>0x5eb3c</run_address>
         <size>0xf7</size>
         <input_file_ref idref="fl-13b"/>
      </object_component>
      <object_component id="oc-1fb">
         <name>.debug_info</name>
         <load_address>0x5ec33</load_address>
         <run_address>0x5ec33</run_address>
         <size>0x154</size>
         <input_file_ref idref="fl-13b"/>
      </object_component>
      <object_component id="oc-b2">
         <name>.debug_info</name>
         <load_address>0x5ed87</load_address>
         <run_address>0x5ed87</run_address>
         <size>0x2a0</size>
         <input_file_ref idref="fl-13c"/>
      </object_component>
      <object_component id="oc-68">
         <name>.debug_info</name>
         <load_address>0x5f027</load_address>
         <run_address>0x5f027</run_address>
         <size>0x15a</size>
         <input_file_ref idref="fl-13c"/>
      </object_component>
      <object_component id="oc-fd">
         <name>.debug_info</name>
         <load_address>0x5f181</load_address>
         <run_address>0x5f181</run_address>
         <size>0x39</size>
         <input_file_ref idref="fl-13c"/>
      </object_component>
      <object_component id="oc-102">
         <name>.debug_info</name>
         <load_address>0x5f1ba</load_address>
         <run_address>0x5f1ba</run_address>
         <size>0xcd</size>
         <input_file_ref idref="fl-13c"/>
      </object_component>
      <object_component id="oc-fa">
         <name>.debug_info</name>
         <load_address>0x5f287</load_address>
         <run_address>0x5f287</run_address>
         <size>0x1c3</size>
         <input_file_ref idref="fl-13d"/>
      </object_component>
      <object_component id="oc-ad">
         <name>.debug_info</name>
         <load_address>0x5f44a</load_address>
         <run_address>0x5f44a</run_address>
         <size>0x17f</size>
         <input_file_ref idref="fl-13d"/>
      </object_component>
      <object_component id="oc-199">
         <name>.debug_info</name>
         <load_address>0x5f5c9</load_address>
         <run_address>0x5f5c9</run_address>
         <size>0x2c</size>
         <input_file_ref idref="fl-13d"/>
      </object_component>
      <object_component id="oc-27c">
         <name>.debug_info</name>
         <load_address>0x5f5f5</load_address>
         <run_address>0x5f5f5</run_address>
         <size>0xd1</size>
         <input_file_ref idref="fl-13e"/>
      </object_component>
      <object_component id="oc-246">
         <name>.debug_info</name>
         <load_address>0x5f6c6</load_address>
         <run_address>0x5f6c6</run_address>
         <size>0xdd</size>
         <input_file_ref idref="fl-13e"/>
      </object_component>
      <object_component id="oc-1d8">
         <name>.debug_info</name>
         <load_address>0x5f7a3</load_address>
         <run_address>0x5f7a3</run_address>
         <size>0x12d</size>
         <input_file_ref idref="fl-13f"/>
      </object_component>
      <object_component id="oc-1b4">
         <name>.debug_info</name>
         <load_address>0x5f8d0</load_address>
         <run_address>0x5f8d0</run_address>
         <size>0x109</size>
         <input_file_ref idref="fl-140"/>
      </object_component>
      <object_component id="oc-1c3">
         <name>.debug_info</name>
         <load_address>0x5f9d9</load_address>
         <run_address>0x5f9d9</run_address>
         <size>0x10b</size>
         <input_file_ref idref="fl-140"/>
      </object_component>
      <object_component id="oc-1bf">
         <name>.debug_info</name>
         <load_address>0x5fae4</load_address>
         <run_address>0x5fae4</run_address>
         <size>0x11b</size>
         <input_file_ref idref="fl-141"/>
      </object_component>
      <object_component id="oc-1b9">
         <name>.debug_info</name>
         <load_address>0x5fbff</load_address>
         <run_address>0x5fbff</run_address>
         <size>0x11b</size>
         <input_file_ref idref="fl-142"/>
      </object_component>
      <object_component id="oc-1ca">
         <name>.debug_info</name>
         <load_address>0x5fd1a</load_address>
         <run_address>0x5fd1a</run_address>
         <size>0x10f</size>
         <input_file_ref idref="fl-143"/>
      </object_component>
      <object_component id="oc-230">
         <name>.debug_info</name>
         <load_address>0x5fe29</load_address>
         <run_address>0x5fe29</run_address>
         <size>0x16f</size>
         <input_file_ref idref="fl-144"/>
      </object_component>
      <object_component id="oc-1de">
         <name>.debug_info</name>
         <load_address>0x5ff98</load_address>
         <run_address>0x5ff98</run_address>
         <size>0x170</size>
         <input_file_ref idref="fl-144"/>
      </object_component>
      <object_component id="oc-1d5">
         <name>.debug_info</name>
         <load_address>0x60108</load_address>
         <run_address>0x60108</run_address>
         <size>0x10d</size>
         <input_file_ref idref="fl-145"/>
      </object_component>
      <object_component id="oc-23e">
         <name>.debug_info</name>
         <load_address>0x60215</load_address>
         <run_address>0x60215</run_address>
         <size>0x171</size>
         <input_file_ref idref="fl-146"/>
      </object_component>
      <object_component id="oc-1e4">
         <name>.debug_info</name>
         <load_address>0x60386</load_address>
         <run_address>0x60386</run_address>
         <size>0x167</size>
         <input_file_ref idref="fl-146"/>
      </object_component>
      <object_component id="oc-226">
         <name>.debug_info</name>
         <load_address>0x604ed</load_address>
         <run_address>0x604ed</run_address>
         <size>0x12f</size>
         <input_file_ref idref="fl-147"/>
      </object_component>
      <object_component id="oc-1ce">
         <name>.debug_info</name>
         <load_address>0x6061c</load_address>
         <run_address>0x6061c</run_address>
         <size>0x1a5</size>
         <input_file_ref idref="fl-147"/>
      </object_component>
      <object_component id="oc-244">
         <name>.debug_info</name>
         <load_address>0x607c1</load_address>
         <run_address>0x607c1</run_address>
         <size>0xd4</size>
         <input_file_ref idref="fl-148"/>
      </object_component>
      <object_component id="oc-1f5">
         <name>.debug_info</name>
         <load_address>0x60895</load_address>
         <run_address>0x60895</run_address>
         <size>0x18e</size>
         <input_file_ref idref="fl-148"/>
      </object_component>
      <object_component id="oc-240">
         <name>.debug_info</name>
         <load_address>0x60a23</load_address>
         <run_address>0x60a23</run_address>
         <size>0xd8</size>
         <input_file_ref idref="fl-149"/>
      </object_component>
      <object_component id="oc-1e9">
         <name>.debug_info</name>
         <load_address>0x60afb</load_address>
         <run_address>0x60afb</run_address>
         <size>0x1f7</size>
         <input_file_ref idref="fl-149"/>
      </object_component>
      <object_component id="oc-21f">
         <name>.debug_info</name>
         <load_address>0x60cf2</load_address>
         <run_address>0x60cf2</run_address>
         <size>0xcd</size>
         <input_file_ref idref="fl-14a"/>
      </object_component>
      <object_component id="oc-1b1">
         <name>.debug_info</name>
         <load_address>0x60dbf</load_address>
         <run_address>0x60dbf</run_address>
         <size>0x1dd</size>
         <input_file_ref idref="fl-14a"/>
      </object_component>
      <object_component id="oc-1ab">
         <name>.debug_info</name>
         <load_address>0x60f9c</load_address>
         <run_address>0x60f9c</run_address>
         <size>0x168</size>
         <input_file_ref idref="fl-14b"/>
      </object_component>
      <object_component id="oc-242">
         <name>.debug_info</name>
         <load_address>0x61104</load_address>
         <run_address>0x61104</run_address>
         <size>0x122</size>
         <input_file_ref idref="fl-14c"/>
      </object_component>
      <object_component id="oc-1ef">
         <name>.debug_info</name>
         <load_address>0x61226</load_address>
         <run_address>0x61226</run_address>
         <size>0x15d</size>
         <input_file_ref idref="fl-14c"/>
      </object_component>
      <object_component id="oc-267">
         <name>.debug_info</name>
         <load_address>0x61383</load_address>
         <run_address>0x61383</run_address>
         <size>0x182</size>
         <input_file_ref idref="fl-14d"/>
      </object_component>
      <object_component id="oc-235">
         <name>.debug_info</name>
         <load_address>0x61505</load_address>
         <run_address>0x61505</run_address>
         <size>0x194</size>
         <input_file_ref idref="fl-14d"/>
      </object_component>
      <object_component id="oc-285">
         <name>.debug_info</name>
         <load_address>0x61699</load_address>
         <run_address>0x61699</run_address>
         <size>0x86</size>
         <input_file_ref idref="fl-14d"/>
      </object_component>
      <object_component id="oc-260">
         <name>.debug_info</name>
         <load_address>0x6171f</load_address>
         <run_address>0x6171f</run_address>
         <size>0x16c</size>
         <input_file_ref idref="fl-14e"/>
      </object_component>
      <object_component id="oc-22c">
         <name>.debug_info</name>
         <load_address>0x6188b</load_address>
         <run_address>0x6188b</run_address>
         <size>0x175</size>
         <input_file_ref idref="fl-14e"/>
      </object_component>
      <object_component id="oc-238">
         <name>.debug_info</name>
         <load_address>0x61a00</load_address>
         <run_address>0x61a00</run_address>
         <size>0x155</size>
         <input_file_ref idref="fl-14f"/>
      </object_component>
      <object_component id="oc-264">
         <name>.debug_info</name>
         <load_address>0x61b55</load_address>
         <run_address>0x61b55</run_address>
         <size>0x1b7</size>
         <input_file_ref idref="fl-150"/>
      </object_component>
      <object_component id="oc-26f">
         <name>.debug_info</name>
         <load_address>0x61d0c</load_address>
         <run_address>0x61d0c</run_address>
         <size>0xd8</size>
         <input_file_ref idref="fl-151"/>
      </object_component>
      <object_component id="oc-2ab">
         <name>.debug_info</name>
         <load_address>0x61de4</load_address>
         <run_address>0x61de4</run_address>
         <size>0x1af</size>
         <input_file_ref idref="fl-152"/>
      </object_component>
      <object_component id="oc-293">
         <name>.debug_info</name>
         <load_address>0x61f93</load_address>
         <run_address>0x61f93</run_address>
         <size>0x110</size>
         <input_file_ref idref="fl-152"/>
      </object_component>
      <object_component id="oc-269">
         <name>.debug_info</name>
         <load_address>0x620a3</load_address>
         <run_address>0x620a3</run_address>
         <size>0x171</size>
         <input_file_ref idref="fl-152"/>
      </object_component>
      <object_component id="oc-2a6">
         <name>.debug_info</name>
         <load_address>0x62214</load_address>
         <run_address>0x62214</run_address>
         <size>0x6f</size>
         <input_file_ref idref="fl-152"/>
      </object_component>
      <object_component id="oc-2a3">
         <name>.debug_info</name>
         <load_address>0x62283</load_address>
         <run_address>0x62283</run_address>
         <size>0xff</size>
         <input_file_ref idref="fl-153"/>
      </object_component>
      <object_component id="oc-28f">
         <name>.debug_info</name>
         <load_address>0x62382</load_address>
         <run_address>0x62382</run_address>
         <size>0x156</size>
         <input_file_ref idref="fl-153"/>
      </object_component>
      <object_component id="oc-2b4">
         <name>.debug_info</name>
         <load_address>0x624d8</load_address>
         <run_address>0x624d8</run_address>
         <size>0x2c</size>
         <input_file_ref idref="fl-153"/>
      </object_component>
      <object_component id="oc-2b1">
         <name>.debug_info</name>
         <load_address>0x62504</load_address>
         <run_address>0x62504</run_address>
         <size>0x11f</size>
         <input_file_ref idref="fl-154"/>
      </object_component>
      <object_component id="oc-2ae">
         <name>.debug_info</name>
         <load_address>0x62623</load_address>
         <run_address>0x62623</run_address>
         <size>0xdd</size>
         <input_file_ref idref="fl-154"/>
      </object_component>
      <object_component id="oc-29d">
         <name>.debug_info</name>
         <load_address>0x62700</load_address>
         <run_address>0x62700</run_address>
         <size>0x16c</size>
         <input_file_ref idref="fl-154"/>
      </object_component>
      <object_component id="oc-280">
         <name>.debug_info</name>
         <load_address>0x6286c</load_address>
         <run_address>0x6286c</run_address>
         <size>0x137</size>
         <input_file_ref idref="fl-155"/>
      </object_component>
      <object_component id="oc-25a">
         <name>.debug_info</name>
         <load_address>0x629a3</load_address>
         <run_address>0x629a3</run_address>
         <size>0x14f</size>
         <input_file_ref idref="fl-155"/>
      </object_component>
      <object_component id="oc-2e8">
         <name>.debug_info</name>
         <load_address>0x62af2</load_address>
         <run_address>0x62af2</run_address>
         <size>0xc1</size>
      </object_component>
      <object_component id="oc-174">
         <name>.debug_line</name>
         <load_address>0x0</load_address>
         <run_address>0x0</run_address>
         <size>0xaa</size>
         <input_file_ref idref="fl-2"/>
      </object_component>
      <object_component id="oc-196">
         <name>.debug_line</name>
         <load_address>0xaa</load_address>
         <run_address>0xaa</run_address>
         <size>0x2f</size>
         <input_file_ref idref="fl-2"/>
      </object_component>
      <object_component id="oc-194">
         <name>.debug_line</name>
         <load_address>0xd9</load_address>
         <run_address>0xd9</run_address>
         <size>0x2f</size>
         <input_file_ref idref="fl-2"/>
      </object_component>
      <object_component id="oc-7b">
         <name>.debug_line</name>
         <load_address>0x108</load_address>
         <run_address>0x108</run_address>
         <size>0xbb</size>
         <input_file_ref idref="fl-2"/>
      </object_component>
      <object_component id="oc-178">
         <name>.debug_line</name>
         <load_address>0x1c3</load_address>
         <run_address>0x1c3</run_address>
         <size>0x55</size>
         <input_file_ref idref="fl-2"/>
      </object_component>
      <object_component id="oc-17d">
         <name>.debug_line</name>
         <load_address>0x218</load_address>
         <run_address>0x218</run_address>
         <size>0x52</size>
         <input_file_ref idref="fl-2"/>
      </object_component>
      <object_component id="oc-182">
         <name>.debug_line</name>
         <load_address>0x26a</load_address>
         <run_address>0x26a</run_address>
         <size>0x5f</size>
         <input_file_ref idref="fl-2"/>
      </object_component>
      <object_component id="oc-13f">
         <name>.debug_line</name>
         <load_address>0x2c9</load_address>
         <run_address>0x2c9</run_address>
         <size>0x33</size>
         <input_file_ref idref="fl-2"/>
      </object_component>
      <object_component id="oc-16e">
         <name>.debug_line</name>
         <load_address>0x2fc</load_address>
         <run_address>0x2fc</run_address>
         <size>0x34</size>
         <input_file_ref idref="fl-2"/>
      </object_component>
      <object_component id="oc-15a">
         <name>.debug_line</name>
         <load_address>0x330</load_address>
         <run_address>0x330</run_address>
         <size>0x35</size>
         <input_file_ref idref="fl-2"/>
      </object_component>
      <object_component id="oc-187">
         <name>.debug_line</name>
         <load_address>0x365</load_address>
         <run_address>0x365</run_address>
         <size>0x5f</size>
         <input_file_ref idref="fl-2"/>
      </object_component>
      <object_component id="oc-eb">
         <name>.debug_line</name>
         <load_address>0x3c4</load_address>
         <run_address>0x3c4</run_address>
         <size>0x20</size>
         <input_file_ref idref="fl-2"/>
      </object_component>
      <object_component id="oc-191">
         <name>.debug_line</name>
         <load_address>0x3e4</load_address>
         <run_address>0x3e4</run_address>
         <size>0x60</size>
         <input_file_ref idref="fl-2"/>
      </object_component>
      <object_component id="oc-147">
         <name>.debug_line</name>
         <load_address>0x444</load_address>
         <run_address>0x444</run_address>
         <size>0x60</size>
         <input_file_ref idref="fl-2"/>
      </object_component>
      <object_component id="oc-18c">
         <name>.debug_line</name>
         <load_address>0x4a4</load_address>
         <run_address>0x4a4</run_address>
         <size>0x60</size>
         <input_file_ref idref="fl-2"/>
      </object_component>
      <object_component id="oc-87">
         <name>.debug_line</name>
         <load_address>0x504</load_address>
         <run_address>0x504</run_address>
         <size>0x49</size>
         <input_file_ref idref="fl-3"/>
      </object_component>
      <object_component id="oc-36">
         <name>.debug_line</name>
         <load_address>0x54d</load_address>
         <run_address>0x54d</run_address>
         <size>0x3b</size>
         <input_file_ref idref="fl-3"/>
      </object_component>
      <object_component id="oc-32">
         <name>.debug_line</name>
         <load_address>0x588</load_address>
         <run_address>0x588</run_address>
         <size>0xbd</size>
         <input_file_ref idref="fl-3"/>
      </object_component>
      <object_component id="oc-8b">
         <name>.debug_line</name>
         <load_address>0x645</load_address>
         <run_address>0x645</run_address>
         <size>0x55</size>
         <input_file_ref idref="fl-3"/>
      </object_component>
      <object_component id="oc-95">
         <name>.debug_line</name>
         <load_address>0x69a</load_address>
         <run_address>0x69a</run_address>
         <size>0x20</size>
         <input_file_ref idref="fl-3"/>
      </object_component>
      <object_component id="oc-90">
         <name>.debug_line</name>
         <load_address>0x6ba</load_address>
         <run_address>0x6ba</run_address>
         <size>0x60</size>
         <input_file_ref idref="fl-3"/>
      </object_component>
      <object_component id="oc-214">
         <name>.debug_line</name>
         <load_address>0x71a</load_address>
         <run_address>0x71a</run_address>
         <size>0x20</size>
         <input_file_ref idref="fl-4"/>
      </object_component>
      <object_component id="oc-cd">
         <name>.debug_line</name>
         <load_address>0x73a</load_address>
         <run_address>0x73a</run_address>
         <size>0x90</size>
         <input_file_ref idref="fl-4"/>
      </object_component>
      <object_component id="oc-1a7">
         <name>.debug_line</name>
         <load_address>0x7ca</load_address>
         <run_address>0x7ca</run_address>
         <size>0x33</size>
         <input_file_ref idref="fl-5"/>
      </object_component>
      <object_component id="oc-1a5">
         <name>.debug_line</name>
         <load_address>0x7fd</load_address>
         <run_address>0x7fd</run_address>
         <size>0x35</size>
         <input_file_ref idref="fl-5"/>
      </object_component>
      <object_component id="oc-135">
         <name>.debug_line</name>
         <load_address>0x832</load_address>
         <run_address>0x832</run_address>
         <size>0x48</size>
         <input_file_ref idref="fl-5"/>
      </object_component>
      <object_component id="oc-127">
         <name>.debug_line</name>
         <load_address>0x87a</load_address>
         <run_address>0x87a</run_address>
         <size>0x48</size>
         <input_file_ref idref="fl-5"/>
      </object_component>
      <object_component id="oc-12e">
         <name>.debug_line</name>
         <load_address>0x8c2</load_address>
         <run_address>0x8c2</run_address>
         <size>0x48</size>
         <input_file_ref idref="fl-5"/>
      </object_component>
      <object_component id="oc-120">
         <name>.debug_line</name>
         <load_address>0x90a</load_address>
         <run_address>0x90a</run_address>
         <size>0x48</size>
         <input_file_ref idref="fl-5"/>
      </object_component>
      <object_component id="oc-c4">
         <name>.debug_line</name>
         <load_address>0x952</load_address>
         <run_address>0x952</run_address>
         <size>0x337</size>
         <input_file_ref idref="fl-5"/>
      </object_component>
      <object_component id="oc-21c">
         <name>.debug_line</name>
         <load_address>0xc89</load_address>
         <run_address>0xc89</run_address>
         <size>0xb3</size>
         <input_file_ref idref="fl-6"/>
      </object_component>
      <object_component id="oc-d3">
         <name>.debug_line</name>
         <load_address>0xd3c</load_address>
         <run_address>0xd3c</run_address>
         <size>0x226b</size>
         <input_file_ref idref="fl-6"/>
      </object_component>
      <object_component id="oc-26">
         <name>.debug_line</name>
         <load_address>0x2fa7</load_address>
         <run_address>0x2fa7</run_address>
         <size>0x52</size>
         <input_file_ref idref="fl-12c"/>
      </object_component>
      <object_component id="oc-9e">
         <name>.debug_line</name>
         <load_address>0x2ff9</load_address>
         <run_address>0x2ff9</run_address>
         <size>0x72</size>
         <input_file_ref idref="fl-12d"/>
      </object_component>
      <object_component id="oc-15">
         <name>.debug_line</name>
         <load_address>0x306b</load_address>
         <run_address>0x306b</run_address>
         <size>0x55</size>
         <input_file_ref idref="fl-12d"/>
      </object_component>
      <object_component id="oc-42">
         <name>.debug_line</name>
         <load_address>0x30c0</load_address>
         <run_address>0x30c0</run_address>
         <size>0x3a</size>
         <input_file_ref idref="fl-12d"/>
      </object_component>
      <object_component id="oc-9b">
         <name>.debug_line</name>
         <load_address>0x30fa</load_address>
         <run_address>0x30fa</run_address>
         <size>0x72</size>
         <input_file_ref idref="fl-12d"/>
      </object_component>
      <object_component id="oc-a1">
         <name>.debug_line</name>
         <load_address>0x316c</load_address>
         <run_address>0x316c</run_address>
         <size>0x72</size>
         <input_file_ref idref="fl-12e"/>
      </object_component>
      <object_component id="oc-46">
         <name>.debug_line</name>
         <load_address>0x31de</load_address>
         <run_address>0x31de</run_address>
         <size>0x98</size>
         <input_file_ref idref="fl-12e"/>
      </object_component>
      <object_component id="oc-1c">
         <name>.debug_line</name>
         <load_address>0x3276</load_address>
         <run_address>0x3276</run_address>
         <size>0x4b</size>
         <input_file_ref idref="fl-12e"/>
      </object_component>
      <object_component id="oc-50">
         <name>.debug_line</name>
         <load_address>0x32c1</load_address>
         <run_address>0x32c1</run_address>
         <size>0x39</size>
         <input_file_ref idref="fl-12e"/>
      </object_component>
      <object_component id="oc-a5">
         <name>.debug_line</name>
         <load_address>0x32fa</load_address>
         <run_address>0x32fa</run_address>
         <size>0x72</size>
         <input_file_ref idref="fl-12e"/>
      </object_component>
      <object_component id="oc-a9">
         <name>.debug_line</name>
         <load_address>0x336c</load_address>
         <run_address>0x336c</run_address>
         <size>0x72</size>
         <input_file_ref idref="fl-12f"/>
      </object_component>
      <object_component id="oc-24">
         <name>.debug_line</name>
         <load_address>0x33de</load_address>
         <run_address>0x33de</run_address>
         <size>0x4f</size>
         <input_file_ref idref="fl-12f"/>
      </object_component>
      <object_component id="oc-5b">
         <name>.debug_line</name>
         <load_address>0x342d</load_address>
         <run_address>0x342d</run_address>
         <size>0x34</size>
         <input_file_ref idref="fl-12f"/>
      </object_component>
      <object_component id="oc-11b">
         <name>.debug_line</name>
         <load_address>0x3461</load_address>
         <run_address>0x3461</run_address>
         <size>0x71</size>
         <input_file_ref idref="fl-130"/>
      </object_component>
      <object_component id="oc-119">
         <name>.debug_line</name>
         <load_address>0x34d2</load_address>
         <run_address>0x34d2</run_address>
         <size>0x2a</size>
         <input_file_ref idref="fl-130"/>
      </object_component>
      <object_component id="oc-74">
         <name>.debug_line</name>
         <load_address>0x34fc</load_address>
         <run_address>0x34fc</run_address>
         <size>0x7a</size>
         <input_file_ref idref="fl-130"/>
      </object_component>
      <object_component id="oc-254">
         <name>.debug_line</name>
         <load_address>0x3576</load_address>
         <run_address>0x3576</run_address>
         <size>0x20</size>
         <input_file_ref idref="fl-131"/>
      </object_component>
      <object_component id="oc-169">
         <name>.debug_line</name>
         <load_address>0x3596</load_address>
         <run_address>0x3596</run_address>
         <size>0x92</size>
         <input_file_ref idref="fl-131"/>
      </object_component>
      <object_component id="oc-3d">
         <name>.debug_line</name>
         <load_address>0x3628</load_address>
         <run_address>0x3628</run_address>
         <size>0x88</size>
         <input_file_ref idref="fl-132"/>
      </object_component>
      <object_component id="oc-ee">
         <name>.debug_line</name>
         <load_address>0x36b0</load_address>
         <run_address>0x36b0</run_address>
         <size>0xcf</size>
         <input_file_ref idref="fl-133"/>
      </object_component>
      <object_component id="oc-81">
         <name>.debug_line</name>
         <load_address>0x377f</load_address>
         <run_address>0x377f</run_address>
         <size>0x2c</size>
         <input_file_ref idref="fl-133"/>
      </object_component>
      <object_component id="oc-252">
         <name>.debug_line</name>
         <load_address>0x37ab</load_address>
         <run_address>0x37ab</run_address>
         <size>0x2c</size>
         <input_file_ref idref="fl-133"/>
      </object_component>
      <object_component id="oc-163">
         <name>.debug_line</name>
         <load_address>0x37d7</load_address>
         <run_address>0x37d7</run_address>
         <size>0x314</size>
         <input_file_ref idref="fl-133"/>
      </object_component>
      <object_component id="oc-f2">
         <name>.debug_line</name>
         <load_address>0x3aeb</load_address>
         <run_address>0x3aeb</run_address>
         <size>0x72</size>
         <input_file_ref idref="fl-133"/>
      </object_component>
      <object_component id="oc-f7">
         <name>.debug_line</name>
         <load_address>0x3b5d</load_address>
         <run_address>0x3b5d</run_address>
         <size>0x2c</size>
         <input_file_ref idref="fl-133"/>
      </object_component>
      <object_component id="oc-56">
         <name>.debug_line</name>
         <load_address>0x3b89</load_address>
         <run_address>0x3b89</run_address>
         <size>0x79</size>
         <input_file_ref idref="fl-134"/>
      </object_component>
      <object_component id="oc-63">
         <name>.debug_line</name>
         <load_address>0x3c02</load_address>
         <run_address>0x3c02</run_address>
         <size>0x40</size>
         <input_file_ref idref="fl-135"/>
      </object_component>
      <object_component id="oc-212">
         <name>.debug_line</name>
         <load_address>0x3c42</load_address>
         <run_address>0x3c42</run_address>
         <size>0x7f</size>
         <input_file_ref idref="fl-136"/>
      </object_component>
      <object_component id="oc-ca">
         <name>.debug_line</name>
         <load_address>0x3cc1</load_address>
         <run_address>0x3cc1</run_address>
         <size>0x83</size>
         <input_file_ref idref="fl-136"/>
      </object_component>
      <object_component id="oc-20a">
         <name>.debug_line</name>
         <load_address>0x3d44</load_address>
         <run_address>0x3d44</run_address>
         <size>0x71</size>
         <input_file_ref idref="fl-136"/>
      </object_component>
      <object_component id="oc-154">
         <name>.debug_line</name>
         <load_address>0x3db5</load_address>
         <run_address>0x3db5</run_address>
         <size>0x72</size>
         <input_file_ref idref="fl-136"/>
      </object_component>
      <object_component id="oc-bf">
[...]
         <value>0x8b9</value>
         <object_component_ref idref="oc-d2"/>
      </symbol>
      <symbol id="sm-431">
         <name>_ZN7MPU605015getIntDMPStatusEv</name>
         <value>0x23bf</value>
         <object_component_ref idref="oc-d2"/>
      </symbol>
      <symbol id="sm-432">
         <name>_ZN7MPU605021getYPosMotionDetectedEv</name>
         <value>0x182f</value>
         <object_component_ref idref="oc-d2"/>
      </symbol>
      <symbol id="sm-433">
         <name>_ZN7MPU605013setMemoryBankEhbb</name>
         <value>0x2439</value>
         <object_component_ref idref="oc-d2"/>
      </symbol>
      <symbol id="sm-434">
         <name>_ZN7MPU605021getXPosMotionDetectedEv</name>
         <value>0x17e3</value>
         <object_component_ref idref="oc-d2"/>
      </symbol>
      <symbol id="sm-435">
         <name>_ZN7MPU605017getSlave4RegisterEv</name>
         <value>0xc11</value>
         <object_component_ref idref="oc-d2"/>
      </symbol>
      <symbol id="sm-436">
         <name>_ZN7MPU605021getYNegMotionDetectedEv</name>
         <value>0x1809</value>
         <object_component_ref idref="oc-d2"/>
      </symbol>
      <symbol id="sm-437">
         <name>_ZN7MPU605017setSlave4RegisterEh</name>
         <value>0xc2d</value>
         <object_component_ref idref="oc-d2"/>
      </symbol>
      <symbol id="sm-438">
         <name>_ZN7MPU605021getZPosMotionDetectedEv</name>
         <value>0x187b</value>
         <object_component_ref idref="oc-d2"/>
      </symbol>
      <symbol id="sm-439">
         <name>_ZN7MPU605021getXNegMotionDetectedEv</name>
         <value>0x17bd</value>
         <object_component_ref idref="oc-d2"/>
      </symbol>
      <symbol id="sm-43a">
         <name>_ZN7MPU605011getDHPFModeEv</name>
         <value>0x413</value>
         <object_component_ref idref="oc-d2"/>
      </symbol>
      <symbol id="sm-43b">
         <name>_ZN7MPU605011getDeviceIDEv</name>
         <value>0x1ed3</value>
         <object_component_ref idref="oc-d2"/>
      </symbol>
      <symbol id="sm-43c">
         <name>_ZN7MPU605021getZNegMotionDetectedEv</name>
         <value>0x1855</value>
         <object_component_ref idref="oc-d2"/>
      </symbol>
      <symbol id="sm-43d">
         <name>_ZN7MPU605019setYGyroFIFOEnabledEb</name>
         <value>0x637</value>
         <object_component_ref idref="oc-d2"/>
      </symbol>
      <symbol id="sm-43e">
         <name>_ZN7MPU605011setFIFOByteEh</name>
         <value>0x1e93</value>
         <object_component_ref idref="oc-d2"/>
      </symbol>
      <symbol id="sm-43f">
         <name>_ZN7MPU605015setXAccelOffsetEs</name>
         <value>0x20cd</value>
         <object_component_ref idref="oc-d2"/>
      </symbol>
      <symbol id="sm-440">
         <name>_ZN7MPU605021getClockOutputEnabledEv</name>
         <value>0x1075</value>
         <object_component_ref idref="oc-d2"/>
      </symbol>
      <symbol id="sm-441">
         <name>_ZN7MPU605016writeMemoryBlockEPKhthhbb</name>
         <value>0x25bd</value>
         <object_component_ref idref="oc-d2"/>
      </symbol>
      <symbol id="sm-442">
         <name>_ZN7MPU605015getXAccelOffsetEv</name>
         <value>0x20a3</value>
         <object_component_ref idref="oc-d2"/>
      </symbol>
      <symbol id="sm-443">
         <name>_ZN7MPU605012getFIFOBytesEPhh</name>
         <value>0x1eab</value>
         <object_component_ref idref="oc-d2"/>
      </symbol>
      <symbol id="sm-444">
         <name>_ZN7MPU605018setSlaveDataLengthEhh</name>
         <value>0xba9</value>
         <object_component_ref idref="oc-d2"/>
      </symbol>
      <symbol id="sm-445">
         <name>_ZN7MPU605016getWakeFrequencyEv</name>
         <value>0x1c87</value>
         <object_component_ref idref="oc-d2"/>
      </symbol>
      <symbol id="sm-446">
         <name>_ZN7MPU605028getFreefallDetectionDurationEv</name>
         <value>0x48d</value>
         <object_component_ref idref="oc-d2"/>
      </symbol>
      <symbol id="sm-447">
         <name>_ZN7MPU605014setYGyroOffsetEa</name>
         <value>0x1f9b</value>
         <object_component_ref idref="oc-d2"/>
      </symbol>
      <symbol id="sm-448">
         <name>_ZN7MPU605026getMotionDetectionDurationEv</name>
         <value>0x4f5</value>
         <object_component_ref idref="oc-d2"/>
      </symbol>
      <symbol id="sm-449">
         <name>_ZN7MPU605016getDMPInt1StatusEv</name>
         <value>0x234d</value>
         <object_component_ref idref="oc-d2"/>
      </symbol>
      <symbol id="sm-44a">
         <name>_ZN7MPU605017getSlaveWriteModeEh</name>
         <value>0xa85</value>
         <object_component_ref idref="oc-d2"/>
      </symbol>
      <symbol id="sm-44b">
         <name>_ZN7MPU605034getSlaveReadWriteTransitionEnabledEv</name>
         <value>0x855</value>
         <object_component_ref idref="oc-d2"/>
      </symbol>
      <symbol id="sm-44c">
         <name>_ZN7MPU605020getSlaveDelayEnabledEh</name>
         <value>0x1931</value>
         <object_component_ref idref="oc-d2"/>
      </symbol>
      <symbol id="sm-44d">
         <name>_ZN7MPU605013getSlave3NackEv</name>
         <value>0xe19</value>
         <object_component_ref idref="oc-d2"/>
      </symbol>
      <symbol id="sm-44e">
         <name>_ZN7MPU605024setFSyncInterruptEnabledEb</name>
         <value>0x101b</value>
         <object_component_ref idref="oc-d2"/>
      </symbol>
      <symbol id="sm-44f">
         <name>_ZN7MPU605019getAccelFIFOEnabledEv</name>
         <value>0x691</value>
         <object_component_ref idref="oc-d2"/>
      </symbol>
      <symbol id="sm-450">
         <name>_ZN7MPU605024getFSyncInterruptEnabledEv</name>
         <value>0xff5</value>
         <object_component_ref idref="oc-d2"/>
      </symbol>
      <symbol id="sm-451">
         <name>_ZN7MPU605014getYGyroOffsetEv</name>
         <value>0x1f75</value>
         <object_component_ref idref="oc-d2"/>
      </symbol>
      <symbol id="sm-452">
         <name>_ZN7MPU605010getMotion9EPsS0_S0_S0_S0_S0_S0_S0_S0_</name>
         <value>0x136d</value>
         <object_component_ref idref="oc-d2"/>
      </symbol>
      <symbol id="sm-453">
         <name>_ZN7MPU605013setDMPConfig1Eh</name>
         <value>0x2875</value>
         <object_component_ref idref="oc-d2"/>
      </symbol>
      <symbol id="sm-454">
         <name>_ZN7MPU605019getXGyroFIFOEnabledEv</name>
         <value>0x5d1</value>
         <object_component_ref idref="oc-d2"/>
      </symbol>
      <symbol id="sm-455">
         <name>_ZN7MPU605022getIntI2CMasterEnabledEv</name>
         <value>0x11e9</value>
         <object_component_ref idref="oc-d2"/>
      </symbol>
      <symbol id="sm-456">
         <name>_ZN7MPU605013getDMPConfig1Ev</name>
         <value>0x2859</value>
         <object_component_ref idref="oc-d2"/>
      </symbol>
      <symbol id="sm-457">
         <name>_ZN7MPU605022setIntI2CMasterEnabledEb</name>
         <value>0x120f</value>
         <object_component_ref idref="oc-d2"/>
      </symbol>
      <symbol id="sm-458">
         <name>_ZN7MPU605020setTempSensorEnabledEb</name>
         <value>0x1c1f</value>
         <object_component_ref idref="oc-d2"/>
      </symbol>
      <symbol id="sm-459">
         <name>_ZN7MPU605014resetI2CMasterEv</name>
         <value>0x1b3d</value>
         <object_component_ref idref="oc-d2"/>
      </symbol>
      <symbol id="sm-45a">
         <name>_ZN7MPU605012getRotationXEv</name>
         <value>0x160b</value>
         <object_component_ref idref="oc-d2"/>
      </symbol>
      <symbol id="sm-46c">
         <name>_c_int00</name>
         <value>0x53b5</value>
         <object_component_ref idref="oc-25"/>
      </symbol>
      <symbol id="sm-46d">
         <name>__stack</name>
         <value>0x2000fe00</value>
         <object_component_ref idref="oc-2b"/>
      </symbol>
      <symbol id="sm-484">
         <name>__TI_decompress_none</name>
         <value>0x5761</value>
         <object_component_ref idref="oc-13"/>
      </symbol>
      <symbol id="sm-4ac">
         <name>__TI_decompress_rle24</name>
         <value>0x5789</value>
         <object_component_ref idref="oc-19"/>
      </symbol>
      <symbol id="sm-4be">
         <name>__TI_zero_init</name>
         <value>0x577d</value>
         <object_component_ref idref="oc-1f"/>
      </symbol>
      <symbol id="sm-4dd">
         <name>C$$EXIT</name>
         <value>0x54e5</value>
         <object_component_ref idref="oc-70"/>
      </symbol>
      <symbol id="sm-4de">
         <name>abort</name>
         <value>0x54e9</value>
         <object_component_ref idref="oc-70"/>
      </symbol>
      <symbol id="sm-4df">
         <name>exit</name>
         <value>0x54f1</value>
         <object_component_ref idref="oc-70"/>
      </symbol>
      <symbol id="sm-4e0">
         <name>__TI_dtors_ptr</name>
         <value>0x20000548</value>
         <object_component_ref idref="oc-b8"/>
      </symbol>
      <symbol id="sm-4e1">
         <name>__TI_cleanup_ptr</name>
         <value>0x20000544</value>
         <object_component_ref idref="oc-b8"/>
      </symbol>
      <symbol id="sm-4f1">
         <name>memcmp</name>
         <value>0x5683</value>
         <object_component_ref idref="oc-164"/>
      </symbol>
      <symbol id="sm-50c">
         <name>memcpy</name>
         <value>0x4ee1</value>
         <object_component_ref idref="oc-39"/>
      </symbol>
      <symbol id="sm-50d">
         <name>__aeabi_memcpy</name>
         <value>0x4ee1</value>
         <object_component_ref idref="oc-39"/>
      </symbol>
      <symbol id="sm-50e">
         <name>__aeabi_memcpy8</name>
         <value>0x4ee1</value>
         <object_component_ref idref="oc-39"/>
      </symbol>
      <symbol id="sm-50f">
         <name>__aeabi_memcpy4</name>
         <value>0x4ee1</value>
         <object_component_ref idref="oc-39"/>
      </symbol>
      <symbol id="sm-586">
         <name>_sys_memory</name>
         <value>0x20000000</value>
         <object_component_ref idref="oc-2c"/>
      </symbol>
      <symbol id="sm-587">
         <name>free</name>
         <value>0x418f</value>
         <object_component_ref idref="oc-15e"/>
      </symbol>
      <symbol id="sm-588">
         <name>realloc</name>
         <value>0x4251</value>
         <object_component_ref idref="oc-15e"/>
      </symbol>
      <symbol id="sm-589">
         <name>memalign</name>
         <value>0x435d</value>
         <object_component_ref idref="oc-15e"/>
      </symbol>
      <symbol id="sm-58a">
         <name>calloc</name>
         <value>0x4441</value>
         <object_component_ref idref="oc-15e"/>
      </symbol>
      <symbol id="sm-58b">
         <name>malloc</name>
         <value>0x4127</value>
         <object_component_ref idref="oc-15e"/>
      </symbol>
      <symbol id="sm-58c">
         <name>minit</name>
         <value>0x4099</value>
         <object_component_ref idref="oc-15e"/>
      </symbol>
      <symbol id="sm-59b">
         <name>__aeabi_memset</name>
         <value>0x508b</value>
         <object_component_ref idref="oc-52"/>
      </symbol>
      <symbol id="sm-59c">
         <name>memset</name>
         <value>0x5091</value>
         <object_component_ref idref="oc-52"/>
      </symbol>
      <symbol id="sm-59d">
         <name>__aeabi_memset8</name>
         <value>0x508b</value>
         <object_component_ref idref="oc-52"/>
      </symbol>
      <symbol id="sm-59e">
         <name>__aeabi_memset4</name>
         <value>0x508b</value>
         <object_component_ref idref="oc-52"/>
      </symbol>
      <symbol id="sm-59f">
         <name>__aeabi_memclr8</name>
         <value>0x5089</value>
         <object_component_ref idref="oc-52"/>
      </symbol>
      <symbol id="sm-5a0">
         <name>__aeabi_memclr4</name>
         <value>0x5089</value>
         <object_component_ref idref="oc-52"/>
      </symbol>
      <symbol id="sm-5a1">
         <name>__aeabi_memclr</name>
         <value>0x5089</value>
         <object_component_ref idref="oc-52"/>
      </symbol>
      <symbol id="sm-5ab">
         <name>_system_pre_init</name>
         <value>0x578f</value>
         <object_component_ref idref="oc-5e"/>
      </symbol>
      <symbol id="sm-5c9">
         <name>sprintf</name>
         <value>0x52ad</value>
         <object_component_ref idref="oc-c6"/>
      </symbol>
      <symbol id="sm-5d1">
         <name>main_func_sp</name>
         <value>0x20000558</value>
         <object_component_ref idref="oc-76"/>
      </symbol>
      <symbol id="sm-5ea">
         <name>_nop</name>
         <value>0x5747</value>
         <object_component_ref idref="oc-10e"/>
      </symbol>
      <symbol id="sm-5eb">
         <name>_lock</name>
         <value>0x2000053c</value>
         <object_component_ref idref="oc-b5"/>
      </symbol>
      <symbol id="sm-5ec">
         <name>_unlock</name>
         <value>0x20000540</value>
         <object_component_ref idref="oc-b5"/>
      </symbol>
      <symbol id="sm-5ed">
         <name>_register_lock</name>
         <value>0x573f</value>
         <object_component_ref idref="oc-10e"/>
      </symbol>
      <symbol id="sm-5ee">
         <name>_register_unlock</name>
         <value>0x5739</value>
         <object_component_ref idref="oc-10e"/>
      </symbol>
      <symbol id="sm-6f3">
         <name>__TI_printfi</name>
         <value>0x3679</value>
         <object_component_ref idref="oc-149"/>
      </symbol>
      <symbol id="sm-708">
         <name>_args_main</name>
         <value>0x5709</value>
         <object_component_ref idref="oc-6a"/>
      </symbol>
      <symbol id="sm-71e">
         <name>atoi</name>
         <value>0x5405</value>
         <object_component_ref idref="oc-1fa"/>
      </symbol>
      <symbol id="sm-744">
         <name>__TI_auto_init</name>
         <value>0x5105</value>
         <object_component_ref idref="oc-64"/>
      </symbol>
      <symbol id="sm-75e">
         <name>copy_in</name>
         <value>0x5451</value>
         <object_component_ref idref="oc-ab"/>
      </symbol>
      <symbol id="sm-769">
         <name>_ctypes_</name>
         <value>0x5792</value>
         <object_component_ref idref="oc-245"/>
      </symbol>
      <symbol id="sm-78d">
         <name>__aeabi_dsub</name>
         <value>0x487d</value>
         <object_component_ref idref="oc-1d7"/>
      </symbol>
      <symbol id="sm-78e">
         <name>__aeabi_dadd</name>
         <value>0x4887</value>
         <object_component_ref idref="oc-1d7"/>
      </symbol>
      <symbol id="sm-7b5">
         <name>__aeabi_cdcmpeq</name>
         <value>0x4f7d</value>
         <object_component_ref idref="oc-1b3"/>
      </symbol>
      <symbol id="sm-7b6">
         <name>__aeabi_cdcmple</name>
         <value>0x4f7d</value>
         <object_component_ref idref="oc-1b3"/>
      </symbol>
      <symbol id="sm-7b7">
         <name>__aeabi_cdrcmple</name>
         <value>0x5003</value>
         <object_component_ref idref="oc-1c2"/>
      </symbol>
      <symbol id="sm-7d7">
         <name>__aeabi_ddiv</name>
         <value>0x4a33</value>
         <object_component_ref idref="oc-1bd"/>
      </symbol>
      <symbol id="sm-7ee">
         <name>__aeabi_dmul</name>
         <value>0x4c79</value>
         <object_component_ref idref="oc-1b8"/>
      </symbol>
      <symbol id="sm-7fc">
         <name>__aeabi_d2iz</name>
         <value>0x549d</value>
         <object_component_ref idref="oc-1c7"/>
      </symbol>
      <symbol id="sm-809">
         <name>frexp</name>
         <value>0x5659</value>
         <object_component_ref idref="oc-1dc"/>
      </symbol>
      <symbol id="sm-815">
         <name>__aeabi_i2d</name>
         <value>0x55fd</value>
         <object_component_ref idref="oc-1d2"/>
      </symbol>
      <symbol id="sm-826">
         <name>ldexp</name>
         <value>0x5363</value>
         <object_component_ref idref="oc-1e2"/>
      </symbol>
      <symbol id="sm-835">
         <name>ltoa</name>
         <value>0x530d</value>
         <object_component_ref idref="oc-1cc"/>
      </symbol>
      <symbol id="sm-845">
         <name>memccpy</name>
         <value>0x56a5</value>
         <object_component_ref idref="oc-1f4"/>
      </symbol>
      <symbol id="sm-855">
         <name>strchr</name>
         <value>0x5721</value>
         <object_component_ref idref="oc-1e8"/>
      </symbol>
      <symbol id="sm-863">
         <name>strlen</name>
         <value>0x574d</value>
         <object_component_ref idref="oc-1ad"/>
      </symbol>
      <symbol id="sm-88d">
         <name>__aeabi_uldivmod</name>
         <value>0x4689</value>
         <object_component_ref idref="oc-1a8"/>
      </symbol>
      <symbol id="sm-89b">
         <name>_Dclass</name>
         <value>0x559d</value>
         <object_component_ref idref="oc-1ee"/>
      </symbol>
      <symbol id="sm-8bc">
         <name>_Dscale</name>
         <value>0x4b69</value>
         <object_component_ref idref="oc-231"/>
      </symbol>
      <symbol id="sm-8d0">
         <name>_Dunscale</name>
         <value>0x5245</value>
         <object_component_ref idref="oc-229"/>
      </symbol>
      <symbol id="sm-8df">
         <name>_Feraise</name>
         <value>0x55cd</value>
         <object_component_ref idref="oc-237"/>
      </symbol>
      <symbol id="sm-8ef">
         <name>_Rteps</name>
         <value>0x20000510</value>
         <object_component_ref idref="oc-263"/>
      </symbol>
      <symbol id="sm-8f0">
         <name>_Zero</name>
         <value>0x20000528</value>
         <object_component_ref idref="oc-263"/>
      </symbol>
      <symbol id="sm-8f1">
         <name>_Hugeval</name>
         <value>0x200004d0</value>
         <object_component_ref idref="oc-263"/>
      </symbol>
      <symbol id="sm-8f2">
         <name>_Snan</name>
         <value>0x20000500</value>
         <object_component_ref idref="oc-263"/>
      </symbol>
      <symbol id="sm-8f3">
         <name>_Nan</name>
         <value>0x200004f0</value>
         <object_component_ref idref="oc-263"/>
      </symbol>
      <symbol id="sm-8f4">
         <name>_Inf</name>
         <value>0x200004e0</value>
         <object_component_ref idref="oc-263"/>
      </symbol>
      <symbol id="sm-8f5">
         <name>_Xbig</name>
         <value>0x20000520</value>
         <object_component_ref idref="oc-263"/>
      </symbol>
      <symbol id="sm-8f6">
         <name>_Eps</name>
         <value>0x200004c0</value>
         <object_component_ref idref="oc-263"/>
      </symbol>
      <symbol id="sm-8f7">
         <name>_Denorm</name>
         <value>0x200004b0</value>
         <object_component_ref idref="oc-263"/>
      </symbol>
      <symbol id="sm-8ff">
         <name>_Errno</name>
         <value>0x20000554</value>
         <object_component_ref idref="oc-26e"/>
      </symbol>
      <symbol id="sm-91d">
         <name>feraiseexcept</name>
         <value>0x5569</value>
         <object_component_ref idref="oc-268"/>
      </symbol>
      <symbol id="sm-91e">
         <name>_Tls_setup__Fenv</name>
         <value>0x20000550</value>
         <object_component_ref idref="oc-292"/>
      </symbol>
      <symbol id="sm-91f">
         <name>_Fenv</name>
         <value>0x2000054c</value>
         <object_component_ref idref="oc-292"/>
      </symbol>
      <symbol id="sm-933">
         <name>raise</name>
         <value>0x562b</value>
         <object_component_ref idref="oc-28c"/>
      </symbol>
      <symbol id="sm-94d">
         <name>signal</name>
         <value>0x5529</value>
         <object_component_ref idref="oc-29c"/>
      </symbol>
      <symbol id="sm-962">
         <name>_Dnorm</name>
         <value>0x4d75</value>
         <object_component_ref idref="oc-259"/>
      </symbol>
      <symbol id="sm-963">
         <name>__TI_static_base__</name>
         <value>0x0</value>
      </symbol>
   </symbol_table>
   <title>Link successful</title>
</link_info>
